
Merging program properties


As-needed library included to satisfy reference by file (symbol)

libc.so.6                     build/obj/vl53l8cx_platform.o (perror@@GLIBC_2.2.5)
libwiringPi.so                build/obj/test-lidar.o (pinMode)

Discarded input sections

 .note.GNU-stack
                0x0000000000000000        0x0 /usr/lib/gcc/x86_64-linux-gnu/13/../../../x86_64-linux-gnu/Scrt1.o
 .note.gnu.property
                0x0000000000000000       0x20 /usr/lib/gcc/x86_64-linux-gnu/13/../../../x86_64-linux-gnu/crti.o
 .note.GNU-stack
                0x0000000000000000        0x0 /usr/lib/gcc/x86_64-linux-gnu/13/../../../x86_64-linux-gnu/crti.o
 .note.GNU-stack
                0x0000000000000000        0x0 /usr/lib/gcc/x86_64-linux-gnu/13/crtbeginS.o
 .note.gnu.property
                0x0000000000000000       0x20 /usr/lib/gcc/x86_64-linux-gnu/13/crtbeginS.o
 .note.GNU-stack
                0x0000000000000000        0x0 build/obj/test-lidar.o
 .note.gnu.property
                0x0000000000000000       0x20 build/obj/test-lidar.o
 .note.GNU-stack
                0x0000000000000000        0x0 build/obj/vl53l8cx_api.o
 .note.gnu.property
                0x0000000000000000       0x20 build/obj/vl53l8cx_api.o
 .note.GNU-stack
                0x0000000000000000        0x0 build/obj/vl53l8cx.o
 .note.gnu.property
                0x0000000000000000       0x20 build/obj/vl53l8cx.o
 .note.GNU-stack
                0x0000000000000000        0x0 build/obj/vl53l8cx_platform.o
 .note.gnu.property
                0x0000000000000000       0x20 build/obj/vl53l8cx_platform.o
 .note.GNU-stack
                0x0000000000000000        0x0 build/obj/vl53l8cx_plugin_detection_thresholds.o
 .note.gnu.property
                0x0000000000000000       0x20 build/obj/vl53l8cx_plugin_detection_thresholds.o
 .note.GNU-stack
                0x0000000000000000        0x0 build/obj/vl53l8cx_plugin_motion_indicator.o
 .note.gnu.property
                0x0000000000000000       0x20 build/obj/vl53l8cx_plugin_motion_indicator.o
 .note.GNU-stack
                0x0000000000000000        0x0 build/obj/vl53l8cx_plugin_xtalk.o
 .note.gnu.property
                0x0000000000000000       0x20 build/obj/vl53l8cx_plugin_xtalk.o
 .note.GNU-stack
                0x0000000000000000        0x0 /usr/lib/gcc/x86_64-linux-gnu/13/crtendS.o
 .note.gnu.property
                0x0000000000000000       0x20 /usr/lib/gcc/x86_64-linux-gnu/13/crtendS.o
 .note.gnu.property
                0x0000000000000000       0x20 /usr/lib/gcc/x86_64-linux-gnu/13/../../../x86_64-linux-gnu/crtn.o
 .note.GNU-stack
                0x0000000000000000        0x0 /usr/lib/gcc/x86_64-linux-gnu/13/../../../x86_64-linux-gnu/crtn.o

Speicherkonfiguration

Name             Ursprung           Länge             Attribute
*default*        0x0000000000000000 0xffffffffffffffff

Linker script and memory map

LOAD /usr/lib/gcc/x86_64-linux-gnu/13/../../../x86_64-linux-gnu/Scrt1.o
LOAD /usr/lib/gcc/x86_64-linux-gnu/13/../../../x86_64-linux-gnu/crti.o
LOAD /usr/lib/gcc/x86_64-linux-gnu/13/crtbeginS.o
LOAD build/obj/test-lidar.o
LOAD build/obj/vl53l8cx_api.o
LOAD build/obj/vl53l8cx.o
LOAD build/obj/vl53l8cx_platform.o
LOAD build/obj/vl53l8cx_plugin_detection_thresholds.o
LOAD build/obj/vl53l8cx_plugin_motion_indicator.o
LOAD build/obj/vl53l8cx_plugin_xtalk.o
LOAD /usr/lib/gcc/x86_64-linux-gnu/13/../../../x86_64-linux-gnu/libc.so
START GROUP
LOAD /lib/x86_64-linux-gnu/libc.so.6
LOAD /usr/lib/x86_64-linux-gnu/libc_nonshared.a
LOAD /lib64/ld-linux-x86-64.so.2
END GROUP
LOAD /usr/lib/gcc/x86_64-linux-gnu/13/libgcc.a
LOAD /usr/lib/gcc/x86_64-linux-gnu/13/../../../../lib/libwiringPi.so
LOAD /usr/lib/gcc/x86_64-linux-gnu/13/libgcc.a
LOAD /usr/lib/gcc/x86_64-linux-gnu/13/libgcc_s.so
START GROUP
LOAD /usr/lib/gcc/x86_64-linux-gnu/13/../../../x86_64-linux-gnu/libgcc_s.so.1
LOAD /usr/lib/gcc/x86_64-linux-gnu/13/libgcc.a
END GROUP
LOAD /usr/lib/gcc/x86_64-linux-gnu/13/../../../x86_64-linux-gnu/libc.so
START GROUP
LOAD /lib/x86_64-linux-gnu/libc.so.6
LOAD /usr/lib/x86_64-linux-gnu/libc_nonshared.a
LOAD /lib64/ld-linux-x86-64.so.2
END GROUP
LOAD /usr/lib/gcc/x86_64-linux-gnu/13/libgcc.a
LOAD /usr/lib/gcc/x86_64-linux-gnu/13/libgcc_s.so
START GROUP
LOAD /usr/lib/gcc/x86_64-linux-gnu/13/../../../x86_64-linux-gnu/libgcc_s.so.1
LOAD /usr/lib/gcc/x86_64-linux-gnu/13/libgcc.a
END GROUP
LOAD /usr/lib/gcc/x86_64-linux-gnu/13/crtendS.o
LOAD /usr/lib/gcc/x86_64-linux-gnu/13/../../../x86_64-linux-gnu/crtn.o
                [!provide]                        PROVIDE (__executable_start = SEGMENT_START ("text-segment", 0x0))
                0x0000000000000318                . = (SEGMENT_START ("text-segment", 0x0) + SIZEOF_HEADERS)

.interp         0x0000000000000318       0x1c
 *(.interp)
 .interp        0x0000000000000318       0x1c /usr/lib/gcc/x86_64-linux-gnu/13/../../../x86_64-linux-gnu/Scrt1.o

.note.gnu.property
                0x0000000000000338       0x30
 .note.gnu.property
                0x0000000000000338       0x30 /usr/lib/gcc/x86_64-linux-gnu/13/../../../x86_64-linux-gnu/Scrt1.o

.note.gnu.build-id
                0x0000000000000368       0x24
 *(.note.gnu.build-id)
 .note.gnu.build-id
                0x0000000000000368       0x24 /usr/lib/gcc/x86_64-linux-gnu/13/../../../x86_64-linux-gnu/Scrt1.o

.note.ABI-tag   0x000000000000038c       0x20
 .note.ABI-tag  0x000000000000038c       0x20 /usr/lib/gcc/x86_64-linux-gnu/13/../../../x86_64-linux-gnu/Scrt1.o

.hash
 *(.hash)

.gnu.hash       0x00000000000003b0       0x28
 *(.gnu.hash)
 .gnu.hash      0x00000000000003b0       0x28 /usr/lib/gcc/x86_64-linux-gnu/13/../../../x86_64-linux-gnu/Scrt1.o

.dynsym         0x00000000000003d8      0x228
 *(.dynsym)
 .dynsym        0x00000000000003d8      0x228 /usr/lib/gcc/x86_64-linux-gnu/13/../../../x86_64-linux-gnu/Scrt1.o

.dynstr         0x0000000000000600      0x15f
 *(.dynstr)
 .dynstr        0x0000000000000600      0x15f /usr/lib/gcc/x86_64-linux-gnu/13/../../../x86_64-linux-gnu/Scrt1.o

.gnu.version    0x0000000000000760       0x2e
 *(.gnu.version)
 .gnu.version   0x0000000000000760       0x2e /usr/lib/gcc/x86_64-linux-gnu/13/../../../x86_64-linux-gnu/Scrt1.o

.gnu.version_d  0x0000000000000790        0x0
 *(.gnu.version_d)
 .gnu.version_d
                0x0000000000000790        0x0 /usr/lib/gcc/x86_64-linux-gnu/13/../../../x86_64-linux-gnu/Scrt1.o

.gnu.version_r  0x0000000000000790       0x50
 *(.gnu.version_r)
 .gnu.version_r
                0x0000000000000790       0x50 /usr/lib/gcc/x86_64-linux-gnu/13/../../../x86_64-linux-gnu/Scrt1.o

.rela.dyn       0x00000000000007e0      0x228
 *(.rela.init)
 *(.rela.text .rela.text.* .rela.gnu.linkonce.t.*)
 .rela.text.failure
                0x00000000000007e0        0x0 /usr/lib/gcc/x86_64-linux-gnu/13/../../../x86_64-linux-gnu/Scrt1.o
 .rela.text.VL53L8CX_InitSPI
                0x00000000000007e0        0x0 /usr/lib/gcc/x86_64-linux-gnu/13/../../../x86_64-linux-gnu/Scrt1.o
 .rela.text.VL53L8CX_WrMulti
                0x00000000000007e0        0x0 /usr/lib/gcc/x86_64-linux-gnu/13/../../../x86_64-linux-gnu/Scrt1.o
 .rela.text.VL53L8CX_RdMulti
                0x00000000000007e0        0x0 /usr/lib/gcc/x86_64-linux-gnu/13/../../../x86_64-linux-gnu/Scrt1.o
 *(.rela.fini)
 *(.rela.rodata .rela.rodata.* .rela.gnu.linkonce.r.*)
 *(.rela.data .rela.data.* .rela.gnu.linkonce.d.*)
 .rela.data.rel.ro
                0x00000000000007e0        0x0 /usr/lib/gcc/x86_64-linux-gnu/13/../../../x86_64-linux-gnu/Scrt1.o
 .rela.data.rel.local
                0x00000000000007e0       0x18 /usr/lib/gcc/x86_64-linux-gnu/13/../../../x86_64-linux-gnu/Scrt1.o
 .rela.data.rel.local.VL53L8CX_RANGING_SENSOR_Driver
                0x00000000000007f8      0x150 /usr/lib/gcc/x86_64-linux-gnu/13/../../../x86_64-linux-gnu/Scrt1.o
 *(.rela.tdata .rela.tdata.* .rela.gnu.linkonce.td.*)
 *(.rela.tbss .rela.tbss.* .rela.gnu.linkonce.tb.*)
 *(.rela.ctors)
 *(.rela.dtors)
 *(.rela.got)
 .rela.got      0x0000000000000948       0x78 /usr/lib/gcc/x86_64-linux-gnu/13/../../../x86_64-linux-gnu/Scrt1.o
 *(.rela.bss .rela.bss.* .rela.gnu.linkonce.b.*)
 .rela.bss      0x00000000000009c0       0x18 /usr/lib/gcc/x86_64-linux-gnu/13/../../../x86_64-linux-gnu/Scrt1.o
 *(.rela.ldata .rela.ldata.* .rela.gnu.linkonce.l.*)
 *(.rela.lbss .rela.lbss.* .rela.gnu.linkonce.lb.*)
 *(.rela.lrodata .rela.lrodata.* .rela.gnu.linkonce.lr.*)
 *(.rela.ifunc)
 .rela.ifunc    0x00000000000009d8        0x0 /usr/lib/gcc/x86_64-linux-gnu/13/../../../x86_64-linux-gnu/Scrt1.o
 .rela.fini_array
                0x00000000000009d8       0x18 /usr/lib/gcc/x86_64-linux-gnu/13/../../../x86_64-linux-gnu/Scrt1.o
 .rela.init_array
                0x00000000000009f0       0x18 /usr/lib/gcc/x86_64-linux-gnu/13/../../../x86_64-linux-gnu/Scrt1.o

.rela.plt       0x0000000000000a08      0x180
 *(.rela.plt)
 .rela.plt      0x0000000000000a08      0x180 /usr/lib/gcc/x86_64-linux-gnu/13/../../../x86_64-linux-gnu/Scrt1.o
 *(.rela.iplt)

.relr.dyn
 *(.relr.dyn)
                0x0000000000001000                . = ALIGN (CONSTANT (MAXPAGESIZE))

.init           0x0000000000001000       0x1b
 *(SORT_NONE(.init))
 .init          0x0000000000001000       0x16 /usr/lib/gcc/x86_64-linux-gnu/13/../../../x86_64-linux-gnu/crti.o
                0x0000000000001000                _init
 .init          0x0000000000001016        0x5 /usr/lib/gcc/x86_64-linux-gnu/13/../../../x86_64-linux-gnu/crtn.o

.plt            0x0000000000001020      0x110
 *(.plt)
 .plt           0x0000000000001020      0x110 /usr/lib/gcc/x86_64-linux-gnu/13/../../../x86_64-linux-gnu/Scrt1.o
 *(.iplt)

.plt.got        0x0000000000001130       0x10
 *(.plt.got)
 .plt.got       0x0000000000001130       0x10 /usr/lib/gcc/x86_64-linux-gnu/13/../../../x86_64-linux-gnu/Scrt1.o
                0x0000000000001130                __cxa_finalize@@GLIBC_2.2.5

.plt.sec        0x0000000000001140      0x100
 *(.plt.sec)
 .plt.sec       0x0000000000001140      0x100 /usr/lib/gcc/x86_64-linux-gnu/13/../../../x86_64-linux-gnu/Scrt1.o
                0x0000000000001140                putchar@@GLIBC_2.2.5
                0x0000000000001150                __errno_location@@GLIBC_2.2.5
                0x0000000000001160                digitalWrite
                0x0000000000001170                __stack_chk_fail@@GLIBC_2.4
                0x0000000000001180                printf@@GLIBC_2.2.5
                0x0000000000001190                memset@@GLIBC_2.2.5
                0x00000000000011a0                fprintf@@GLIBC_2.2.5
                0x00000000000011b0                memcpy@@GLIBC_2.14
                0x00000000000011c0                wiringPiSPIDataRW
                0x00000000000011d0                pinMode
                0x00000000000011e0                wiringPiSPISetupMode
                0x00000000000011f0                perror@@GLIBC_2.2.5
                0x0000000000001200                fwrite@@GLIBC_2.2.5
                0x0000000000001210                strerror@@GLIBC_2.2.5
                0x0000000000001220                wiringPiSetupPhys
                0x0000000000001230                usleep@@GLIBC_2.2.5

.text           0x0000000000001240     0x6822
 *(.text.unlikely .text.*_unlikely .text.unlikely.*)
 *(.text.exit .text.exit.*)
 *(.text.startup .text.startup.*)
 *(.text.hot .text.hot.*)
 *(SORT_BY_NAME(.text.sorted.*))
 *(.text .stub .text.* .gnu.linkonce.t.*)
 .text          0x0000000000001240       0x26 /usr/lib/gcc/x86_64-linux-gnu/13/../../../x86_64-linux-gnu/Scrt1.o
                0x0000000000001240                _start
 .text          0x0000000000001266        0x0 /usr/lib/gcc/x86_64-linux-gnu/13/../../../x86_64-linux-gnu/crti.o
 *fill*         0x0000000000001266        0xa 
 .text          0x0000000000001270       0xb9 /usr/lib/gcc/x86_64-linux-gnu/13/crtbeginS.o
 .text          0x0000000000001329        0x0 build/obj/test-lidar.o
 .text.main     0x0000000000001329      0x356 build/obj/test-lidar.o
                0x0000000000001329                main
 .text.powerON  0x000000000000167f       0x88 build/obj/test-lidar.o
                0x000000000000167f                powerON
 .text.failure  0x0000000000001707       0x49 build/obj/test-lidar.o
                0x0000000000001707                failure
 .text          0x0000000000001750        0x0 build/obj/vl53l8cx_api.o
 .text._vl53l8cx_poll_for_answer
                0x0000000000001750       0xd4 build/obj/vl53l8cx_api.o
 .text._vl53l8cx_poll_for_mcu_boot
                0x0000000000001824       0xd5 build/obj/vl53l8cx_api.o
 .text._vl53l8cx_send_offset_data
                0x00000000000018f9      0x449 build/obj/vl53l8cx_api.o
 .text._vl53l8cx_send_xtalk_data
                0x0000000000001d42      0x306 build/obj/vl53l8cx_api.o
 .text.vl53l8cx_is_alive
                0x0000000000002048       0xe3 build/obj/vl53l8cx_api.o
                0x0000000000002048                vl53l8cx_is_alive
 .text.vl53l8cx_init
                0x000000000000212b      0xbd1 build/obj/vl53l8cx_api.o
                0x000000000000212b                vl53l8cx_init
 .text.vl53l8cx_set_i2c_address
                0x0000000000002cfc       0x95 build/obj/vl53l8cx_api.o
                0x0000000000002cfc                vl53l8cx_set_i2c_address
 .text.vl53l8cx_get_power_mode
                0x0000000000002d91      0x103 build/obj/vl53l8cx_api.o
                0x0000000000002d91                vl53l8cx_get_power_mode
 .text.vl53l8cx_set_power_mode
                0x0000000000002e94      0x289 build/obj/vl53l8cx_api.o
                0x0000000000002e94                vl53l8cx_set_power_mode
 .text.vl53l8cx_start_ranging
                0x000000000000311d      0x438 build/obj/vl53l8cx_api.o
                0x000000000000311d                vl53l8cx_start_ranging
 .text.vl53l8cx_stop_ranging
                0x0000000000003555      0x25d build/obj/vl53l8cx_api.o
                0x0000000000003555                vl53l8cx_stop_ranging
 .text.vl53l8cx_check_data_ready
                0x00000000000037b2       0xe9 build/obj/vl53l8cx_api.o
                0x00000000000037b2                vl53l8cx_check_data_ready
 .text.vl53l8cx_get_ranging_data
                0x000000000000389b      0x5f4 build/obj/vl53l8cx_api.o
                0x000000000000389b                vl53l8cx_get_ranging_data
 .text.vl53l8cx_get_resolution
                0x0000000000003e8f       0x65 build/obj/vl53l8cx_api.o
                0x0000000000003e8f                vl53l8cx_get_resolution
 .text.vl53l8cx_set_resolution
                0x0000000000003ef4      0x226 build/obj/vl53l8cx_api.o
                0x0000000000003ef4                vl53l8cx_set_resolution
 .text.vl53l8cx_get_ranging_frequency_hz
                0x000000000000411a       0x53 build/obj/vl53l8cx_api.o
                0x000000000000411a                vl53l8cx_get_ranging_frequency_hz
 .text.vl53l8cx_set_ranging_frequency_hz
                0x000000000000416d       0x5a build/obj/vl53l8cx_api.o
                0x000000000000416d                vl53l8cx_set_ranging_frequency_hz
 .text.vl53l8cx_get_integration_time_ms
                0x00000000000041c7       0x72 build/obj/vl53l8cx_api.o
                0x00000000000041c7                vl53l8cx_get_integration_time_ms
 .text.vl53l8cx_set_integration_time_ms
                0x0000000000004239       0xa5 build/obj/vl53l8cx_api.o
                0x0000000000004239                vl53l8cx_set_integration_time_ms
 .text.vl53l8cx_get_sharpener_percent
                0x00000000000042de       0x71 build/obj/vl53l8cx_api.o
                0x00000000000042de                vl53l8cx_get_sharpener_percent
 .text.vl53l8cx_set_sharpener_percent
                0x000000000000434f       0xaf build/obj/vl53l8cx_api.o
                0x000000000000434f                vl53l8cx_set_sharpener_percent
 .text.vl53l8cx_get_target_order
                0x00000000000043fe       0x53 build/obj/vl53l8cx_api.o
                0x00000000000043fe                vl53l8cx_get_target_order
 .text.vl53l8cx_set_target_order
                0x0000000000004451       0x70 build/obj/vl53l8cx_api.o
                0x0000000000004451                vl53l8cx_set_target_order
 .text.vl53l8cx_get_ranging_mode
                0x00000000000044c1       0x61 build/obj/vl53l8cx_api.o
                0x00000000000044c1                vl53l8cx_get_ranging_mode
 .text.vl53l8cx_set_ranging_mode
                0x0000000000004522      0x101 build/obj/vl53l8cx_api.o
                0x0000000000004522                vl53l8cx_set_ranging_mode
 .text.vl53l8cx_get_external_sync_pin_enable
                0x0000000000004623       0x67 build/obj/vl53l8cx_api.o
                0x0000000000004623                vl53l8cx_get_external_sync_pin_enable
 .text.vl53l8cx_set_external_sync_pin_enable
                0x000000000000468a       0x97 build/obj/vl53l8cx_api.o
                0x000000000000468a                vl53l8cx_set_external_sync_pin_enable
 .text.vl53l8cx_get_VHV_repeat_count
                0x0000000000004721       0x91 build/obj/vl53l8cx_api.o
                0x0000000000004721                vl53l8cx_get_VHV_repeat_count
 .text.vl53l8cx_set_VHV_repeat_count
                0x00000000000047b2       0x58 build/obj/vl53l8cx_api.o
                0x00000000000047b2                vl53l8cx_set_VHV_repeat_count
 .text.vl53l8cx_dci_read_data
                0x000000000000480a      0x178 build/obj/vl53l8cx_api.o
                0x000000000000480a                vl53l8cx_dci_read_data
 .text.vl53l8cx_dci_write_data
                0x0000000000004982      0x1b1 build/obj/vl53l8cx_api.o
                0x0000000000004982                vl53l8cx_dci_write_data
 .text.vl53l8cx_dci_replace_data
                0x0000000000004b33       0x8f build/obj/vl53l8cx_api.o
                0x0000000000004b33                vl53l8cx_dci_replace_data
 .text          0x0000000000004bc2        0x0 build/obj/vl53l8cx.o
 .text.VL53L8CX_RegisterBusIO
                0x0000000000004bc2       0xc3 build/obj/vl53l8cx.o
                0x0000000000004bc2                VL53L8CX_RegisterBusIO
 .text.VL53L8CX_Init
                0x0000000000004c85       0xa3 build/obj/vl53l8cx.o
                0x0000000000004c85                VL53L8CX_Init
 .text.VL53L8CX_DeInit
                0x0000000000004d28       0x66 build/obj/vl53l8cx.o
                0x0000000000004d28                VL53L8CX_DeInit
 .text.VL53L8CX_ReadID
                0x0000000000004d8e      0x135 build/obj/vl53l8cx.o
                0x0000000000004d8e                VL53L8CX_ReadID
 .text.VL53L8CX_GetCapabilities
                0x0000000000004ec3       0x5e build/obj/vl53l8cx.o
                0x0000000000004ec3                VL53L8CX_GetCapabilities
 .text.VL53L8CX_ConfigProfile
                0x0000000000004f21      0x185 build/obj/vl53l8cx.o
                0x0000000000004f21                VL53L8CX_ConfigProfile
 .text.VL53L8CX_ConfigROI
                0x00000000000050a6       0x17 build/obj/vl53l8cx.o
                0x00000000000050a6                VL53L8CX_ConfigROI
 .text.VL53L8CX_ConfigIT
                0x00000000000050bd      0x248 build/obj/vl53l8cx.o
                0x00000000000050bd                VL53L8CX_ConfigIT
 .text.VL53L8CX_GetDistance
                0x0000000000005305       0xa8 build/obj/vl53l8cx.o
                0x0000000000005305                VL53L8CX_GetDistance
 .text.VL53L8CX_Start
                0x00000000000053ad       0xf6 build/obj/vl53l8cx.o
                0x00000000000053ad                VL53L8CX_Start
 .text.VL53L8CX_Stop
                0x00000000000054a3       0x6c build/obj/vl53l8cx.o
                0x00000000000054a3                VL53L8CX_Stop
 .text.VL53L8CX_SetAddress
                0x000000000000550f       0x62 build/obj/vl53l8cx.o
                0x000000000000550f                VL53L8CX_SetAddress
 .text.VL53L8CX_GetAddress
                0x0000000000005571       0x44 build/obj/vl53l8cx.o
                0x0000000000005571                VL53L8CX_GetAddress
 .text.VL53L8CX_SetPowerMode
                0x00000000000055b5       0x69 build/obj/vl53l8cx.o
                0x00000000000055b5                VL53L8CX_SetPowerMode
 .text.VL53L8CX_GetPowerMode
                0x000000000000561e       0x95 build/obj/vl53l8cx.o
                0x000000000000561e                VL53L8CX_GetPowerMode
 .text.VL53L8CX_XTalkCalibration
                0x00000000000056b3       0x5a build/obj/vl53l8cx.o
                0x00000000000056b3                VL53L8CX_XTalkCalibration
 .text.vl53l8cx_poll_for_measurement
                0x000000000000570d       0x9d build/obj/vl53l8cx.o
 .text.vl53l8cx_get_result
                0x00000000000057aa      0x325 build/obj/vl53l8cx.o
 .text.vl53l8cx_map_target_status
                0x0000000000005acf       0x38 build/obj/vl53l8cx.o
 .text          0x0000000000005b07        0x0 build/obj/vl53l8cx_platform.o
 .text.VL53L8CX_InitSPI
                0x0000000000005b07       0xa8 build/obj/vl53l8cx_platform.o
                0x0000000000005b07                VL53L8CX_InitSPI
 .text.VL53L8CX_WrByte
                0x0000000000005baf       0x38 build/obj/vl53l8cx_platform.o
                0x0000000000005baf                VL53L8CX_WrByte
 .text.VL53L8CX_RdByte
                0x0000000000005be7       0x35 build/obj/vl53l8cx_platform.o
                0x0000000000005be7                VL53L8CX_RdByte
 .text.VL53L8CX_WrMulti
                0x0000000000005c1c      0x1a2 build/obj/vl53l8cx_platform.o
                0x0000000000005c1c                VL53L8CX_WrMulti
 .text.VL53L8CX_RdMulti
                0x0000000000005dbe      0x1bf build/obj/vl53l8cx_platform.o
                0x0000000000005dbe                VL53L8CX_RdMulti
 .text.VL53L8CX_SwapBuffer
                0x0000000000005f7d       0xcc build/obj/vl53l8cx_platform.o
                0x0000000000005f7d                VL53L8CX_SwapBuffer
 .text.VL53L8CX_WaitMs
                0x0000000000006049       0x2a build/obj/vl53l8cx_platform.o
                0x0000000000006049                VL53L8CX_WaitMs
 .text          0x0000000000006073        0x0 build/obj/vl53l8cx_plugin_detection_thresholds.o
 .text.vl53l8cx_get_detection_thresholds_enable
                0x0000000000006073       0x53 build/obj/vl53l8cx_plugin_detection_thresholds.o
                0x0000000000006073                vl53l8cx_get_detection_thresholds_enable
 .text.vl53l8cx_set_detection_thresholds_enable
                0x00000000000060c6       0xd7 build/obj/vl53l8cx_plugin_detection_thresholds.o
                0x00000000000060c6                vl53l8cx_set_detection_thresholds_enable
 .text.vl53l8cx_get_detection_thresholds
                0x000000000000619d      0x456 build/obj/vl53l8cx_plugin_detection_thresholds.o
                0x000000000000619d                vl53l8cx_get_detection_thresholds
 .text.vl53l8cx_set_detection_thresholds
                0x00000000000065f3      0x401 build/obj/vl53l8cx_plugin_detection_thresholds.o
                0x00000000000065f3                vl53l8cx_set_detection_thresholds
 .text.vl53l8cx_get_detection_thresholds_auto_stop
                0x00000000000069f4       0x53 build/obj/vl53l8cx_plugin_detection_thresholds.o
                0x00000000000069f4                vl53l8cx_get_detection_thresholds_auto_stop
 .text.vl53l8cx_set_detection_thresholds_auto_stop
                0x0000000000006a47       0x68 build/obj/vl53l8cx_plugin_detection_thresholds.o
                0x0000000000006a47                vl53l8cx_set_detection_thresholds_auto_stop
 .text          0x0000000000006aaf        0x0 build/obj/vl53l8cx_plugin_motion_indicator.o
 .text.vl53l8cx_motion_indicator_init
                0x0000000000006aaf       0xde build/obj/vl53l8cx_plugin_motion_indicator.o
                0x0000000000006aaf                vl53l8cx_motion_indicator_init
 .text.vl53l8cx_motion_indicator_set_distance_motion
                0x0000000000006b8d      0x11c build/obj/vl53l8cx_plugin_motion_indicator.o
                0x0000000000006b8d                vl53l8cx_motion_indicator_set_distance_motion
 .text.vl53l8cx_motion_indicator_set_resolution
                0x0000000000006ca9      0x101 build/obj/vl53l8cx_plugin_motion_indicator.o
                0x0000000000006ca9                vl53l8cx_motion_indicator_set_resolution
 .text          0x0000000000006daa        0x0 build/obj/vl53l8cx_plugin_xtalk.o
 .text._vl53l8cx_poll_for_answer
                0x0000000000006daa       0xa7 build/obj/vl53l8cx_plugin_xtalk.o
 .text._vl53l8cx_program_output_config
                0x0000000000006e51      0x2ef build/obj/vl53l8cx_plugin_xtalk.o
 .text.vl53l8cx_calibrate_xtalk
                0x0000000000007140      0x5f1 build/obj/vl53l8cx_plugin_xtalk.o
                0x0000000000007140                vl53l8cx_calibrate_xtalk
 .text.vl53l8cx_get_caldata_xtalk
                0x0000000000007731      0x1a4 build/obj/vl53l8cx_plugin_xtalk.o
                0x0000000000007731                vl53l8cx_get_caldata_xtalk
 .text.vl53l8cx_set_caldata_xtalk
                0x00000000000078d5       0x8e build/obj/vl53l8cx_plugin_xtalk.o
                0x00000000000078d5                vl53l8cx_set_caldata_xtalk
 .text.vl53l8cx_get_xtalk_margin
                0x0000000000007963       0x65 build/obj/vl53l8cx_plugin_xtalk.o
                0x0000000000007963                vl53l8cx_get_xtalk_margin
 .text.vl53l8cx_set_xtalk_margin
                0x00000000000079c8       0x9a build/obj/vl53l8cx_plugin_xtalk.o
                0x00000000000079c8                vl53l8cx_set_xtalk_margin
 .text          0x0000000000007a62        0x0 /usr/lib/gcc/x86_64-linux-gnu/13/crtendS.o
 .text          0x0000000000007a62        0x0 /usr/lib/gcc/x86_64-linux-gnu/13/../../../x86_64-linux-gnu/crtn.o
 *(.gnu.warning)

.fini           0x0000000000007a64        0xd
 *(SORT_NONE(.fini))
 .fini          0x0000000000007a64        0x8 /usr/lib/gcc/x86_64-linux-gnu/13/../../../x86_64-linux-gnu/crti.o
                0x0000000000007a64                _fini
 .fini          0x0000000000007a6c        0x5 /usr/lib/gcc/x86_64-linux-gnu/13/../../../x86_64-linux-gnu/crtn.o
                [!provide]                        PROVIDE (__etext = .)
                [!provide]                        PROVIDE (_etext = .)
                [!provide]                        PROVIDE (etext = .)
                0x0000000000008000                . = ALIGN (CONSTANT (MAXPAGESIZE))
                0x0000000000008000                . = SEGMENT_START ("rodata-segment", (ALIGN (CONSTANT (MAXPAGESIZE)) + (. & (CONSTANT (MAXPAGESIZE) - 0x1))))

.rodata         0x0000000000008000    0x161f8
 *(.rodata .rodata.* .gnu.linkonce.r.*)
 .rodata.cst4   0x0000000000008000        0x4 /usr/lib/gcc/x86_64-linux-gnu/13/../../../x86_64-linux-gnu/Scrt1.o
                0x0000000000008000                _IO_stdin_used
 *fill*         0x0000000000008004        0x4 
 .rodata        0x0000000000008008       0xf8 build/obj/test-lidar.o
 .rodata.VL53L8CX_FIRMWARE
                0x0000000000008100    0x15000 build/obj/vl53l8cx_api.o
                0x0000000000008100                VL53L8CX_FIRMWARE
 .rodata.VL53L8CX_DEFAULT_CONFIGURATION
                0x000000000001d100      0x3cc build/obj/vl53l8cx_api.o
                0x000000000001d100                VL53L8CX_DEFAULT_CONFIGURATION
 *fill*         0x000000000001d4cc       0x14 
 .rodata.VL53L8CX_DEFAULT_XTALK
                0x000000000001d4e0      0x308 build/obj/vl53l8cx_api.o
                0x000000000001d4e0                VL53L8CX_DEFAULT_XTALK
 *fill*         0x000000000001d7e8       0x18 
 .rodata.VL53L8CX_GET_NVM_CMD
                0x000000000001d800       0x28 build/obj/vl53l8cx_api.o
                0x000000000001d800                VL53L8CX_GET_NVM_CMD
 *fill*         0x000000000001d828       0x18 
 .rodata.VL53L8CX_GET_XTALK_CMD
                0x000000000001d840       0x48 build/obj/vl53l8cx.o
 *fill*         0x000000000001d888       0x18 
 .rodata.VL53L8CX_CALIBRATE_XTALK
                0x000000000001d8a0      0x3d8 build/obj/vl53l8cx.o
 .rodata        0x000000000001dc78       0x78 build/obj/vl53l8cx_platform.o
 .rodata.vl53l8cx_get_detection_thresholds
                0x000000000001dcf0       0x50 build/obj/vl53l8cx_plugin_detection_thresholds.o
 .rodata.vl53l8cx_set_detection_thresholds
                0x000000000001dd40       0x50 build/obj/vl53l8cx_plugin_detection_thresholds.o
 .rodata        0x000000000001dd90       0x1c build/obj/vl53l8cx_plugin_motion_indicator.o
 *fill*         0x000000000001ddac       0x14 
 .rodata.VL53L8CX_GET_XTALK_CMD
                0x000000000001ddc0       0x48 build/obj/vl53l8cx_plugin_xtalk.o
 *fill*         0x000000000001de08       0x18 
 .rodata.VL53L8CX_CALIBRATE_XTALK
                0x000000000001de20      0x3d8 build/obj/vl53l8cx_plugin_xtalk.o

.rodata1
 *(.rodata1)

.eh_frame_hdr   0x000000000001e1f8      0x294
 *(.eh_frame_hdr)
 .eh_frame_hdr  0x000000000001e1f8      0x294 /usr/lib/gcc/x86_64-linux-gnu/13/../../../x86_64-linux-gnu/Scrt1.o
                0x000000000001e1f8                __GNU_EH_FRAME_HDR
 *(.eh_frame_entry .eh_frame_entry.*)

.eh_frame       0x000000000001e490      0xa34
 *(.eh_frame)
 .eh_frame      0x000000000001e490       0x30 /usr/lib/gcc/x86_64-linux-gnu/13/../../../x86_64-linux-gnu/Scrt1.o
                                         0x2c (size before relaxing)
 *fill*         0x000000000001e4c0        0x0 
 .eh_frame      0x000000000001e4c0       0x28 /usr/lib/gcc/x86_64-linux-gnu/13/../../../x86_64-linux-gnu/Scrt1.o
                                         0x40 (size before relaxing)
 .eh_frame      0x000000000001e4e8       0x18 /usr/lib/gcc/x86_64-linux-gnu/13/../../../x86_64-linux-gnu/Scrt1.o
                                         0x30 (size before relaxing)
 .eh_frame      0x000000000001e500       0x18 /usr/lib/gcc/x86_64-linux-gnu/13/../../../x86_64-linux-gnu/Scrt1.o
                                         0x30 (size before relaxing)
 .eh_frame      0x000000000001e518       0x60 build/obj/test-lidar.o
                                         0x78 (size before relaxing)
 .eh_frame      0x000000000001e578      0x400 build/obj/vl53l8cx_api.o
                                        0x418 (size before relaxing)
 .eh_frame      0x000000000001e978      0x260 build/obj/vl53l8cx.o
                                        0x278 (size before relaxing)
 .eh_frame      0x000000000001ebd8       0xe0 build/obj/vl53l8cx_platform.o
                                         0xf8 (size before relaxing)
 .eh_frame      0x000000000001ecb8       0xc0 build/obj/vl53l8cx_plugin_detection_thresholds.o
                                         0xd8 (size before relaxing)
 .eh_frame      0x000000000001ed78       0x60 build/obj/vl53l8cx_plugin_motion_indicator.o
                                         0x78 (size before relaxing)
 .eh_frame      0x000000000001edd8       0xe8 build/obj/vl53l8cx_plugin_xtalk.o
                                        0x100 (size before relaxing)
 .eh_frame      0x000000000001eec0        0x4 /usr/lib/gcc/x86_64-linux-gnu/13/crtendS.o
 *(.eh_frame.*)

.sframe         0x000000000001eec4        0x0
 *(.sframe)
 .sframe        0x000000000001eec4        0x0 /usr/lib/gcc/x86_64-linux-gnu/13/../../../x86_64-linux-gnu/Scrt1.o
 .sframe        0x000000000001eec4        0x0 /usr/lib/gcc/x86_64-linux-gnu/13/../../../x86_64-linux-gnu/Scrt1.o
 *(.sframe.*)

.gcc_except_table
 *(.gcc_except_table .gcc_except_table.*)

.gnu_extab
 *(.gnu_extab*)

.exception_ranges
 *(.exception_ranges*)
                0x000000000001fd30                . = DATA_SEGMENT_ALIGN (CONSTANT (MAXPAGESIZE), CONSTANT (COMMONPAGESIZE))

.eh_frame
 *(.eh_frame)
 *(.eh_frame.*)

.sframe
 *(.sframe)
 *(.sframe.*)

.gnu_extab
 *(.gnu_extab)

.gcc_except_table
 *(.gcc_except_table .gcc_except_table.*)

.exception_ranges
 *(.exception_ranges*)

.tdata          0x000000000001fd30        0x0
                [!provide]                        PROVIDE (__tdata_start = .)
 *(.tdata .tdata.* .gnu.linkonce.td.*)

.tbss
 *(.tbss .tbss.* .gnu.linkonce.tb.*)
 *(.tcommon)

.preinit_array  0x000000000001fd30        0x0
                [!provide]                        PROVIDE (__preinit_array_start = .)
 *(.preinit_array)
                [!provide]                        PROVIDE (__preinit_array_end = .)

.init_array     0x000000000001fd30        0x8
                [!provide]                        PROVIDE (__init_array_start = .)
 *(SORT_BY_INIT_PRIORITY(.init_array.*) SORT_BY_INIT_PRIORITY(.ctors.*))
 *(.init_array EXCLUDE_FILE(*crtend?.o *crtend.o *crtbegin?.o *crtbegin.o) .ctors)
 .init_array    0x000000000001fd30        0x8 /usr/lib/gcc/x86_64-linux-gnu/13/crtbeginS.o
                [!provide]                        PROVIDE (__init_array_end = .)

.fini_array     0x000000000001fd38        0x8
                [!provide]                        PROVIDE (__fini_array_start = .)
 *(SORT_BY_INIT_PRIORITY(.fini_array.*) SORT_BY_INIT_PRIORITY(.dtors.*))
 *(.fini_array EXCLUDE_FILE(*crtend?.o *crtend.o *crtbegin?.o *crtbegin.o) .dtors)
 .fini_array    0x000000000001fd38        0x8 /usr/lib/gcc/x86_64-linux-gnu/13/crtbeginS.o
                [!provide]                        PROVIDE (__fini_array_end = .)

.ctors
 *crtbegin.o(.ctors)
 *crtbegin?.o(.ctors)
 *(EXCLUDE_FILE(*crtend?.o *crtend.o) .ctors)
 *(SORT_BY_NAME(.ctors.*))
 *(.ctors)

.dtors
 *crtbegin.o(.dtors)
 *crtbegin?.o(.dtors)
 *(EXCLUDE_FILE(*crtend?.o *crtend.o) .dtors)
 *(SORT_BY_NAME(.dtors.*))
 *(.dtors)

.jcr
 *(.jcr)

.data.rel.ro    0x000000000001fd40        0x0
 *(.data.rel.ro.local* .gnu.linkonce.d.rel.ro.local.*)
 *(.data.rel.ro .data.rel.ro.* .gnu.linkonce.d.rel.ro.*)
 .data.rel.ro   0x000000000001fd40        0x0 /usr/lib/gcc/x86_64-linux-gnu/13/../../../x86_64-linux-gnu/Scrt1.o

.dynamic        0x000000000001fd40      0x200
 *(.dynamic)
 .dynamic       0x000000000001fd40      0x200 /usr/lib/gcc/x86_64-linux-gnu/13/../../../x86_64-linux-gnu/Scrt1.o
                0x000000000001fd40                _DYNAMIC

.got            0x000000000001ff40       0xc0
 *(.got.plt)
 .got.plt       0x000000000001ff40       0x98 /usr/lib/gcc/x86_64-linux-gnu/13/../../../x86_64-linux-gnu/Scrt1.o
                0x000000000001ff40                _GLOBAL_OFFSET_TABLE_
 *(.igot.plt)
 *(.got)
 .got           0x000000000001ffd8       0x28 /usr/lib/gcc/x86_64-linux-gnu/13/../../../x86_64-linux-gnu/Scrt1.o
 *(.igot)
                0x0000000000020000                . = DATA_SEGMENT_RELRO_END (., 0x0)

.data           0x0000000000020000       0x90
 *(.data .data.* .gnu.linkonce.d.*)
 .data          0x0000000000020000        0x4 /usr/lib/gcc/x86_64-linux-gnu/13/../../../x86_64-linux-gnu/Scrt1.o
                0x0000000000020000                data_start
                0x0000000000020000                __data_start
 .data          0x0000000000020004        0x0 /usr/lib/gcc/x86_64-linux-gnu/13/../../../x86_64-linux-gnu/crti.o
 .data          0x0000000000020004        0x0 /usr/lib/gcc/x86_64-linux-gnu/13/crtbeginS.o
 *fill*         0x0000000000020004        0x4 
 .data.rel.local
                0x0000000000020008        0x8 /usr/lib/gcc/x86_64-linux-gnu/13/crtbeginS.o
                0x0000000000020008                __dso_handle
 .data          0x0000000000020010        0x0 build/obj/test-lidar.o
 .data          0x0000000000020010        0x0 build/obj/vl53l8cx_api.o
 .data          0x0000000000020010        0x0 build/obj/vl53l8cx.o
 *fill*         0x0000000000020010       0x10 
 .data.rel.local.VL53L8CX_RANGING_SENSOR_Driver
                0x0000000000020020       0x70 build/obj/vl53l8cx.o
                0x0000000000020020                VL53L8CX_RANGING_SENSOR_Driver
 .data          0x0000000000020090        0x0 build/obj/vl53l8cx_platform.o
 .data          0x0000000000020090        0x0 build/obj/vl53l8cx_plugin_detection_thresholds.o
 .data          0x0000000000020090        0x0 build/obj/vl53l8cx_plugin_motion_indicator.o
 .data          0x0000000000020090        0x0 build/obj/vl53l8cx_plugin_xtalk.o
 .data          0x0000000000020090        0x0 /usr/lib/gcc/x86_64-linux-gnu/13/crtendS.o
 .data          0x0000000000020090        0x0 /usr/lib/gcc/x86_64-linux-gnu/13/../../../x86_64-linux-gnu/crtn.o

.tm_clone_table
                0x0000000000020090        0x0
 .tm_clone_table
                0x0000000000020090        0x0 /usr/lib/gcc/x86_64-linux-gnu/13/crtbeginS.o
 .tm_clone_table
                0x0000000000020090        0x0 /usr/lib/gcc/x86_64-linux-gnu/13/crtendS.o

.data1
 *(.data1)
                0x0000000000020090                _edata = .
                [!provide]                        PROVIDE (edata = .)
                0x0000000000020090                . = ALIGN (ALIGNOF (NEXT_SECTION))
                0x00000000000200a0                __bss_start = .

.bss            0x00000000000200a0      0x870
 *(.dynbss)
 .dynbss        0x00000000000200a0        0x8 /usr/lib/gcc/x86_64-linux-gnu/13/../../../x86_64-linux-gnu/Scrt1.o
                0x00000000000200a0                stderr@@GLIBC_2.2.5
 *(.bss .bss.* .gnu.linkonce.b.*)
 .bss           0x00000000000200a8        0x0 /usr/lib/gcc/x86_64-linux-gnu/13/../../../x86_64-linux-gnu/Scrt1.o
 .bss           0x00000000000200a8        0x0 /usr/lib/gcc/x86_64-linux-gnu/13/../../../x86_64-linux-gnu/crti.o
 .bss           0x00000000000200a8        0x1 /usr/lib/gcc/x86_64-linux-gnu/13/crtbeginS.o
 .bss           0x00000000000200a9        0x0 build/obj/test-lidar.o
 .bss           0x00000000000200a9        0x0 build/obj/vl53l8cx_api.o
 .bss           0x00000000000200a9        0x0 build/obj/vl53l8cx.o
 *fill*         0x00000000000200a9       0x17 
 .bss.thresholds.1
                0x00000000000200c0      0x300 build/obj/vl53l8cx.o
 .bss.data.0    0x00000000000203c0      0x550 build/obj/vl53l8cx.o
 .bss           0x0000000000020910        0x0 build/obj/vl53l8cx_platform.o
 .bss           0x0000000000020910        0x0 build/obj/vl53l8cx_plugin_detection_thresholds.o
 .bss           0x0000000000020910        0x0 build/obj/vl53l8cx_plugin_motion_indicator.o
 .bss           0x0000000000020910        0x0 build/obj/vl53l8cx_plugin_xtalk.o
 .bss           0x0000000000020910        0x0 /usr/lib/gcc/x86_64-linux-gnu/13/crtendS.o
 .bss           0x0000000000020910        0x0 /usr/lib/gcc/x86_64-linux-gnu/13/../../../x86_64-linux-gnu/crtn.o
 *(COMMON)
                0x0000000000020910                . = ALIGN ((. != 0x0)?0x8:0x1)

.lbss
 *(.dynlbss)
 *(.lbss .lbss.* .gnu.linkonce.lb.*)
 *(LARGE_COMMON)
                0x0000000000020910                . = ALIGN (0x8)
                0x0000000000020910                . = SEGMENT_START ("ldata-segment", .)

.lrodata
 *(.lrodata .lrodata.* .gnu.linkonce.lr.*)

.ldata          0x0000000000022910        0x0
 *(.ldata .ldata.* .gnu.linkonce.l.*)
                0x0000000000022910                . = ALIGN ((. != 0x0)?0x8:0x1)
                0x0000000000022910                . = ALIGN (0x8)
                0x0000000000020910                _end = .
                [!provide]                        PROVIDE (end = .)
                0x0000000000022910                . = DATA_SEGMENT_END (.)

.stab
 *(.stab)

.stabstr
 *(.stabstr)

.stab.excl
 *(.stab.excl)

.stab.exclstr
 *(.stab.exclstr)

.stab.index
 *(.stab.index)

.stab.indexstr
 *(.stab.indexstr)

.comment        0x0000000000000000       0x2d
 *(.comment)
 .comment       0x0000000000000000       0x2d /usr/lib/gcc/x86_64-linux-gnu/13/crtbeginS.o
                                         0x2e (size before relaxing)
 .comment       0x000000000000002d       0x2e build/obj/test-lidar.o
 .comment       0x000000000000002d       0x2e build/obj/vl53l8cx_api.o
 .comment       0x000000000000002d       0x2e build/obj/vl53l8cx.o
 .comment       0x000000000000002d       0x2e build/obj/vl53l8cx_platform.o
 .comment       0x000000000000002d       0x2e build/obj/vl53l8cx_plugin_detection_thresholds.o
 .comment       0x000000000000002d       0x2e build/obj/vl53l8cx_plugin_motion_indicator.o
 .comment       0x000000000000002d       0x2e build/obj/vl53l8cx_plugin_xtalk.o
 .comment       0x000000000000002d       0x2e /usr/lib/gcc/x86_64-linux-gnu/13/crtendS.o

.gnu.build.attributes
 *(.gnu.build.attributes .gnu.build.attributes.*)

.debug
 *(.debug)

.line
 *(.line)

.debug_srcinfo
 *(.debug_srcinfo)

.debug_sfnames
 *(.debug_sfnames)

.debug_aranges  0x0000000000000000      0x5b0
 *(.debug_aranges)
 .debug_aranges
                0x0000000000000000       0x50 build/obj/test-lidar.o
 .debug_aranges
                0x0000000000000050      0x220 build/obj/vl53l8cx_api.o
 .debug_aranges
                0x0000000000000270      0x150 build/obj/vl53l8cx.o
 .debug_aranges
                0x00000000000003c0       0x90 build/obj/vl53l8cx_platform.o
 .debug_aranges
                0x0000000000000450       0x80 build/obj/vl53l8cx_plugin_detection_thresholds.o
 .debug_aranges
                0x00000000000004d0       0x50 build/obj/vl53l8cx_plugin_motion_indicator.o
 .debug_aranges
                0x0000000000000520       0x90 build/obj/vl53l8cx_plugin_xtalk.o

.debug_pubnames
 *(.debug_pubnames)

.debug_info     0x0000000000000000     0x4fd2
 *(.debug_info .gnu.linkonce.wi.*)
 .debug_info    0x0000000000000000      0x8e4 build/obj/test-lidar.o
 .debug_info    0x00000000000008e4     0x15a9 build/obj/vl53l8cx_api.o
 .debug_info    0x0000000000001e8d     0x1469 build/obj/vl53l8cx.o
 .debug_info    0x00000000000032f6      0x7c8 build/obj/vl53l8cx_platform.o
 .debug_info    0x0000000000003abe      0x593 build/obj/vl53l8cx_plugin_detection_thresholds.o
 .debug_info    0x0000000000004051      0x56a build/obj/vl53l8cx_plugin_motion_indicator.o
 .debug_info    0x00000000000045bb      0xa17 build/obj/vl53l8cx_plugin_xtalk.o

.debug_abbrev   0x0000000000000000      0xdb6
 *(.debug_abbrev)
 .debug_abbrev  0x0000000000000000      0x1f1 build/obj/test-lidar.o
 .debug_abbrev  0x00000000000001f1      0x290 build/obj/vl53l8cx_api.o
 .debug_abbrev  0x0000000000000481      0x276 build/obj/vl53l8cx.o
 .debug_abbrev  0x00000000000006f7      0x1db build/obj/vl53l8cx_platform.o
 .debug_abbrev  0x00000000000008d2      0x14a build/obj/vl53l8cx_plugin_detection_thresholds.o
 .debug_abbrev  0x0000000000000a1c      0x168 build/obj/vl53l8cx_plugin_motion_indicator.o
 .debug_abbrev  0x0000000000000b84      0x232 build/obj/vl53l8cx_plugin_xtalk.o

.debug_line     0x0000000000000000     0x318b
 *(.debug_line .debug_line.* .debug_line_end)
 .debug_line    0x0000000000000000      0x2bd build/obj/test-lidar.o
 .debug_line    0x00000000000002bd     0x1554 build/obj/vl53l8cx_api.o
 .debug_line    0x0000000000001811      0x871 build/obj/vl53l8cx.o
 .debug_line    0x0000000000002082      0x3cd build/obj/vl53l8cx_platform.o
 .debug_line    0x000000000000244f      0x453 build/obj/vl53l8cx_plugin_detection_thresholds.o
 .debug_line    0x00000000000028a2      0x2e2 build/obj/vl53l8cx_plugin_motion_indicator.o
 .debug_line    0x0000000000002b84      0x607 build/obj/vl53l8cx_plugin_xtalk.o

.debug_frame
 *(.debug_frame)

.debug_str      0x0000000000000000     0x177b
 *(.debug_str)
 .debug_str     0x0000000000000000     0x177b build/obj/test-lidar.o
                                        0x6b5 (size before relaxing)
 .debug_str     0x000000000000177b      0xb47 build/obj/vl53l8cx_api.o
 .debug_str     0x000000000000177b      0xc6a build/obj/vl53l8cx.o
 .debug_str     0x000000000000177b      0x509 build/obj/vl53l8cx_platform.o
 .debug_str     0x000000000000177b      0x50c build/obj/vl53l8cx_plugin_detection_thresholds.o
 .debug_str     0x000000000000177b      0x566 build/obj/vl53l8cx_plugin_motion_indicator.o
 .debug_str     0x000000000000177b      0x720 build/obj/vl53l8cx_plugin_xtalk.o

.debug_loc      0x0000000000000000     0x1ce0
 *(.debug_loc)
 .debug_loc     0x0000000000000000      0x120 build/obj/test-lidar.o
 .debug_loc     0x0000000000000120      0xc00 build/obj/vl53l8cx_api.o
 .debug_loc     0x0000000000000d20      0x720 build/obj/vl53l8cx.o
 .debug_loc     0x0000000000001440      0x2a0 build/obj/vl53l8cx_platform.o
 .debug_loc     0x00000000000016e0      0x240 build/obj/vl53l8cx_plugin_detection_thresholds.o
 .debug_loc     0x0000000000001920      0x120 build/obj/vl53l8cx_plugin_motion_indicator.o
 .debug_loc     0x0000000000001a40      0x2a0 build/obj/vl53l8cx_plugin_xtalk.o

.debug_macinfo
 *(.debug_macinfo)

.debug_weaknames
 *(.debug_weaknames)

.debug_funcnames
 *(.debug_funcnames)

.debug_typenames
 *(.debug_typenames)

.debug_varnames
 *(.debug_varnames)

.debug_pubtypes
 *(.debug_pubtypes)

.debug_ranges   0x0000000000000000      0x540
 *(.debug_ranges)
 .debug_ranges  0x0000000000000000       0x40 build/obj/test-lidar.o
 .debug_ranges  0x0000000000000040      0x210 build/obj/vl53l8cx_api.o
 .debug_ranges  0x0000000000000250      0x140 build/obj/vl53l8cx.o
 .debug_ranges  0x0000000000000390       0x80 build/obj/vl53l8cx_platform.o
 .debug_ranges  0x0000000000000410       0x70 build/obj/vl53l8cx_plugin_detection_thresholds.o
 .debug_ranges  0x0000000000000480       0x40 build/obj/vl53l8cx_plugin_motion_indicator.o
 .debug_ranges  0x00000000000004c0       0x80 build/obj/vl53l8cx_plugin_xtalk.o

.debug_addr
 *(.debug_addr)

.debug_line_str
 *(.debug_line_str)

.debug_loclists
 *(.debug_loclists)

.debug_macro
 *(.debug_macro)

.debug_names
 *(.debug_names)

.debug_rnglists
 *(.debug_rnglists)

.debug_str_offsets
 *(.debug_str_offsets)

.debug_sup
 *(.debug_sup)

.gnu.attributes
 *(.gnu.attributes)

/DISCARD/
 *(.note.GNU-stack)
 *(.gnu_debuglink)
 *(.gnu.lto_*)
OUTPUT(build/interface_calibrate elf64-x86-64)

Querverweistabelle

Symbol                                            Datei
GLIBC_2.10                                        /lib/x86_64-linux-gnu/libc.so.6
GLIBC_2.11                                        /lib/x86_64-linux-gnu/libc.so.6
GLIBC_2.12                                        /lib/x86_64-linux-gnu/libc.so.6
GLIBC_2.13                                        /lib/x86_64-linux-gnu/libc.so.6
GLIBC_2.14                                        /lib/x86_64-linux-gnu/libc.so.6
GLIBC_2.15                                        /lib/x86_64-linux-gnu/libc.so.6
                                                  /lib/x86_64-linux-gnu/libm.so.6
GLIBC_2.16                                        /lib/x86_64-linux-gnu/libc.so.6
GLIBC_2.17                                        /lib/x86_64-linux-gnu/libc.so.6
GLIBC_2.18                                        /lib/x86_64-linux-gnu/libc.so.6
                                                  /lib/x86_64-linux-gnu/libm.so.6
GLIBC_2.2.5                                       /lib/x86_64-linux-gnu/libc.so.6
                                                  /lib/x86_64-linux-gnu/libcrypt.so.1
                                                  /lib/x86_64-linux-gnu/libm.so.6
                                                  /lib64/ld-linux-x86-64.so.2
GLIBC_2.2.6                                       /lib/x86_64-linux-gnu/libc.so.6
GLIBC_2.22                                        /lib/x86_64-linux-gnu/libc.so.6
GLIBC_2.23                                        /lib/x86_64-linux-gnu/libc.so.6
                                                  /lib/x86_64-linux-gnu/libm.so.6
GLIBC_2.24                                        /lib/x86_64-linux-gnu/libc.so.6
                                                  /lib/x86_64-linux-gnu/libm.so.6
GLIBC_2.25                                        /lib/x86_64-linux-gnu/libc.so.6
                                                  /lib/x86_64-linux-gnu/libm.so.6
GLIBC_2.26                                        /lib/x86_64-linux-gnu/libc.so.6
                                                  /lib/x86_64-linux-gnu/libm.so.6
GLIBC_2.27                                        /lib/x86_64-linux-gnu/libc.so.6
                                                  /lib/x86_64-linux-gnu/libm.so.6
GLIBC_2.28                                        /lib/x86_64-linux-gnu/libc.so.6
                                                  /lib/x86_64-linux-gnu/libm.so.6
GLIBC_2.29                                        /lib/x86_64-linux-gnu/libc.so.6
                                                  /lib/x86_64-linux-gnu/libm.so.6
GLIBC_2.3                                         /lib/x86_64-linux-gnu/libc.so.6
                                                  /lib64/ld-linux-x86-64.so.2
GLIBC_2.3.2                                       /lib/x86_64-linux-gnu/libc.so.6
GLIBC_2.3.3                                       /lib/x86_64-linux-gnu/libc.so.6
GLIBC_2.3.4                                       /lib/x86_64-linux-gnu/libc.so.6
GLIBC_2.30                                        /lib/x86_64-linux-gnu/libc.so.6
GLIBC_2.31                                        /lib/x86_64-linux-gnu/libc.so.6
                                                  /lib/x86_64-linux-gnu/libm.so.6
GLIBC_2.32                                        /lib/x86_64-linux-gnu/libc.so.6
                                                  /lib/x86_64-linux-gnu/libm.so.6
GLIBC_2.33                                        /lib/x86_64-linux-gnu/libc.so.6
GLIBC_2.34                                        /lib/x86_64-linux-gnu/libc.so.6
                                                  /lib64/ld-linux-x86-64.so.2
GLIBC_2.35                                        /lib/x86_64-linux-gnu/libc.so.6
                                                  /lib/x86_64-linux-gnu/libm.so.6
                                                  /lib64/ld-linux-x86-64.so.2
GLIBC_2.36                                        /lib/x86_64-linux-gnu/libc.so.6
GLIBC_2.38                                        /lib/x86_64-linux-gnu/libc.so.6
                                                  /lib/x86_64-linux-gnu/libm.so.6
GLIBC_2.39                                        /lib/x86_64-linux-gnu/libc.so.6
                                                  /lib/x86_64-linux-gnu/libm.so.6
GLIBC_2.4                                         /lib/x86_64-linux-gnu/libc.so.6
                                                  /lib/x86_64-linux-gnu/libm.so.6
                                                  /lib64/ld-linux-x86-64.so.2
GLIBC_2.5                                         /lib/x86_64-linux-gnu/libc.so.6
GLIBC_2.6                                         /lib/x86_64-linux-gnu/libc.so.6
GLIBC_2.7                                         /lib/x86_64-linux-gnu/libc.so.6
GLIBC_2.8                                         /lib/x86_64-linux-gnu/libc.so.6
GLIBC_2.9                                         /lib/x86_64-linux-gnu/libc.so.6
GLIBC_ABI_DT_RELR                                 /lib/x86_64-linux-gnu/libc.so.6
GLIBC_PRIVATE                                     /lib/x86_64-linux-gnu/libc.so.6
                                                  /lib64/ld-linux-x86-64.so.2
VL53L8CX_ConfigIT                                 build/obj/vl53l8cx.o
VL53L8CX_ConfigProfile                            build/obj/vl53l8cx.o
VL53L8CX_ConfigROI                                build/obj/vl53l8cx.o
VL53L8CX_DEFAULT_CONFIGURATION                    build/obj/vl53l8cx_api.o
VL53L8CX_DEFAULT_XTALK                            build/obj/vl53l8cx_api.o
VL53L8CX_DeInit                                   build/obj/vl53l8cx.o
VL53L8CX_FIRMWARE                                 build/obj/vl53l8cx_api.o
VL53L8CX_GET_NVM_CMD                              build/obj/vl53l8cx_api.o
VL53L8CX_GetAddress                               build/obj/vl53l8cx.o
VL53L8CX_GetCapabilities                          build/obj/vl53l8cx.o
VL53L8CX_GetDistance                              build/obj/vl53l8cx.o
VL53L8CX_GetPowerMode                             build/obj/vl53l8cx.o
VL53L8CX_Init                                     build/obj/vl53l8cx.o
VL53L8CX_InitSPI                                  build/obj/vl53l8cx_platform.o
VL53L8CX_RANGING_SENSOR_Driver                    build/obj/vl53l8cx.o
VL53L8CX_RdByte                                   build/obj/vl53l8cx_platform.o
                                                  build/obj/vl53l8cx.o
                                                  build/obj/vl53l8cx_api.o
VL53L8CX_RdMulti                                  build/obj/vl53l8cx_platform.o
                                                  build/obj/vl53l8cx_plugin_xtalk.o
                                                  build/obj/vl53l8cx_api.o
VL53L8CX_ReadID                                   build/obj/vl53l8cx.o
VL53L8CX_RegisterBusIO                            build/obj/vl53l8cx.o
VL53L8CX_SetAddress                               build/obj/vl53l8cx.o
VL53L8CX_SetPowerMode                             build/obj/vl53l8cx.o
VL53L8CX_Start                                    build/obj/vl53l8cx.o
VL53L8CX_Stop                                     build/obj/vl53l8cx.o
VL53L8CX_SwapBuffer                               build/obj/vl53l8cx_platform.o
                                                  build/obj/vl53l8cx_api.o
VL53L8CX_WaitMs                                   build/obj/vl53l8cx_platform.o
                                                  build/obj/vl53l8cx_plugin_xtalk.o
                                                  build/obj/vl53l8cx_api.o
VL53L8CX_WrByte                                   build/obj/vl53l8cx_platform.o
                                                  build/obj/vl53l8cx.o
                                                  build/obj/vl53l8cx_api.o
VL53L8CX_WrMulti                                  build/obj/vl53l8cx_platform.o
                                                  build/obj/vl53l8cx_plugin_xtalk.o
                                                  build/obj/vl53l8cx_api.o
VL53L8CX_XTalkCalibration                         build/obj/vl53l8cx.o
XCRYPT_2.0                                        /lib/x86_64-linux-gnu/libcrypt.so.1
XCRYPT_4.3                                        /lib/x86_64-linux-gnu/libcrypt.so.1
XCRYPT_4.4                                        /lib/x86_64-linux-gnu/libcrypt.so.1
_DYNAMIC                                          /usr/lib/gcc/x86_64-linux-gnu/13/../../../x86_64-linux-gnu/Scrt1.o
_Exit                                             /lib/x86_64-linux-gnu/libc.so.6
_Exit@@GLIBC_2.2.5                                /lib/x86_64-linux-gnu/libc.so.6
_Exit@GLIBC_2.2.5                                 /lib/x86_64-linux-gnu/libc.so.6
_GLOBAL_OFFSET_TABLE_                             /usr/lib/gcc/x86_64-linux-gnu/13/../../../x86_64-linux-gnu/Scrt1.o
                                                  /usr/lib/gcc/x86_64-linux-gnu/13/crtbeginS.o
                                                  /usr/lib/gcc/x86_64-linux-gnu/13/../../../x86_64-linux-gnu/crti.o
_IO_flockfile                                     /lib/x86_64-linux-gnu/libc.so.6
_IO_flockfile@@GLIBC_2.2.5                        /lib/x86_64-linux-gnu/libc.so.6
_IO_flockfile@GLIBC_2.2.5                         /lib/x86_64-linux-gnu/libc.so.6
_IO_fprintf                                       /lib/x86_64-linux-gnu/libc.so.6
_IO_fprintf@@GLIBC_2.2.5                          /lib/x86_64-linux-gnu/libc.so.6
_IO_fprintf@GLIBC_2.2.5                           /lib/x86_64-linux-gnu/libc.so.6
_IO_ftrylockfile                                  /lib/x86_64-linux-gnu/libc.so.6
_IO_ftrylockfile@@GLIBC_2.2.5                     /lib/x86_64-linux-gnu/libc.so.6
_IO_ftrylockfile@GLIBC_2.2.5                      /lib/x86_64-linux-gnu/libc.so.6
_IO_funlockfile                                   /lib/x86_64-linux-gnu/libc.so.6
_IO_funlockfile@@GLIBC_2.2.5                      /lib/x86_64-linux-gnu/libc.so.6
_IO_funlockfile@GLIBC_2.2.5                       /lib/x86_64-linux-gnu/libc.so.6
_IO_stdin_used                                    /usr/lib/gcc/x86_64-linux-gnu/13/../../../x86_64-linux-gnu/Scrt1.o
_ITM_deregisterTMCloneTable                       /lib/x86_64-linux-gnu/libcrypt.so.1
                                                  /lib/x86_64-linux-gnu/libm.so.6
                                                  /usr/lib/gcc/x86_64-linux-gnu/13/../../../../lib/libwiringPi.so
                                                  /usr/lib/gcc/x86_64-linux-gnu/13/crtbeginS.o
_ITM_registerTMCloneTable                         /lib/x86_64-linux-gnu/libcrypt.so.1
                                                  /lib/x86_64-linux-gnu/libm.so.6
                                                  /usr/lib/gcc/x86_64-linux-gnu/13/../../../../lib/libwiringPi.so
                                                  /usr/lib/gcc/x86_64-linux-gnu/13/crtbeginS.o
__GNU_EH_FRAME_HDR                                build/interface_calibrate
__TMC_END__                                       /usr/lib/gcc/x86_64-linux-gnu/13/crtendS.o
                                                  /usr/lib/gcc/x86_64-linux-gnu/13/crtbeginS.o
__after_morecore_hook@GLIBC_2.2.5                 /lib/x86_64-linux-gnu/libc.so.6
__compat_bdflush                                  /lib/x86_64-linux-gnu/libc.so.6
                                                  /lib/x86_64-linux-gnu/libc.so.6
__connect                                         /lib/x86_64-linux-gnu/libc.so.6
__connect@@GLIBC_2.2.5                            /lib/x86_64-linux-gnu/libc.so.6
__connect@GLIBC_2.2.5                             /lib/x86_64-linux-gnu/libc.so.6
__ctype_get_mb_cur_max                            /lib/x86_64-linux-gnu/libc.so.6
__ctype_get_mb_cur_max@@GLIBC_2.2.5               /lib/x86_64-linux-gnu/libc.so.6
__ctype_get_mb_cur_max@GLIBC_2.2.5                /lib/x86_64-linux-gnu/libc.so.6
__cxa_finalize                                    /lib/x86_64-linux-gnu/libc.so.6
                                                  /usr/lib/gcc/x86_64-linux-gnu/13/crtbeginS.o
__cxa_finalize@@GLIBC_2.2.5                       /lib/x86_64-linux-gnu/libc.so.6
__cxa_finalize@GLIBC_2.2.5                        /lib/x86_64-linux-gnu/libc.so.6
                                                  /lib/x86_64-linux-gnu/libcrypt.so.1
                                                  /lib/x86_64-linux-gnu/libm.so.6
                                                  /usr/lib/gcc/x86_64-linux-gnu/13/../../../../lib/libwiringPi.so
__data_start                                      /usr/lib/gcc/x86_64-linux-gnu/13/../../../x86_64-linux-gnu/Scrt1.o
__dso_handle                                      /usr/lib/gcc/x86_64-linux-gnu/13/crtbeginS.o
__errno_location                                  /lib/x86_64-linux-gnu/libc.so.6
                                                  build/obj/vl53l8cx_platform.o
__errno_location@@GLIBC_2.2.5                     /lib/x86_64-linux-gnu/libc.so.6
__errno_location@GLIBC_2.2.5                      /lib/x86_64-linux-gnu/libc.so.6
                                                  /lib/x86_64-linux-gnu/libcrypt.so.1
                                                  /usr/lib/gcc/x86_64-linux-gnu/13/../../../../lib/libwiringPi.so
__fcntl                                           /lib/x86_64-linux-gnu/libc.so.6
__fcntl@@GLIBC_2.2.5                              /lib/x86_64-linux-gnu/libc.so.6
__fcntl@GLIBC_2.2.5                               /lib/x86_64-linux-gnu/libc.so.6
__free_hook@GLIBC_2.2.5                           /lib/x86_64-linux-gnu/libc.so.6
__gmon_start__                                    /lib/x86_64-linux-gnu/libcrypt.so.1
                                                  /lib/x86_64-linux-gnu/libm.so.6
                                                  /usr/lib/gcc/x86_64-linux-gnu/13/../../../../lib/libwiringPi.so
                                                  /usr/lib/gcc/x86_64-linux-gnu/13/../../../x86_64-linux-gnu/crti.o
__isascii_l                                       /lib/x86_64-linux-gnu/libc.so.6
__isascii_l@@GLIBC_2.2.5                          /lib/x86_64-linux-gnu/libc.so.6
__isascii_l@GLIBC_2.2.5                           /lib/x86_64-linux-gnu/libc.so.6
__isoc23_strtoimax                                /lib/x86_64-linux-gnu/libc.so.6
__isoc23_strtoimax@@GLIBC_2.38                    /lib/x86_64-linux-gnu/libc.so.6
__isoc23_strtoimax@GLIBC_2.38                     /lib/x86_64-linux-gnu/libc.so.6
__isoc23_strtoll                                  /lib/x86_64-linux-gnu/libc.so.6
__isoc23_strtoll@@GLIBC_2.38                      /lib/x86_64-linux-gnu/libc.so.6
__isoc23_strtoll@GLIBC_2.38                       /lib/x86_64-linux-gnu/libc.so.6
__isoc23_strtoll_l                                /lib/x86_64-linux-gnu/libc.so.6
__isoc23_strtoll_l@@GLIBC_2.38                    /lib/x86_64-linux-gnu/libc.so.6
__isoc23_strtoll_l@GLIBC_2.38                     /lib/x86_64-linux-gnu/libc.so.6
__isoc23_strtoull                                 /lib/x86_64-linux-gnu/libc.so.6
__isoc23_strtoull@@GLIBC_2.38                     /lib/x86_64-linux-gnu/libc.so.6
__isoc23_strtoull@GLIBC_2.38                      /lib/x86_64-linux-gnu/libc.so.6
__isoc23_strtoull_l                               /lib/x86_64-linux-gnu/libc.so.6
__isoc23_strtoull_l@@GLIBC_2.38                   /lib/x86_64-linux-gnu/libc.so.6
__isoc23_strtoull_l@GLIBC_2.38                    /lib/x86_64-linux-gnu/libc.so.6
__isoc23_strtoumax                                /lib/x86_64-linux-gnu/libc.so.6
__isoc23_strtoumax@@GLIBC_2.38                    /lib/x86_64-linux-gnu/libc.so.6
__isoc23_strtoumax@GLIBC_2.38                     /lib/x86_64-linux-gnu/libc.so.6
__isoc23_wcstoimax                                /lib/x86_64-linux-gnu/libc.so.6
__isoc23_wcstoimax@@GLIBC_2.38                    /lib/x86_64-linux-gnu/libc.so.6
__isoc23_wcstoimax@GLIBC_2.38                     /lib/x86_64-linux-gnu/libc.so.6
__isoc23_wcstoll                                  /lib/x86_64-linux-gnu/libc.so.6
__isoc23_wcstoll@@GLIBC_2.38                      /lib/x86_64-linux-gnu/libc.so.6
__isoc23_wcstoll@GLIBC_2.38                       /lib/x86_64-linux-gnu/libc.so.6
__isoc23_wcstoll_l                                /lib/x86_64-linux-gnu/libc.so.6
__isoc23_wcstoll_l@@GLIBC_2.38                    /lib/x86_64-linux-gnu/libc.so.6
__isoc23_wcstoll_l@GLIBC_2.38                     /lib/x86_64-linux-gnu/libc.so.6
__isoc23_wcstoull                                 /lib/x86_64-linux-gnu/libc.so.6
__isoc23_wcstoull@@GLIBC_2.38                     /lib/x86_64-linux-gnu/libc.so.6
__isoc23_wcstoull@GLIBC_2.38                      /lib/x86_64-linux-gnu/libc.so.6
__isoc23_wcstoull_l                               /lib/x86_64-linux-gnu/libc.so.6
__isoc23_wcstoull_l@@GLIBC_2.38                   /lib/x86_64-linux-gnu/libc.so.6
__isoc23_wcstoull_l@GLIBC_2.38                    /lib/x86_64-linux-gnu/libc.so.6
__isoc23_wcstoumax                                /lib/x86_64-linux-gnu/libc.so.6
__isoc23_wcstoumax@@GLIBC_2.38                    /lib/x86_64-linux-gnu/libc.so.6
__isoc23_wcstoumax@GLIBC_2.38                     /lib/x86_64-linux-gnu/libc.so.6
__libc_secure_getenv                              /lib/x86_64-linux-gnu/libc.so.6
__libc_secure_getenv@@GLIBC_PRIVATE               /lib/x86_64-linux-gnu/libc.so.6
__libc_secure_getenv@GLIBC_PRIVATE                /lib/x86_64-linux-gnu/libc.so.6
__malloc_hook@GLIBC_2.2.5                         /lib/x86_64-linux-gnu/libc.so.6
__memalign_hook@GLIBC_2.2.5                       /lib/x86_64-linux-gnu/libc.so.6
__open                                            /lib/x86_64-linux-gnu/libc.so.6
__open64                                          /lib/x86_64-linux-gnu/libc.so.6
__open64@@GLIBC_2.2.5                             /lib/x86_64-linux-gnu/libc.so.6
__open64@GLIBC_2.2.5                              /lib/x86_64-linux-gnu/libc.so.6
__open@@GLIBC_2.2.5                               /lib/x86_64-linux-gnu/libc.so.6
__open@GLIBC_2.2.5                                /lib/x86_64-linux-gnu/libc.so.6
__pread64                                         /lib/x86_64-linux-gnu/libc.so.6
__pread64@@GLIBC_2.2.5                            /lib/x86_64-linux-gnu/libc.so.6
__pread64@GLIBC_2.2.5                             /lib/x86_64-linux-gnu/libc.so.6
__pwrite64                                        /lib/x86_64-linux-gnu/libc.so.6
__pwrite64@@GLIBC_2.2.5                           /lib/x86_64-linux-gnu/libc.so.6
__pwrite64@GLIBC_2.2.5                            /lib/x86_64-linux-gnu/libc.so.6
__realloc_hook@GLIBC_2.2.5                        /lib/x86_64-linux-gnu/libc.so.6
__recv                                            /lib/x86_64-linux-gnu/libc.so.6
__recv@@GLIBC_PRIVATE                             /lib/x86_64-linux-gnu/libc.so.6
__recv@GLIBC_PRIVATE                              /lib/x86_64-linux-gnu/libc.so.6
__secure_getenv@GLIBC_2.2.5                       /lib/x86_64-linux-gnu/libc.so.6
__stack_chk_fail                                  /lib/x86_64-linux-gnu/libc.so.6
                                                  build/obj/vl53l8cx_plugin_xtalk.o
                                                  build/obj/vl53l8cx_plugin_detection_thresholds.o
                                                  build/obj/vl53l8cx_platform.o
                                                  build/obj/vl53l8cx.o
                                                  build/obj/vl53l8cx_api.o
                                                  build/obj/test-lidar.o
__stack_chk_fail@@GLIBC_2.4                       /lib/x86_64-linux-gnu/libc.so.6
__stack_chk_fail@GLIBC_2.4                        /lib/x86_64-linux-gnu/libc.so.6
                                                  /lib/x86_64-linux-gnu/libcrypt.so.1
                                                  /lib/x86_64-linux-gnu/libm.so.6
                                                  /usr/lib/gcc/x86_64-linux-gnu/13/../../../../lib/libwiringPi.so
__statfs                                          /lib/x86_64-linux-gnu/libc.so.6
__statfs@@GLIBC_2.2.5                             /lib/x86_64-linux-gnu/libc.so.6
__statfs@GLIBC_2.2.5                              /lib/x86_64-linux-gnu/libc.so.6
__strtoll_l                                       /lib/x86_64-linux-gnu/libc.so.6
__strtoll_l@@GLIBC_2.2.5                          /lib/x86_64-linux-gnu/libc.so.6
__strtoll_l@GLIBC_2.2.5                           /lib/x86_64-linux-gnu/libc.so.6
__strtoull_l                                      /lib/x86_64-linux-gnu/libc.so.6
__strtoull_l@@GLIBC_2.2.5                         /lib/x86_64-linux-gnu/libc.so.6
__strtoull_l@GLIBC_2.2.5                          /lib/x86_64-linux-gnu/libc.so.6
__toascii_l                                       /lib/x86_64-linux-gnu/libc.so.6
__toascii_l@@GLIBC_2.2.5                          /lib/x86_64-linux-gnu/libc.so.6
__toascii_l@GLIBC_2.2.5                           /lib/x86_64-linux-gnu/libc.so.6
__vsnprintf                                       /lib/x86_64-linux-gnu/libc.so.6
__vsnprintf@@GLIBC_2.2.5                          /lib/x86_64-linux-gnu/libc.so.6
__vsnprintf@GLIBC_2.2.5                           /lib/x86_64-linux-gnu/libc.so.6
__vsscanf                                         /lib/x86_64-linux-gnu/libc.so.6
__vsscanf@@GLIBC_2.2.5                            /lib/x86_64-linux-gnu/libc.so.6
__vsscanf@GLIBC_2.2.5                             /lib/x86_64-linux-gnu/libc.so.6
__wcstoll_l                                       /lib/x86_64-linux-gnu/libc.so.6
__wcstoll_l@@GLIBC_2.2.5                          /lib/x86_64-linux-gnu/libc.so.6
__wcstoll_l@GLIBC_2.2.5                           /lib/x86_64-linux-gnu/libc.so.6
__wcstoull_l                                      /lib/x86_64-linux-gnu/libc.so.6
__wcstoull_l@@GLIBC_2.2.5                         /lib/x86_64-linux-gnu/libc.so.6
__wcstoull_l@GLIBC_2.2.5                          /lib/x86_64-linux-gnu/libc.so.6
__write                                           /lib/x86_64-linux-gnu/libc.so.6
__write@@GLIBC_2.2.5                              /lib/x86_64-linux-gnu/libc.so.6
__write@GLIBC_2.2.5                               /lib/x86_64-linux-gnu/libc.so.6
__xpg_sigpause                                    /lib/x86_64-linux-gnu/libc.so.6
__xpg_sigpause@@GLIBC_2.2.5                       /lib/x86_64-linux-gnu/libc.so.6
__xpg_sigpause@GLIBC_2.2.5                        /lib/x86_64-linux-gnu/libc.so.6
_environ                                          /lib/x86_64-linux-gnu/libc.so.6
_environ@@GLIBC_2.2.5                             /lib/x86_64-linux-gnu/libc.so.6
_environ@GLIBC_2.2.5                              /lib/x86_64-linux-gnu/libc.so.6
_fini                                             /usr/lib/gcc/x86_64-linux-gnu/13/../../../x86_64-linux-gnu/crti.o
_flushlbf                                         /lib/x86_64-linux-gnu/libc.so.6
_flushlbf@@GLIBC_2.2.5                            /lib/x86_64-linux-gnu/libc.so.6
_flushlbf@GLIBC_2.2.5                             /lib/x86_64-linux-gnu/libc.so.6
_init                                             /usr/lib/gcc/x86_64-linux-gnu/13/../../../x86_64-linux-gnu/crti.o
_longjmp                                          /lib/x86_64-linux-gnu/libc.so.6
_longjmp@@GLIBC_2.2.5                             /lib/x86_64-linux-gnu/libc.so.6
_longjmp@GLIBC_2.2.5                              /lib/x86_64-linux-gnu/libc.so.6
_start                                            /usr/lib/gcc/x86_64-linux-gnu/13/../../../x86_64-linux-gnu/Scrt1.o
access                                            /lib/x86_64-linux-gnu/libc.so.6
access@@GLIBC_2.2.5                               /lib/x86_64-linux-gnu/libc.so.6
access@GLIBC_2.2.5                                /lib/x86_64-linux-gnu/libc.so.6
acos                                              /lib/x86_64-linux-gnu/libm.so.6
acos@@GLIBC_2.2.5                                 /lib/x86_64-linux-gnu/libm.so.6
acos@GLIBC_2.2.5                                  /lib/x86_64-linux-gnu/libm.so.6
acosf                                             /lib/x86_64-linux-gnu/libm.so.6
acosf128                                          /lib/x86_64-linux-gnu/libm.so.6
acosf128@@GLIBC_2.26                              /lib/x86_64-linux-gnu/libm.so.6
acosf128@GLIBC_2.26                               /lib/x86_64-linux-gnu/libm.so.6
acosf32                                           /lib/x86_64-linux-gnu/libm.so.6
acosf32@@GLIBC_2.27                               /lib/x86_64-linux-gnu/libm.so.6
acosf32@GLIBC_2.27                                /lib/x86_64-linux-gnu/libm.so.6
acosf32x                                          /lib/x86_64-linux-gnu/libm.so.6
acosf32x@@GLIBC_2.27                              /lib/x86_64-linux-gnu/libm.so.6
acosf32x@GLIBC_2.27                               /lib/x86_64-linux-gnu/libm.so.6
acosf64                                           /lib/x86_64-linux-gnu/libm.so.6
acosf64@@GLIBC_2.27                               /lib/x86_64-linux-gnu/libm.so.6
acosf64@GLIBC_2.27                                /lib/x86_64-linux-gnu/libm.so.6
acosf64x                                          /lib/x86_64-linux-gnu/libm.so.6
acosf64x@@GLIBC_2.27                              /lib/x86_64-linux-gnu/libm.so.6
acosf64x@GLIBC_2.27                               /lib/x86_64-linux-gnu/libm.so.6
acosf@@GLIBC_2.2.5                                /lib/x86_64-linux-gnu/libm.so.6
acosf@GLIBC_2.2.5                                 /lib/x86_64-linux-gnu/libm.so.6
acosh                                             /lib/x86_64-linux-gnu/libm.so.6
acosh@@GLIBC_2.2.5                                /lib/x86_64-linux-gnu/libm.so.6
acosh@GLIBC_2.2.5                                 /lib/x86_64-linux-gnu/libm.so.6
acoshf                                            /lib/x86_64-linux-gnu/libm.so.6
acoshf128                                         /lib/x86_64-linux-gnu/libm.so.6
acoshf128@@GLIBC_2.26                             /lib/x86_64-linux-gnu/libm.so.6
acoshf128@GLIBC_2.26                              /lib/x86_64-linux-gnu/libm.so.6
acoshf32                                          /lib/x86_64-linux-gnu/libm.so.6
acoshf32@@GLIBC_2.27                              /lib/x86_64-linux-gnu/libm.so.6
acoshf32@GLIBC_2.27                               /lib/x86_64-linux-gnu/libm.so.6
acoshf32x                                         /lib/x86_64-linux-gnu/libm.so.6
acoshf32x@@GLIBC_2.27                             /lib/x86_64-linux-gnu/libm.so.6
acoshf32x@GLIBC_2.27                              /lib/x86_64-linux-gnu/libm.so.6
acoshf64                                          /lib/x86_64-linux-gnu/libm.so.6
acoshf64@@GLIBC_2.27                              /lib/x86_64-linux-gnu/libm.so.6
acoshf64@GLIBC_2.27                               /lib/x86_64-linux-gnu/libm.so.6
acoshf64x                                         /lib/x86_64-linux-gnu/libm.so.6
acoshf64x@@GLIBC_2.27                             /lib/x86_64-linux-gnu/libm.so.6
acoshf64x@GLIBC_2.27                              /lib/x86_64-linux-gnu/libm.so.6
acoshf@@GLIBC_2.2.5                               /lib/x86_64-linux-gnu/libm.so.6
acoshf@GLIBC_2.2.5                                /lib/x86_64-linux-gnu/libm.so.6
acoshl                                            /lib/x86_64-linux-gnu/libm.so.6
acoshl@@GLIBC_2.2.5                               /lib/x86_64-linux-gnu/libm.so.6
acoshl@GLIBC_2.2.5                                /lib/x86_64-linux-gnu/libm.so.6
acosl                                             /lib/x86_64-linux-gnu/libm.so.6
acosl@@GLIBC_2.2.5                                /lib/x86_64-linux-gnu/libm.so.6
acosl@GLIBC_2.2.5                                 /lib/x86_64-linux-gnu/libm.so.6
addmntent                                         /lib/x86_64-linux-gnu/libc.so.6
addmntent@@GLIBC_2.2.5                            /lib/x86_64-linux-gnu/libc.so.6
addmntent@GLIBC_2.2.5                             /lib/x86_64-linux-gnu/libc.so.6
addseverity                                       /lib/x86_64-linux-gnu/libc.so.6
addseverity@@GLIBC_2.2.5                          /lib/x86_64-linux-gnu/libc.so.6
addseverity@GLIBC_2.2.5                           /lib/x86_64-linux-gnu/libc.so.6
adjtime                                           /lib/x86_64-linux-gnu/libc.so.6
adjtime@@GLIBC_2.2.5                              /lib/x86_64-linux-gnu/libc.so.6
adjtime@GLIBC_2.2.5                               /lib/x86_64-linux-gnu/libc.so.6
adjtimex                                          /lib/x86_64-linux-gnu/libc.so.6
adjtimex@@GLIBC_2.2.5                             /lib/x86_64-linux-gnu/libc.so.6
adjtimex@GLIBC_2.2.5                              /lib/x86_64-linux-gnu/libc.so.6
advance@GLIBC_2.2.5                               /lib/x86_64-linux-gnu/libc.so.6
aligned_alloc                                     /lib/x86_64-linux-gnu/libc.so.6
aligned_alloc@@GLIBC_2.16                         /lib/x86_64-linux-gnu/libc.so.6
aligned_alloc@GLIBC_2.16                          /lib/x86_64-linux-gnu/libc.so.6
alphasort                                         /lib/x86_64-linux-gnu/libc.so.6
alphasort64                                       /lib/x86_64-linux-gnu/libc.so.6
alphasort64@@GLIBC_2.2.5                          /lib/x86_64-linux-gnu/libc.so.6
alphasort64@GLIBC_2.2.5                           /lib/x86_64-linux-gnu/libc.so.6
alphasort@@GLIBC_2.2.5                            /lib/x86_64-linux-gnu/libc.so.6
alphasort@GLIBC_2.2.5                             /lib/x86_64-linux-gnu/libc.so.6
arc4random                                        /lib/x86_64-linux-gnu/libc.so.6
arc4random@@GLIBC_2.36                            /lib/x86_64-linux-gnu/libc.so.6
arc4random@GLIBC_2.36                             /lib/x86_64-linux-gnu/libc.so.6
arc4random_buf                                    /lib/x86_64-linux-gnu/libc.so.6
arc4random_buf@@GLIBC_2.36                        /lib/x86_64-linux-gnu/libc.so.6
arc4random_buf@GLIBC_2.36                         /lib/x86_64-linux-gnu/libc.so.6
                                                  /lib/x86_64-linux-gnu/libcrypt.so.1
arc4random_uniform                                /lib/x86_64-linux-gnu/libc.so.6
arc4random_uniform@@GLIBC_2.36                    /lib/x86_64-linux-gnu/libc.so.6
arc4random_uniform@GLIBC_2.36                     /lib/x86_64-linux-gnu/libc.so.6
arch_prctl                                        /lib/x86_64-linux-gnu/libc.so.6
arch_prctl@@GLIBC_2.2.5                           /lib/x86_64-linux-gnu/libc.so.6
arch_prctl@GLIBC_2.2.5                            /lib/x86_64-linux-gnu/libc.so.6
argp_error                                        /lib/x86_64-linux-gnu/libc.so.6
argp_error@@GLIBC_2.2.5                           /lib/x86_64-linux-gnu/libc.so.6
argp_error@GLIBC_2.2.5                            /lib/x86_64-linux-gnu/libc.so.6
argp_failure                                      /lib/x86_64-linux-gnu/libc.so.6
argp_failure@@GLIBC_2.2.5                         /lib/x86_64-linux-gnu/libc.so.6
argp_failure@GLIBC_2.2.5                          /lib/x86_64-linux-gnu/libc.so.6
argp_help                                         /lib/x86_64-linux-gnu/libc.so.6
argp_help@@GLIBC_2.2.5                            /lib/x86_64-linux-gnu/libc.so.6
argp_help@GLIBC_2.2.5                             /lib/x86_64-linux-gnu/libc.so.6
argp_parse                                        /lib/x86_64-linux-gnu/libc.so.6
argp_parse@@GLIBC_2.2.5                           /lib/x86_64-linux-gnu/libc.so.6
argp_parse@GLIBC_2.2.5                            /lib/x86_64-linux-gnu/libc.so.6
argp_state_help                                   /lib/x86_64-linux-gnu/libc.so.6
argp_state_help@@GLIBC_2.2.5                      /lib/x86_64-linux-gnu/libc.so.6
argp_state_help@GLIBC_2.2.5                       /lib/x86_64-linux-gnu/libc.so.6
argp_usage                                        /lib/x86_64-linux-gnu/libc.so.6
argp_usage@@GLIBC_2.2.5                           /lib/x86_64-linux-gnu/libc.so.6
argp_usage@GLIBC_2.2.5                            /lib/x86_64-linux-gnu/libc.so.6
argz_add                                          /lib/x86_64-linux-gnu/libc.so.6
argz_add@@GLIBC_2.2.5                             /lib/x86_64-linux-gnu/libc.so.6
argz_add@GLIBC_2.2.5                              /lib/x86_64-linux-gnu/libc.so.6
argz_add_sep                                      /lib/x86_64-linux-gnu/libc.so.6
argz_add_sep@@GLIBC_2.2.5                         /lib/x86_64-linux-gnu/libc.so.6
argz_add_sep@GLIBC_2.2.5                          /lib/x86_64-linux-gnu/libc.so.6
argz_append                                       /lib/x86_64-linux-gnu/libc.so.6
argz_append@@GLIBC_2.2.5                          /lib/x86_64-linux-gnu/libc.so.6
argz_append@GLIBC_2.2.5                           /lib/x86_64-linux-gnu/libc.so.6
argz_count                                        /lib/x86_64-linux-gnu/libc.so.6
argz_count@@GLIBC_2.2.5                           /lib/x86_64-linux-gnu/libc.so.6
argz_count@GLIBC_2.2.5                            /lib/x86_64-linux-gnu/libc.so.6
argz_create                                       /lib/x86_64-linux-gnu/libc.so.6
argz_create@@GLIBC_2.2.5                          /lib/x86_64-linux-gnu/libc.so.6
argz_create@GLIBC_2.2.5                           /lib/x86_64-linux-gnu/libc.so.6
argz_create_sep                                   /lib/x86_64-linux-gnu/libc.so.6
argz_create_sep@@GLIBC_2.2.5                      /lib/x86_64-linux-gnu/libc.so.6
argz_create_sep@GLIBC_2.2.5                       /lib/x86_64-linux-gnu/libc.so.6
argz_extract                                      /lib/x86_64-linux-gnu/libc.so.6
argz_extract@@GLIBC_2.2.5                         /lib/x86_64-linux-gnu/libc.so.6
argz_extract@GLIBC_2.2.5                          /lib/x86_64-linux-gnu/libc.so.6
argz_insert                                       /lib/x86_64-linux-gnu/libc.so.6
argz_insert@@GLIBC_2.2.5                          /lib/x86_64-linux-gnu/libc.so.6
argz_insert@GLIBC_2.2.5                           /lib/x86_64-linux-gnu/libc.so.6
argz_next                                         /lib/x86_64-linux-gnu/libc.so.6
argz_next@@GLIBC_2.2.5                            /lib/x86_64-linux-gnu/libc.so.6
argz_next@GLIBC_2.2.5                             /lib/x86_64-linux-gnu/libc.so.6
[...]
wcscat@GLIBC_2.2.5                                /lib/x86_64-linux-gnu/libc.so.6
wcschr                                            /lib/x86_64-linux-gnu/libc.so.6
wcschr@@GLIBC_2.2.5                               /lib/x86_64-linux-gnu/libc.so.6
wcschr@GLIBC_2.2.5                                /lib/x86_64-linux-gnu/libc.so.6
wcschrnul                                         /lib/x86_64-linux-gnu/libc.so.6
wcschrnul@@GLIBC_2.2.5                            /lib/x86_64-linux-gnu/libc.so.6
wcschrnul@GLIBC_2.2.5                             /lib/x86_64-linux-gnu/libc.so.6
wcscmp                                            /lib/x86_64-linux-gnu/libc.so.6
wcscmp@@GLIBC_2.2.5                               /lib/x86_64-linux-gnu/libc.so.6
wcscmp@GLIBC_2.2.5                                /lib/x86_64-linux-gnu/libc.so.6
wcscoll                                           /lib/x86_64-linux-gnu/libc.so.6
wcscoll@@GLIBC_2.2.5                              /lib/x86_64-linux-gnu/libc.so.6
wcscoll@GLIBC_2.2.5                               /lib/x86_64-linux-gnu/libc.so.6
wcscoll_l                                         /lib/x86_64-linux-gnu/libc.so.6
wcscoll_l@@GLIBC_2.3                              /lib/x86_64-linux-gnu/libc.so.6
wcscoll_l@GLIBC_2.3                               /lib/x86_64-linux-gnu/libc.so.6
wcscpy                                            /lib/x86_64-linux-gnu/libc.so.6
wcscpy@@GLIBC_2.2.5                               /lib/x86_64-linux-gnu/libc.so.6
wcscpy@GLIBC_2.2.5                                /lib/x86_64-linux-gnu/libc.so.6
wcsftime_l                                        /lib/x86_64-linux-gnu/libc.so.6
wcsftime_l@@GLIBC_2.3                             /lib/x86_64-linux-gnu/libc.so.6
wcsftime_l@GLIBC_2.3                              /lib/x86_64-linux-gnu/libc.so.6
wcslcat                                           /lib/x86_64-linux-gnu/libc.so.6
wcslcat@@GLIBC_2.38                               /lib/x86_64-linux-gnu/libc.so.6
wcslcat@GLIBC_2.38                                /lib/x86_64-linux-gnu/libc.so.6
wcslcpy                                           /lib/x86_64-linux-gnu/libc.so.6
wcslcpy@@GLIBC_2.38                               /lib/x86_64-linux-gnu/libc.so.6
wcslcpy@GLIBC_2.38                                /lib/x86_64-linux-gnu/libc.so.6
wcslen                                            /lib/x86_64-linux-gnu/libc.so.6
wcslen@@GLIBC_2.2.5                               /lib/x86_64-linux-gnu/libc.so.6
wcslen@GLIBC_2.2.5                                /lib/x86_64-linux-gnu/libc.so.6
wcsncasecmp                                       /lib/x86_64-linux-gnu/libc.so.6
wcsncasecmp@@GLIBC_2.2.5                          /lib/x86_64-linux-gnu/libc.so.6
wcsncasecmp@GLIBC_2.2.5                           /lib/x86_64-linux-gnu/libc.so.6
wcsncasecmp_l                                     /lib/x86_64-linux-gnu/libc.so.6
wcsncasecmp_l@@GLIBC_2.3                          /lib/x86_64-linux-gnu/libc.so.6
wcsncasecmp_l@GLIBC_2.3                           /lib/x86_64-linux-gnu/libc.so.6
wcsncpy                                           /lib/x86_64-linux-gnu/libc.so.6
wcsncpy@@GLIBC_2.2.5                              /lib/x86_64-linux-gnu/libc.so.6
wcsncpy@GLIBC_2.2.5                               /lib/x86_64-linux-gnu/libc.so.6
wcsnlen                                           /lib/x86_64-linux-gnu/libc.so.6
wcsnlen@@GLIBC_2.2.5                              /lib/x86_64-linux-gnu/libc.so.6
wcsnlen@GLIBC_2.2.5                               /lib/x86_64-linux-gnu/libc.so.6
wcsnrtombs                                        /lib/x86_64-linux-gnu/libc.so.6
wcsnrtombs@@GLIBC_2.2.5                           /lib/x86_64-linux-gnu/libc.so.6
wcsnrtombs@GLIBC_2.2.5                            /lib/x86_64-linux-gnu/libc.so.6
wcsrtombs                                         /lib/x86_64-linux-gnu/libc.so.6
wcsrtombs@@GLIBC_2.2.5                            /lib/x86_64-linux-gnu/libc.so.6
wcsrtombs@GLIBC_2.2.5                             /lib/x86_64-linux-gnu/libc.so.6
wcstod_l                                          /lib/x86_64-linux-gnu/libc.so.6
wcstod_l@@GLIBC_2.3                               /lib/x86_64-linux-gnu/libc.so.6
wcstod_l@GLIBC_2.3                                /lib/x86_64-linux-gnu/libc.so.6
wcstof128_l                                       /lib/x86_64-linux-gnu/libc.so.6
wcstof128_l@@GLIBC_2.26                           /lib/x86_64-linux-gnu/libc.so.6
wcstof128_l@GLIBC_2.26                            /lib/x86_64-linux-gnu/libc.so.6
wcstof32                                          /lib/x86_64-linux-gnu/libc.so.6
wcstof32@@GLIBC_2.27                              /lib/x86_64-linux-gnu/libc.so.6
wcstof32@GLIBC_2.27                               /lib/x86_64-linux-gnu/libc.so.6
wcstof32_l                                        /lib/x86_64-linux-gnu/libc.so.6
wcstof32_l@@GLIBC_2.27                            /lib/x86_64-linux-gnu/libc.so.6
wcstof32_l@GLIBC_2.27                             /lib/x86_64-linux-gnu/libc.so.6
wcstof32x                                         /lib/x86_64-linux-gnu/libc.so.6
wcstof32x@@GLIBC_2.27                             /lib/x86_64-linux-gnu/libc.so.6
wcstof32x@GLIBC_2.27                              /lib/x86_64-linux-gnu/libc.so.6
wcstof32x_l                                       /lib/x86_64-linux-gnu/libc.so.6
wcstof32x_l@@GLIBC_2.27                           /lib/x86_64-linux-gnu/libc.so.6
wcstof32x_l@GLIBC_2.27                            /lib/x86_64-linux-gnu/libc.so.6
wcstof64                                          /lib/x86_64-linux-gnu/libc.so.6
wcstof64@@GLIBC_2.27                              /lib/x86_64-linux-gnu/libc.so.6
wcstof64@GLIBC_2.27                               /lib/x86_64-linux-gnu/libc.so.6
wcstof64_l                                        /lib/x86_64-linux-gnu/libc.so.6
wcstof64_l@@GLIBC_2.27                            /lib/x86_64-linux-gnu/libc.so.6
wcstof64_l@GLIBC_2.27                             /lib/x86_64-linux-gnu/libc.so.6
wcstof64x                                         /lib/x86_64-linux-gnu/libc.so.6
wcstof64x@@GLIBC_2.27                             /lib/x86_64-linux-gnu/libc.so.6
wcstof64x@GLIBC_2.27                              /lib/x86_64-linux-gnu/libc.so.6
wcstof64x_l                                       /lib/x86_64-linux-gnu/libc.so.6
wcstof64x_l@@GLIBC_2.27                           /lib/x86_64-linux-gnu/libc.so.6
wcstof64x_l@GLIBC_2.27                            /lib/x86_64-linux-gnu/libc.so.6
wcstof_l                                          /lib/x86_64-linux-gnu/libc.so.6
wcstof_l@@GLIBC_2.3                               /lib/x86_64-linux-gnu/libc.so.6
wcstof_l@GLIBC_2.3                                /lib/x86_64-linux-gnu/libc.so.6
wcstoimax                                         /lib/x86_64-linux-gnu/libc.so.6
wcstoimax@@GLIBC_2.2.5                            /lib/x86_64-linux-gnu/libc.so.6
wcstoimax@GLIBC_2.2.5                             /lib/x86_64-linux-gnu/libc.so.6
wcstol                                            /lib/x86_64-linux-gnu/libc.so.6
wcstol@@GLIBC_2.2.5                               /lib/x86_64-linux-gnu/libc.so.6
wcstol@GLIBC_2.2.5                                /lib/x86_64-linux-gnu/libc.so.6
wcstol_l                                          /lib/x86_64-linux-gnu/libc.so.6
wcstol_l@@GLIBC_2.3                               /lib/x86_64-linux-gnu/libc.so.6
wcstol_l@GLIBC_2.3                                /lib/x86_64-linux-gnu/libc.so.6
wcstold_l                                         /lib/x86_64-linux-gnu/libc.so.6
wcstold_l@@GLIBC_2.3                              /lib/x86_64-linux-gnu/libc.so.6
wcstold_l@GLIBC_2.3                               /lib/x86_64-linux-gnu/libc.so.6
wcstoll                                           /lib/x86_64-linux-gnu/libc.so.6
wcstoll@@GLIBC_2.2.5                              /lib/x86_64-linux-gnu/libc.so.6
wcstoll@GLIBC_2.2.5                               /lib/x86_64-linux-gnu/libc.so.6
wcstoll_l                                         /lib/x86_64-linux-gnu/libc.so.6
wcstoll_l@@GLIBC_2.3                              /lib/x86_64-linux-gnu/libc.so.6
wcstoll_l@GLIBC_2.3                               /lib/x86_64-linux-gnu/libc.so.6
wcstoq                                            /lib/x86_64-linux-gnu/libc.so.6
wcstoq@@GLIBC_2.2.5                               /lib/x86_64-linux-gnu/libc.so.6
wcstoq@GLIBC_2.2.5                                /lib/x86_64-linux-gnu/libc.so.6
wcstoul                                           /lib/x86_64-linux-gnu/libc.so.6
wcstoul@@GLIBC_2.2.5                              /lib/x86_64-linux-gnu/libc.so.6
wcstoul@GLIBC_2.2.5                               /lib/x86_64-linux-gnu/libc.so.6
wcstoul_l                                         /lib/x86_64-linux-gnu/libc.so.6
wcstoul_l@@GLIBC_2.3                              /lib/x86_64-linux-gnu/libc.so.6
wcstoul_l@GLIBC_2.3                               /lib/x86_64-linux-gnu/libc.so.6
wcstoull                                          /lib/x86_64-linux-gnu/libc.so.6
wcstoull@@GLIBC_2.2.5                             /lib/x86_64-linux-gnu/libc.so.6
wcstoull@GLIBC_2.2.5                              /lib/x86_64-linux-gnu/libc.so.6
wcstoull_l                                        /lib/x86_64-linux-gnu/libc.so.6
wcstoull_l@@GLIBC_2.3                             /lib/x86_64-linux-gnu/libc.so.6
wcstoull_l@GLIBC_2.3                              /lib/x86_64-linux-gnu/libc.so.6
wcstoumax                                         /lib/x86_64-linux-gnu/libc.so.6
wcstoumax@@GLIBC_2.2.5                            /lib/x86_64-linux-gnu/libc.so.6
wcstoumax@GLIBC_2.2.5                             /lib/x86_64-linux-gnu/libc.so.6
wcstouq                                           /lib/x86_64-linux-gnu/libc.so.6
wcstouq@@GLIBC_2.2.5                              /lib/x86_64-linux-gnu/libc.so.6
wcstouq@GLIBC_2.2.5                               /lib/x86_64-linux-gnu/libc.so.6
wcswcs                                            /lib/x86_64-linux-gnu/libc.so.6
wcswcs@@GLIBC_2.2.5                               /lib/x86_64-linux-gnu/libc.so.6
wcswcs@GLIBC_2.2.5                                /lib/x86_64-linux-gnu/libc.so.6
wcsxfrm_l                                         /lib/x86_64-linux-gnu/libc.so.6
wcsxfrm_l@@GLIBC_2.3                              /lib/x86_64-linux-gnu/libc.so.6
wcsxfrm_l@GLIBC_2.3                               /lib/x86_64-linux-gnu/libc.so.6
wctrans                                           /lib/x86_64-linux-gnu/libc.so.6
wctrans@@GLIBC_2.2.5                              /lib/x86_64-linux-gnu/libc.so.6
wctrans@GLIBC_2.2.5                               /lib/x86_64-linux-gnu/libc.so.6
wctrans_l                                         /lib/x86_64-linux-gnu/libc.so.6
wctrans_l@@GLIBC_2.3                              /lib/x86_64-linux-gnu/libc.so.6
wctrans_l@GLIBC_2.3                               /lib/x86_64-linux-gnu/libc.so.6
wctype                                            /lib/x86_64-linux-gnu/libc.so.6
wctype@@GLIBC_2.2.5                               /lib/x86_64-linux-gnu/libc.so.6
wctype@GLIBC_2.2.5                                /lib/x86_64-linux-gnu/libc.so.6
wctype_l                                          /lib/x86_64-linux-gnu/libc.so.6
wctype_l@@GLIBC_2.3                               /lib/x86_64-linux-gnu/libc.so.6
wctype_l@GLIBC_2.3                                /lib/x86_64-linux-gnu/libc.so.6
wiringPiSPIDataRW                                 /usr/lib/gcc/x86_64-linux-gnu/13/../../../../lib/libwiringPi.so
                                                  build/obj/vl53l8cx_platform.o
wiringPiSPISetupMode                              /usr/lib/gcc/x86_64-linux-gnu/13/../../../../lib/libwiringPi.so
                                                  build/obj/vl53l8cx_platform.o
wiringPiSetupPhys                                 /usr/lib/gcc/x86_64-linux-gnu/13/../../../../lib/libwiringPi.so
                                                  build/obj/test-lidar.o
wmemchr                                           /lib/x86_64-linux-gnu/libc.so.6
wmemchr@@GLIBC_2.2.5                              /lib/x86_64-linux-gnu/libc.so.6
wmemchr@GLIBC_2.2.5                               /lib/x86_64-linux-gnu/libc.so.6
wmemcmp                                           /lib/x86_64-linux-gnu/libc.so.6
wmemcmp@@GLIBC_2.2.5                              /lib/x86_64-linux-gnu/libc.so.6
wmemcmp@GLIBC_2.2.5                               /lib/x86_64-linux-gnu/libc.so.6
wmemcpy                                           /lib/x86_64-linux-gnu/libc.so.6
wmemcpy@@GLIBC_2.2.5                              /lib/x86_64-linux-gnu/libc.so.6
wmemcpy@GLIBC_2.2.5                               /lib/x86_64-linux-gnu/libc.so.6
wmemmove                                          /lib/x86_64-linux-gnu/libc.so.6
wmemmove@@GLIBC_2.2.5                             /lib/x86_64-linux-gnu/libc.so.6
wmemmove@GLIBC_2.2.5                              /lib/x86_64-linux-gnu/libc.so.6
wmempcpy                                          /lib/x86_64-linux-gnu/libc.so.6
wmempcpy@@GLIBC_2.2.5                             /lib/x86_64-linux-gnu/libc.so.6
wmempcpy@GLIBC_2.2.5                              /lib/x86_64-linux-gnu/libc.so.6
wmemset                                           /lib/x86_64-linux-gnu/libc.so.6
wmemset@@GLIBC_2.2.5                              /lib/x86_64-linux-gnu/libc.so.6
wmemset@GLIBC_2.2.5                               /lib/x86_64-linux-gnu/libc.so.6
write                                             /lib/x86_64-linux-gnu/libc.so.6
write@@GLIBC_2.2.5                                /lib/x86_64-linux-gnu/libc.so.6
write@GLIBC_2.2.5                                 /lib/x86_64-linux-gnu/libc.so.6
                                                  /usr/lib/gcc/x86_64-linux-gnu/13/../../../../lib/libwiringPi.so
writev                                            /lib/x86_64-linux-gnu/libc.so.6
writev@@GLIBC_2.2.5                               /lib/x86_64-linux-gnu/libc.so.6
writev@GLIBC_2.2.5                                /lib/x86_64-linux-gnu/libc.so.6
y0                                                /lib/x86_64-linux-gnu/libm.so.6
y0@@GLIBC_2.2.5                                   /lib/x86_64-linux-gnu/libm.so.6
y0@GLIBC_2.2.5                                    /lib/x86_64-linux-gnu/libm.so.6
y0f                                               /lib/x86_64-linux-gnu/libm.so.6
y0f128                                            /lib/x86_64-linux-gnu/libm.so.6
y0f128@@GLIBC_2.26                                /lib/x86_64-linux-gnu/libm.so.6
y0f128@GLIBC_2.26                                 /lib/x86_64-linux-gnu/libm.so.6
y0f32                                             /lib/x86_64-linux-gnu/libm.so.6
y0f32@@GLIBC_2.27                                 /lib/x86_64-linux-gnu/libm.so.6
y0f32@GLIBC_2.27                                  /lib/x86_64-linux-gnu/libm.so.6
y0f32x                                            /lib/x86_64-linux-gnu/libm.so.6
y0f32x@@GLIBC_2.27                                /lib/x86_64-linux-gnu/libm.so.6
y0f32x@GLIBC_2.27                                 /lib/x86_64-linux-gnu/libm.so.6
y0f64                                             /lib/x86_64-linux-gnu/libm.so.6
y0f64@@GLIBC_2.27                                 /lib/x86_64-linux-gnu/libm.so.6
y0f64@GLIBC_2.27                                  /lib/x86_64-linux-gnu/libm.so.6
y0f64x                                            /lib/x86_64-linux-gnu/libm.so.6
y0f64x@@GLIBC_2.27                                /lib/x86_64-linux-gnu/libm.so.6
y0f64x@GLIBC_2.27                                 /lib/x86_64-linux-gnu/libm.so.6
y0f@@GLIBC_2.2.5                                  /lib/x86_64-linux-gnu/libm.so.6
y0f@GLIBC_2.2.5                                   /lib/x86_64-linux-gnu/libm.so.6
y0l                                               /lib/x86_64-linux-gnu/libm.so.6
y0l@@GLIBC_2.2.5                                  /lib/x86_64-linux-gnu/libm.so.6
y0l@GLIBC_2.2.5                                   /lib/x86_64-linux-gnu/libm.so.6
y1                                                /lib/x86_64-linux-gnu/libm.so.6
y1@@GLIBC_2.2.5                                   /lib/x86_64-linux-gnu/libm.so.6
y1@GLIBC_2.2.5                                    /lib/x86_64-linux-gnu/libm.so.6
y1f                                               /lib/x86_64-linux-gnu/libm.so.6
y1f128                                            /lib/x86_64-linux-gnu/libm.so.6
y1f128@@GLIBC_2.26                                /lib/x86_64-linux-gnu/libm.so.6
y1f128@GLIBC_2.26                                 /lib/x86_64-linux-gnu/libm.so.6
y1f32                                             /lib/x86_64-linux-gnu/libm.so.6
y1f32@@GLIBC_2.27                                 /lib/x86_64-linux-gnu/libm.so.6
y1f32@GLIBC_2.27                                  /lib/x86_64-linux-gnu/libm.so.6
y1f32x                                            /lib/x86_64-linux-gnu/libm.so.6
y1f32x@@GLIBC_2.27                                /lib/x86_64-linux-gnu/libm.so.6
y1f32x@GLIBC_2.27                                 /lib/x86_64-linux-gnu/libm.so.6
y1f64                                             /lib/x86_64-linux-gnu/libm.so.6
y1f64@@GLIBC_2.27                                 /lib/x86_64-linux-gnu/libm.so.6
y1f64@GLIBC_2.27                                  /lib/x86_64-linux-gnu/libm.so.6
y1f64x                                            /lib/x86_64-linux-gnu/libm.so.6
y1f64x@@GLIBC_2.27                                /lib/x86_64-linux-gnu/libm.so.6
y1f64x@GLIBC_2.27                                 /lib/x86_64-linux-gnu/libm.so.6
y1f@@GLIBC_2.2.5                                  /lib/x86_64-linux-gnu/libm.so.6
y1f@GLIBC_2.2.5                                   /lib/x86_64-linux-gnu/libm.so.6
y1l                                               /lib/x86_64-linux-gnu/libm.so.6
y1l@@GLIBC_2.2.5                                  /lib/x86_64-linux-gnu/libm.so.6
y1l@GLIBC_2.2.5                                   /lib/x86_64-linux-gnu/libm.so.6
yn                                                /lib/x86_64-linux-gnu/libm.so.6
yn@@GLIBC_2.2.5                                   /lib/x86_64-linux-gnu/libm.so.6
yn@GLIBC_2.2.5                                    /lib/x86_64-linux-gnu/libm.so.6
ynf                                               /lib/x86_64-linux-gnu/libm.so.6
ynf128                                            /lib/x86_64-linux-gnu/libm.so.6
ynf128@@GLIBC_2.26                                /lib/x86_64-linux-gnu/libm.so.6
ynf128@GLIBC_2.26                                 /lib/x86_64-linux-gnu/libm.so.6
ynf32                                             /lib/x86_64-linux-gnu/libm.so.6
ynf32@@GLIBC_2.27                                 /lib/x86_64-linux-gnu/libm.so.6
ynf32@GLIBC_2.27                                  /lib/x86_64-linux-gnu/libm.so.6
ynf32x                                            /lib/x86_64-linux-gnu/libm.so.6
ynf32x@@GLIBC_2.27                                /lib/x86_64-linux-gnu/libm.so.6
ynf32x@GLIBC_2.27                                 /lib/x86_64-linux-gnu/libm.so.6
ynf64                                             /lib/x86_64-linux-gnu/libm.so.6
ynf64@@GLIBC_2.27                                 /lib/x86_64-linux-gnu/libm.so.6
ynf64@GLIBC_2.27                                  /lib/x86_64-linux-gnu/libm.so.6
ynf64x                                            /lib/x86_64-linux-gnu/libm.so.6
ynf64x@@GLIBC_2.27                                /lib/x86_64-linux-gnu/libm.so.6
ynf64x@GLIBC_2.27                                 /lib/x86_64-linux-gnu/libm.so.6
ynf@@GLIBC_2.2.5                                  /lib/x86_64-linux-gnu/libm.so.6
ynf@GLIBC_2.2.5                                   /lib/x86_64-linux-gnu/libm.so.6
ynl                                               /lib/x86_64-linux-gnu/libm.so.6
ynl@@GLIBC_2.2.5                                  /lib/x86_64-linux-gnu/libm.so.6
ynl@GLIBC_2.2.5                                   /lib/x86_64-linux-gnu/libm.so.6
