
Merging program properties

Updated property 0xc0000000 (0x3) to merge /usr/lib/gcc/aarch64-linux-gnu/14/../../../aarch64-linux-gnu/Scrt1.o (0x3) and /usr/lib/gcc/aarch64-linux-gnu/14/../../../aarch64-linux-gnu/crti.o (0x7)
Removed property 0xc0000000 to merge /usr/lib/gcc/aarch64-linux-gnu/14/../../../aarch64-linux-gnu/Scrt1.o (0x3) and build/obj/test-lidar.o (not found)
Removed property 0xc0000000 to merge /usr/lib/gcc/aarch64-linux-gnu/14/../../../aarch64-linux-gnu/Scrt1.o (not found) and /usr/lib/gcc/aarch64-linux-gnu/14/crtendS.o (0x3)
Removed property 0xc0000000 to merge /usr/lib/gcc/aarch64-linux-gnu/14/../../../aarch64-linux-gnu/Scrt1.o (not found) and /usr/lib/gcc/aarch64-linux-gnu/14/../../../aarch64-linux-gnu/crtn.o (0x7)

As-needed library included to satisfy reference by file (symbol)

libc.so.6                     build/obj/vl53l8cx_platform.o (perror@@GLIBC_2.17)
libwiringPi.so                build/obj/vl53l8cx_platform.o (wiringPiSPISetupMode)

Discarded input sections

 .note.gnu.property
                0x0000000000000000       0x20 /usr/lib/gcc/aarch64-linux-gnu/14/../../../aarch64-linux-gnu/Scrt1.o
 .note.gnu.property
                0x0000000000000000       0x20 /usr/lib/gcc/aarch64-linux-gnu/14/../../../aarch64-linux-gnu/crti.o
 .note.gnu.property
                0x0000000000000000       0x20 /usr/lib/gcc/aarch64-linux-gnu/14/crtbeginS.o
 .note.gnu.property
                0x0000000000000000       0x20 /usr/lib/gcc/aarch64-linux-gnu/14/crtendS.o
 .note.gnu.property
                0x0000000000000000       0x20 /usr/lib/gcc/aarch64-linux-gnu/14/../../../aarch64-linux-gnu/crtn.o

Memory Configuration

Name             Origin             Length             Attributes
*default*        0x0000000000000000 0xffffffffffffffff

Linker script and memory map

LOAD /usr/lib/gcc/aarch64-linux-gnu/14/../../../aarch64-linux-gnu/Scrt1.o
LOAD /usr/lib/gcc/aarch64-linux-gnu/14/../../../aarch64-linux-gnu/crti.o
LOAD /usr/lib/gcc/aarch64-linux-gnu/14/crtbeginS.o
LOAD build/obj/test-lidar.o
LOAD build/obj/vl53l8cx_api.o
LOAD build/obj/vl53l8cx.o
LOAD build/obj/vl53l8cx_platform.o
LOAD build/obj/vl53l8cx_plugin_detection_thresholds.o
LOAD build/obj/vl53l8cx_plugin_motion_indicator.o
LOAD build/obj/vl53l8cx_plugin_xtalk.o
LOAD /usr/lib/gcc/aarch64-linux-gnu/14/../../../aarch64-linux-gnu/libc.so
START GROUP
LOAD /lib/aarch64-linux-gnu/libc.so.6
LOAD /usr/lib/aarch64-linux-gnu/libc_nonshared.a
LOAD /lib/ld-linux-aarch64.so.1
END GROUP
LOAD /usr/lib/gcc/aarch64-linux-gnu/14/libgcc.a
LOAD /usr/lib/gcc/aarch64-linux-gnu/14/../../../../lib/libwiringPi.so
LOAD /usr/lib/gcc/aarch64-linux-gnu/14/libgcc.a
LOAD /usr/lib/gcc/aarch64-linux-gnu/14/libgcc_s.so
START GROUP
LOAD /usr/lib/gcc/aarch64-linux-gnu/14/../../../aarch64-linux-gnu/libgcc_s.so.1
LOAD /usr/lib/gcc/aarch64-linux-gnu/14/libgcc.a
END GROUP
LOAD /usr/lib/gcc/aarch64-linux-gnu/14/../../../aarch64-linux-gnu/libc.so
START GROUP
LOAD /lib/aarch64-linux-gnu/libc.so.6
LOAD /usr/lib/aarch64-linux-gnu/libc_nonshared.a
LOAD /lib/ld-linux-aarch64.so.1
END GROUP
LOAD /usr/lib/gcc/aarch64-linux-gnu/14/libgcc.a
LOAD /usr/lib/gcc/aarch64-linux-gnu/14/libgcc_s.so
START GROUP
LOAD /usr/lib/gcc/aarch64-linux-gnu/14/../../../aarch64-linux-gnu/libgcc_s.so.1
LOAD /usr/lib/gcc/aarch64-linux-gnu/14/libgcc.a
END GROUP
LOAD /usr/lib/gcc/aarch64-linux-gnu/14/crtendS.o
LOAD /usr/lib/gcc/aarch64-linux-gnu/14/../../../aarch64-linux-gnu/crtn.o
                [!provide]                        PROVIDE (__executable_start = SEGMENT_START ("text-segment", 0x0))
                0x0000000000000270                . = (SEGMENT_START ("text-segment", 0x0) + SIZEOF_HEADERS)

.note.gnu.build-id
                0x0000000000000270       0x24
 *(.note.gnu.build-id)
 .note.gnu.build-id
                0x0000000000000270       0x24 /usr/lib/gcc/aarch64-linux-gnu/14/../../../aarch64-linux-gnu/Scrt1.o

.interp         0x0000000000000294       0x1b
 *(.interp)
 .interp        0x0000000000000294       0x1b /usr/lib/gcc/aarch64-linux-gnu/14/../../../aarch64-linux-gnu/Scrt1.o

.hash
 *(.hash)

.gnu.hash       0x00000000000002b0       0x1c
 *(.gnu.hash)
 .gnu.hash      0x00000000000002b0       0x1c /usr/lib/gcc/aarch64-linux-gnu/14/../../../aarch64-linux-gnu/Scrt1.o

.dynsym         0x00000000000002d0      0x1f8
 *(.dynsym)
 .dynsym        0x00000000000002d0      0x1f8 /usr/lib/gcc/aarch64-linux-gnu/14/../../../aarch64-linux-gnu/Scrt1.o

.dynstr         0x00000000000004c8      0x10f
 *(.dynstr)
 .dynstr        0x00000000000004c8      0x10f /usr/lib/gcc/aarch64-linux-gnu/14/../../../aarch64-linux-gnu/Scrt1.o

.gnu.version    0x00000000000005d8       0x2a
 *(.gnu.version)
 .gnu.version   0x00000000000005d8       0x2a /usr/lib/gcc/aarch64-linux-gnu/14/../../../aarch64-linux-gnu/Scrt1.o

.gnu.version_d  0x0000000000000608        0x0
 *(.gnu.version_d)
 .gnu.version_d
                0x0000000000000608        0x0 /usr/lib/gcc/aarch64-linux-gnu/14/../../../aarch64-linux-gnu/Scrt1.o

.gnu.version_r  0x0000000000000608       0x30
 *(.gnu.version_r)
 .gnu.version_r
                0x0000000000000608       0x30 /usr/lib/gcc/aarch64-linux-gnu/14/../../../aarch64-linux-gnu/Scrt1.o

.rela.dyn       0x0000000000000638      0x228
 *(.rela.init)
 *(.rela.text .rela.text.* .rela.gnu.linkonce.t.*)
 *(.rela.fini)
 *(.rela.rodata .rela.rodata.* .rela.gnu.linkonce.r.*)
 *(.rela.data .rela.data.* .rela.gnu.linkonce.d.*)
 .rela.data.rel.ro
                0x0000000000000638        0x0 /usr/lib/gcc/aarch64-linux-gnu/14/../../../aarch64-linux-gnu/Scrt1.o
 .rela.data.rel.local
                0x0000000000000638       0x18 /usr/lib/gcc/aarch64-linux-gnu/14/../../../aarch64-linux-gnu/Scrt1.o
 .rela.data.rel.local.VL53L8CX_RANGING_SENSOR_Driver
                0x0000000000000650      0x150 /usr/lib/gcc/aarch64-linux-gnu/14/../../../aarch64-linux-gnu/Scrt1.o
 *(.rela.tdata .rela.tdata.* .rela.gnu.linkonce.td.*)
 *(.rela.tbss .rela.tbss.* .rela.gnu.linkonce.tb.*)
 *(.rela.ctors)
 *(.rela.dtors)
 *(.rela.got)
 .rela.got      0x00000000000007a0       0x90 /usr/lib/gcc/aarch64-linux-gnu/14/../../../aarch64-linux-gnu/Scrt1.o
 *(.rela.bss .rela.bss.* .rela.gnu.linkonce.b.*)
 .rela.bss      0x0000000000000830        0x0 /usr/lib/gcc/aarch64-linux-gnu/14/../../../aarch64-linux-gnu/Scrt1.o
 *(.rela.ifunc)
 .rela.ifunc    0x0000000000000830        0x0 /usr/lib/gcc/aarch64-linux-gnu/14/../../../aarch64-linux-gnu/Scrt1.o
 .rela.fini_array
                0x0000000000000830       0x18 /usr/lib/gcc/aarch64-linux-gnu/14/../../../aarch64-linux-gnu/Scrt1.o
 .rela.init_array
                0x0000000000000848       0x18 /usr/lib/gcc/aarch64-linux-gnu/14/../../../aarch64-linux-gnu/Scrt1.o

.rela.plt       0x0000000000000860      0x168
 *(.rela.plt)
 .rela.plt      0x0000000000000860      0x168 /usr/lib/gcc/aarch64-linux-gnu/14/../../../aarch64-linux-gnu/Scrt1.o
 *(.rela.iplt)

.relr.dyn
 *(.relr.dyn)

.init           0x00000000000009c8       0x1c
 *(SORT_NONE(.init))
 .init          0x00000000000009c8       0x10 /usr/lib/gcc/aarch64-linux-gnu/14/../../../aarch64-linux-gnu/crti.o
                0x00000000000009c8                _init
 .init          0x00000000000009d8        0xc /usr/lib/gcc/aarch64-linux-gnu/14/../../../aarch64-linux-gnu/crtn.o

.plt            0x00000000000009f0      0x110
 *(.plt)
 .plt           0x00000000000009f0      0x110 /usr/lib/gcc/aarch64-linux-gnu/14/../../../aarch64-linux-gnu/Scrt1.o
 *(.iplt)

.text           0x0000000000000b00     0x6f8c
 *(.text.unlikely .text.*_unlikely .text.unlikely.*)
 *(.text.exit .text.exit.*)
 *(.text.startup .text.startup.*)
 *(.text.hot .text.hot.*)
 *(SORT_BY_NAME(.text.sorted.*))
 *(.text .stub .text.* .gnu.linkonce.t.*)
 .text          0x0000000000000b00       0x34 /usr/lib/gcc/aarch64-linux-gnu/14/../../../aarch64-linux-gnu/Scrt1.o
                0x0000000000000b00                _start
 .text          0x0000000000000b34       0x14 /usr/lib/gcc/aarch64-linux-gnu/14/../../../aarch64-linux-gnu/crti.o
 *fill*         0x0000000000000b48       0x18 1f2003d5
 .text          0x0000000000000b60       0xc8 /usr/lib/gcc/aarch64-linux-gnu/14/crtbeginS.o
 .text          0x0000000000000c28        0x0 build/obj/test-lidar.o
 .text.main     0x0000000000000c28      0x238 build/obj/test-lidar.o
                0x0000000000000c28                main
 .text          0x0000000000000e60        0x0 build/obj/vl53l8cx_api.o
 .text._vl53l8cx_poll_for_answer
                0x0000000000000e60      0x110 build/obj/vl53l8cx_api.o
 .text._vl53l8cx_poll_for_mcu_boot
                0x0000000000000f70       0xd4 build/obj/vl53l8cx_api.o
 .text._vl53l8cx_send_offset_data
                0x0000000000001044      0x3d8 build/obj/vl53l8cx_api.o
 .text._vl53l8cx_send_xtalk_data
                0x000000000000141c      0x294 build/obj/vl53l8cx_api.o
 .text.vl53l8cx_is_alive
                0x00000000000016b0       0xe8 build/obj/vl53l8cx_api.o
                0x00000000000016b0                vl53l8cx_is_alive
 .text.vl53l8cx_init
                0x0000000000001798      0xce8 build/obj/vl53l8cx_api.o
                0x0000000000001798                vl53l8cx_init
 .text.vl53l8cx_set_i2c_address
                0x0000000000002480       0xb0 build/obj/vl53l8cx_api.o
                0x0000000000002480                vl53l8cx_set_i2c_address
 .text.vl53l8cx_get_power_mode
                0x0000000000002530      0x118 build/obj/vl53l8cx_api.o
                0x0000000000002530                vl53l8cx_get_power_mode
 .text.vl53l8cx_set_power_mode
                0x0000000000002648      0x2b0 build/obj/vl53l8cx_api.o
                0x0000000000002648                vl53l8cx_set_power_mode
 .text.vl53l8cx_start_ranging
                0x00000000000028f8      0x4a4 build/obj/vl53l8cx_api.o
                0x00000000000028f8                vl53l8cx_start_ranging
 .text.vl53l8cx_stop_ranging
                0x0000000000002d9c      0x2a0 build/obj/vl53l8cx_api.o
                0x0000000000002d9c                vl53l8cx_stop_ranging
 .text.vl53l8cx_check_data_ready
                0x000000000000303c      0x10c build/obj/vl53l8cx_api.o
                0x000000000000303c                vl53l8cx_check_data_ready
 .text.vl53l8cx_get_ranging_data
                0x0000000000003148      0x740 build/obj/vl53l8cx_api.o
                0x0000000000003148                vl53l8cx_get_ranging_data
 .text.vl53l8cx_get_resolution
                0x0000000000003888       0x6c build/obj/vl53l8cx_api.o
                0x0000000000003888                vl53l8cx_get_resolution
 .text.vl53l8cx_set_resolution
                0x00000000000038f4      0x28c build/obj/vl53l8cx_api.o
                0x00000000000038f4                vl53l8cx_set_resolution
 .text.vl53l8cx_get_ranging_frequency_hz
                0x0000000000003b80       0x5c build/obj/vl53l8cx_api.o
                0x0000000000003b80                vl53l8cx_get_ranging_frequency_hz
 .text.vl53l8cx_set_ranging_frequency_hz
                0x0000000000003bdc       0x5c build/obj/vl53l8cx_api.o
                0x0000000000003bdc                vl53l8cx_set_ranging_frequency_hz
 .text.vl53l8cx_get_integration_time_ms
                0x0000000000003c38       0x84 build/obj/vl53l8cx_api.o
                0x0000000000003c38                vl53l8cx_get_integration_time_ms
 .text.vl53l8cx_set_integration_time_ms
                0x0000000000003cbc       0x9c build/obj/vl53l8cx_api.o
                0x0000000000003cbc                vl53l8cx_set_integration_time_ms
 .text.vl53l8cx_get_sharpener_percent
                0x0000000000003d58       0x8c build/obj/vl53l8cx_api.o
                0x0000000000003d58                vl53l8cx_get_sharpener_percent
 .text.vl53l8cx_set_sharpener_percent
                0x0000000000003de4       0xac build/obj/vl53l8cx_api.o
                0x0000000000003de4                vl53l8cx_set_sharpener_percent
 .text.vl53l8cx_get_target_order
                0x0000000000003e90       0x5c build/obj/vl53l8cx_api.o
                0x0000000000003e90                vl53l8cx_get_target_order
 .text.vl53l8cx_set_target_order
                0x0000000000003eec       0x84 build/obj/vl53l8cx_api.o
                0x0000000000003eec                vl53l8cx_set_target_order
 .text.vl53l8cx_get_ranging_mode
                0x0000000000003f70       0x78 build/obj/vl53l8cx_api.o
                0x0000000000003f70                vl53l8cx_get_ranging_mode
 .text.vl53l8cx_set_ranging_mode
                0x0000000000003fe8      0x10c build/obj/vl53l8cx_api.o
                0x0000000000003fe8                vl53l8cx_set_ranging_mode
 .text.vl53l8cx_get_external_sync_pin_enable
                0x00000000000040f4       0x78 build/obj/vl53l8cx_api.o
                0x00000000000040f4                vl53l8cx_get_external_sync_pin_enable
 .text.vl53l8cx_set_external_sync_pin_enable
                0x000000000000416c       0xbc build/obj/vl53l8cx_api.o
                0x000000000000416c                vl53l8cx_set_external_sync_pin_enable
 .text.vl53l8cx_get_VHV_repeat_count
                0x0000000000004228       0x8c build/obj/vl53l8cx_api.o
                0x0000000000004228                vl53l8cx_get_VHV_repeat_count
 .text.vl53l8cx_set_VHV_repeat_count
                0x00000000000042b4       0x5c build/obj/vl53l8cx_api.o
                0x00000000000042b4                vl53l8cx_set_VHV_repeat_count
 .text.vl53l8cx_dci_read_data
                0x0000000000004310      0x1a4 build/obj/vl53l8cx_api.o
                0x0000000000004310                vl53l8cx_dci_read_data
 .text.vl53l8cx_dci_write_data
                0x00000000000044b4      0x1fc build/obj/vl53l8cx_api.o
                0x00000000000044b4                vl53l8cx_dci_write_data
 .text.vl53l8cx_dci_replace_data
                0x00000000000046b0       0x98 build/obj/vl53l8cx_api.o
                0x00000000000046b0                vl53l8cx_dci_replace_data
 .text          0x0000000000004748        0x0 build/obj/vl53l8cx.o
 .text.VL53L8CX_RegisterBusIO
                0x0000000000004748       0xe0 build/obj/vl53l8cx.o
                0x0000000000004748                VL53L8CX_RegisterBusIO
 .text.VL53L8CX_Init
                0x0000000000004828       0xa8 build/obj/vl53l8cx.o
                0x0000000000004828                VL53L8CX_Init
 .text.VL53L8CX_DeInit
                0x00000000000048d0       0x78 build/obj/vl53l8cx.o
                0x00000000000048d0                VL53L8CX_DeInit
 .text.VL53L8CX_ReadID
                0x0000000000004948      0x130 build/obj/vl53l8cx.o
                0x0000000000004948                VL53L8CX_ReadID
 .text.VL53L8CX_GetCapabilities
                0x0000000000004a78       0x6c build/obj/vl53l8cx.o
                0x0000000000004a78                VL53L8CX_GetCapabilities
 .text.VL53L8CX_ConfigProfile
                0x0000000000004ae4      0x1f8 build/obj/vl53l8cx.o
                0x0000000000004ae4                VL53L8CX_ConfigProfile
 .text.VL53L8CX_ConfigROI
                0x0000000000004cdc       0x18 build/obj/vl53l8cx.o
                0x0000000000004cdc                VL53L8CX_ConfigROI
 .text.VL53L8CX_ConfigIT
                0x0000000000004cf4      0x2a8 build/obj/vl53l8cx.o
                0x0000000000004cf4                VL53L8CX_ConfigIT
 .text.VL53L8CX_GetDistance
                0x0000000000004f9c       0xb8 build/obj/vl53l8cx.o
                0x0000000000004f9c                VL53L8CX_GetDistance
 .text.VL53L8CX_Start
                0x0000000000005054      0x124 build/obj/vl53l8cx.o
                0x0000000000005054                VL53L8CX_Start
 .text.VL53L8CX_Stop
                0x0000000000005178       0x7c build/obj/vl53l8cx.o
                0x0000000000005178                VL53L8CX_Stop
 .text.VL53L8CX_SetAddress
                0x00000000000051f4       0x78 build/obj/vl53l8cx.o
                0x00000000000051f4                VL53L8CX_SetAddress
 .text.VL53L8CX_GetAddress
                0x000000000000526c       0x54 build/obj/vl53l8cx.o
                0x000000000000526c                VL53L8CX_GetAddress
 .text.VL53L8CX_SetPowerMode
                0x00000000000052c0       0x88 build/obj/vl53l8cx.o
                0x00000000000052c0                VL53L8CX_SetPowerMode
 .text.VL53L8CX_GetPowerMode
                0x0000000000005348       0x84 build/obj/vl53l8cx.o
                0x0000000000005348                VL53L8CX_GetPowerMode
 .text.VL53L8CX_XTalkCalibration
                0x00000000000053cc       0x60 build/obj/vl53l8cx.o
                0x00000000000053cc                VL53L8CX_XTalkCalibration
 .text.vl53l8cx_poll_for_measurement
                0x000000000000542c       0x98 build/obj/vl53l8cx.o
 .text.vl53l8cx_get_result
                0x00000000000054c4      0x344 build/obj/vl53l8cx.o
 .text.vl53l8cx_map_target_status
                0x0000000000005808       0x54 build/obj/vl53l8cx.o
 .text          0x000000000000585c        0x0 build/obj/vl53l8cx_platform.o
 .text.VL53L8CX_InitSPI
                0x000000000000585c       0xcc build/obj/vl53l8cx_platform.o
                0x000000000000585c                VL53L8CX_InitSPI
 .text.VL53L8CX_WrByte
                0x0000000000005928       0x34 build/obj/vl53l8cx_platform.o
                0x0000000000005928                VL53L8CX_WrByte
 .text.VL53L8CX_RdByte
                0x000000000000595c       0x30 build/obj/vl53l8cx_platform.o
                0x000000000000595c                VL53L8CX_RdByte
 .text.VL53L8CX_WrMulti
                0x000000000000598c      0x198 build/obj/vl53l8cx_platform.o
                0x000000000000598c                VL53L8CX_WrMulti
 .text.VL53L8CX_RdMulti
                0x0000000000005b24      0x1b4 build/obj/vl53l8cx_platform.o
                0x0000000000005b24                VL53L8CX_RdMulti
 .text.VL53L8CX_SwapBuffer
                0x0000000000005cd8       0xe8 build/obj/vl53l8cx_platform.o
                0x0000000000005cd8                VL53L8CX_SwapBuffer
 .text.VL53L8CX_WaitMs
                0x0000000000005dc0       0x2c build/obj/vl53l8cx_platform.o
                0x0000000000005dc0                VL53L8CX_WaitMs
 .text          0x0000000000005dec        0x0 build/obj/vl53l8cx_plugin_detection_thresholds.o
 .text.vl53l8cx_get_detection_thresholds_enable
                0x0000000000005dec       0x5c build/obj/vl53l8cx_plugin_detection_thresholds.o
                0x0000000000005dec                vl53l8cx_get_detection_thresholds_enable
 .text.vl53l8cx_set_detection_thresholds_enable
                0x0000000000005e48       0xcc build/obj/vl53l8cx_plugin_detection_thresholds.o
                0x0000000000005e48                vl53l8cx_set_detection_thresholds_enable
 .text.vl53l8cx_get_detection_thresholds
                0x0000000000005f14      0x560 build/obj/vl53l8cx_plugin_detection_thresholds.o
                0x0000000000005f14                vl53l8cx_get_detection_thresholds
 .text.vl53l8cx_set_detection_thresholds
                0x0000000000006474      0x4b4 build/obj/vl53l8cx_plugin_detection_thresholds.o
                0x0000000000006474                vl53l8cx_set_detection_thresholds
 .text.vl53l8cx_get_detection_thresholds_auto_stop
                0x0000000000006928       0x5c build/obj/vl53l8cx_plugin_detection_thresholds.o
                0x0000000000006928                vl53l8cx_get_detection_thresholds_auto_stop
 .text.vl53l8cx_set_detection_thresholds_auto_stop
                0x0000000000006984       0x68 build/obj/vl53l8cx_plugin_detection_thresholds.o
                0x0000000000006984                vl53l8cx_set_detection_thresholds_auto_stop
 .text          0x00000000000069ec        0x0 build/obj/vl53l8cx_plugin_motion_indicator.o
 .text.vl53l8cx_motion_indicator_init
                0x00000000000069ec       0xfc build/obj/vl53l8cx_plugin_motion_indicator.o
                0x00000000000069ec                vl53l8cx_motion_indicator_init
 .text.vl53l8cx_motion_indicator_set_distance_motion
                0x0000000000006ae8      0x12c build/obj/vl53l8cx_plugin_motion_indicator.o
                0x0000000000006ae8                vl53l8cx_motion_indicator_set_distance_motion
 .text.vl53l8cx_motion_indicator_set_resolution
                0x0000000000006c14      0x168 build/obj/vl53l8cx_plugin_motion_indicator.o
                0x0000000000006c14                vl53l8cx_motion_indicator_set_resolution
 .text          0x0000000000006d7c        0x0 build/obj/vl53l8cx_plugin_xtalk.o
 .text._vl53l8cx_poll_for_answer
                0x0000000000006d7c       0xcc build/obj/vl53l8cx_plugin_xtalk.o
 .text._vl53l8cx_program_output_config
                0x0000000000006e48      0x2cc build/obj/vl53l8cx_plugin_xtalk.o
 .text.vl53l8cx_calibrate_xtalk
                0x0000000000007114      0x688 build/obj/vl53l8cx_plugin_xtalk.o
                0x0000000000007114                vl53l8cx_calibrate_xtalk
 .text.vl53l8cx_get_caldata_xtalk
                0x000000000000779c      0x178 build/obj/vl53l8cx_plugin_xtalk.o
                0x000000000000779c                vl53l8cx_get_caldata_xtalk
 .text.vl53l8cx_set_caldata_xtalk
                0x0000000000007914       0x74 build/obj/vl53l8cx_plugin_xtalk.o
                0x0000000000007914                vl53l8cx_set_caldata_xtalk
 .text.vl53l8cx_get_xtalk_margin
                0x0000000000007988       0x74 build/obj/vl53l8cx_plugin_xtalk.o
                0x0000000000007988                vl53l8cx_get_xtalk_margin
 .text.vl53l8cx_set_xtalk_margin
                0x00000000000079fc       0x90 build/obj/vl53l8cx_plugin_xtalk.o
                0x00000000000079fc                vl53l8cx_set_xtalk_margin
 .text          0x0000000000007a8c        0x0 /usr/lib/gcc/aarch64-linux-gnu/14/crtendS.o
 .text          0x0000000000007a8c        0x0 /usr/lib/gcc/aarch64-linux-gnu/14/../../../aarch64-linux-gnu/crtn.o
 *(.gnu.warning)

.fini           0x0000000000007a8c       0x18
 *(SORT_NONE(.fini))
 .fini          0x0000000000007a8c        0xc /usr/lib/gcc/aarch64-linux-gnu/14/../../../aarch64-linux-gnu/crti.o
                0x0000000000007a8c                _fini
 .fini          0x0000000000007a98        0xc /usr/lib/gcc/aarch64-linux-gnu/14/../../../aarch64-linux-gnu/crtn.o
                [!provide]                        PROVIDE (__etext = .)
                [!provide]                        PROVIDE (_etext = .)
                [!provide]                        PROVIDE (etext = .)

.rodata         0x0000000000007aa8    0x1614c
 *(.rodata .rodata.* .gnu.linkonce.r.*)
 .rodata.cst4   0x0000000000007aa8        0x4 /usr/lib/gcc/aarch64-linux-gnu/14/../../../aarch64-linux-gnu/Scrt1.o
                0x0000000000007aa8                _IO_stdin_used
 *fill*         0x0000000000007aac        0x4 
 .rodata        0x0000000000007ab0      0x111 build/obj/test-lidar.o
 *fill*         0x0000000000007bc1        0x7 
 .rodata.VL53L8CX_FIRMWARE
                0x0000000000007bc8    0x15000 build/obj/vl53l8cx_api.o
                0x0000000000007bc8                VL53L8CX_FIRMWARE
 .rodata.VL53L8CX_DEFAULT_CONFIGURATION
                0x000000000001cbc8      0x3cc build/obj/vl53l8cx_api.o
                0x000000000001cbc8                VL53L8CX_DEFAULT_CONFIGURATION
 *fill*         0x000000000001cf94        0x4 
 .rodata.VL53L8CX_DEFAULT_XTALK
                0x000000000001cf98      0x308 build/obj/vl53l8cx_api.o
                0x000000000001cf98                VL53L8CX_DEFAULT_XTALK
 .rodata.VL53L8CX_GET_NVM_CMD
                0x000000000001d2a0       0x28 build/obj/vl53l8cx_api.o
                0x000000000001d2a0                VL53L8CX_GET_NVM_CMD
 .rodata        0x000000000001d2c8       0x3c build/obj/vl53l8cx_api.o
 *fill*         0x000000000001d304        0x4 
 .rodata.VL53L8CX_GET_XTALK_CMD
                0x000000000001d308       0x48 build/obj/vl53l8cx.o
 .rodata.VL53L8CX_CALIBRATE_XTALK
                0x000000000001d350      0x3d8 build/obj/vl53l8cx.o
 .rodata        0x000000000001d728       0x66 build/obj/vl53l8cx_platform.o
 *fill*         0x000000000001d78e        0x2 
 .rodata.VL53L8CX_GET_XTALK_CMD
                0x000000000001d790       0x48 build/obj/vl53l8cx_plugin_xtalk.o
 .rodata.VL53L8CX_CALIBRATE_XTALK
                0x000000000001d7d8      0x3d8 build/obj/vl53l8cx_plugin_xtalk.o
 .rodata        0x000000000001dbb0       0x44 build/obj/vl53l8cx_plugin_xtalk.o

.rodata1
 *(.rodata1)

.eh_frame_hdr   0x000000000001dbf4      0x28c
 *(.eh_frame_hdr)
 .eh_frame_hdr  0x000000000001dbf4      0x28c /usr/lib/gcc/aarch64-linux-gnu/14/../../../aarch64-linux-gnu/Scrt1.o
                0x000000000001dbf4                __GNU_EH_FRAME_HDR
 *(.eh_frame_entry .eh_frame_entry.*)

.eh_frame       0x000000000001de80      0xa1c
 *(.eh_frame)
 .eh_frame      0x000000000001de80       0x28 /usr/lib/gcc/aarch64-linux-gnu/14/../../../aarch64-linux-gnu/Scrt1.o
 .eh_frame      0x000000000001dea8       0x68 /usr/lib/gcc/aarch64-linux-gnu/14/crtbeginS.o
                                         0x78 (size before relaxing)
 .eh_frame      0x000000000001df10       0x28 build/obj/test-lidar.o
                                         0x38 (size before relaxing)
 .eh_frame      0x000000000001df38      0x400 build/obj/vl53l8cx_api.o
                                        0x418 (size before relaxing)
 .eh_frame      0x000000000001e338      0x240 build/obj/vl53l8cx.o
                                        0x258 (size before relaxing)
 .eh_frame      0x000000000001e578      0x120 build/obj/vl53l8cx_platform.o
                                        0x130 (size before relaxing)
 .eh_frame      0x000000000001e698       0xc0 build/obj/vl53l8cx_plugin_detection_thresholds.o
                                         0xd8 (size before relaxing)
 .eh_frame      0x000000000001e758       0x60 build/obj/vl53l8cx_plugin_motion_indicator.o
                                         0x78 (size before relaxing)
 .eh_frame      0x000000000001e7b8       0xe0 build/obj/vl53l8cx_plugin_xtalk.o
                                         0xf8 (size before relaxing)
 .eh_frame      0x000000000001e898        0x4 /usr/lib/gcc/aarch64-linux-gnu/14/crtendS.o
 *(.eh_frame.*)

.sframe
 *(.sframe)
 *(.sframe.*)

.gcc_except_table
 *(.gcc_except_table .gcc_except_table.*)

.gnu_extab
 *(.gnu_extab*)

.exception_ranges
 *(.exception_ranges*)

.note.build-id
 *(.note.build-id)

.note.GNU-stack
                0x000000000001e89c        0x0
 *(.note.GNU-stack)
 .note.GNU-stack
                0x000000000001e89c        0x0 /usr/lib/gcc/aarch64-linux-gnu/14/../../../aarch64-linux-gnu/Scrt1.o
 .note.GNU-stack
                0x000000000001e89c        0x0 /usr/lib/gcc/aarch64-linux-gnu/14/../../../aarch64-linux-gnu/crti.o
 .note.GNU-stack
                0x000000000001e89c        0x0 /usr/lib/gcc/aarch64-linux-gnu/14/crtbeginS.o
 .note.GNU-stack
                0x000000000001e89c        0x0 build/obj/test-lidar.o
 .note.GNU-stack
                0x000000000001e89c        0x0 build/obj/vl53l8cx_api.o
 .note.GNU-stack
                0x000000000001e89c        0x0 build/obj/vl53l8cx.o
 .note.GNU-stack
                0x000000000001e89c        0x0 build/obj/vl53l8cx_platform.o
 .note.GNU-stack
                0x000000000001e89c        0x0 build/obj/vl53l8cx_plugin_detection_thresholds.o
 .note.GNU-stack
                0x000000000001e89c        0x0 build/obj/vl53l8cx_plugin_motion_indicator.o
 .note.GNU-stack
                0x000000000001e89c        0x0 build/obj/vl53l8cx_plugin_xtalk.o
 .note.GNU-stack
                0x000000000001e89c        0x0 /usr/lib/gcc/aarch64-linux-gnu/14/crtendS.o
 .note.GNU-stack
                0x000000000001e89c        0x0 /usr/lib/gcc/aarch64-linux-gnu/14/../../../aarch64-linux-gnu/crtn.o

.note.gnu-property
 *(.note.gnu-property)

.note.ABI-tag   0x000000000001e89c       0x20
 *(.note.ABI-tag)
 .note.ABI-tag  0x000000000001e89c       0x20 /usr/lib/gcc/aarch64-linux-gnu/14/../../../aarch64-linux-gnu/Scrt1.o

.note.package
 *(.note.package)

.note.dlopen
 *(.note.dlopen)

.note.netbsd.ident
 *(.note.netbsd.ident)

.note.openbsd.ident
 *(.note.openbsd.ident)
                0x000000000002fdb0                . = DATA_SEGMENT_ALIGN (CONSTANT (MAXPAGESIZE), CONSTANT (COMMONPAGESIZE))

.eh_frame
 *(.eh_frame)
 *(.eh_frame.*)

.sframe
 *(.sframe)
 *(.sframe.*)

.gnu_extab
 *(.gnu_extab)

.gcc_except_table
 *(.gcc_except_table .gcc_except_table.*)

.exception_ranges
 *(.exception_ranges*)

.tdata          0x000000000002fdb0        0x0
                [!provide]                        PROVIDE (__tdata_start = .)
 *(.tdata .tdata.* .gnu.linkonce.td.*)

.tbss
 *(.tbss .tbss.* .gnu.linkonce.tb.*)
 *(.tcommon)

.preinit_array  0x000000000002fdb0        0x0
                [!provide]                        PROVIDE (__preinit_array_start = .)
 *(.preinit_array)
                [!provide]                        PROVIDE (__preinit_array_end = .)

.init_array     0x000000000002fdb0        0x8
                [!provide]                        PROVIDE (__init_array_start = .)
 *(SORT_BY_INIT_PRIORITY(.init_array.*) SORT_BY_INIT_PRIORITY(.ctors.*))
 *(.init_array EXCLUDE_FILE(*crtend?.o *crtend.o *crtbegin?.o *crtbegin.o) .ctors)
 .init_array    0x000000000002fdb0        0x8 /usr/lib/gcc/aarch64-linux-gnu/14/crtbeginS.o
                [!provide]                        PROVIDE (__init_array_end = .)

.fini_array     0x000000000002fdb8        0x8
                [!provide]                        PROVIDE (__fini_array_start = .)
 *(SORT_BY_INIT_PRIORITY(.fini_array.*) SORT_BY_INIT_PRIORITY(.dtors.*))
 *(.fini_array EXCLUDE_FILE(*crtend?.o *crtend.o *crtbegin?.o *crtbegin.o) .dtors)
 .fini_array    0x000000000002fdb8        0x8 /usr/lib/gcc/aarch64-linux-gnu/14/crtbeginS.o
                [!provide]                        PROVIDE (__fini_array_end = .)

.ctors
 *crtbegin.o(.ctors)
 *crtbegin?.o(.ctors)
 *(EXCLUDE_FILE(*crtend?.o *crtend.o) .ctors)
 *(SORT_BY_NAME(.ctors.*))
 *(.ctors)

.dtors
 *crtbegin.o(.dtors)
 *crtbegin?.o(.dtors)
 *(EXCLUDE_FILE(*crtend?.o *crtend.o) .dtors)
 *(SORT_BY_NAME(.dtors.*))
 *(.dtors)

.jcr
 *(.jcr)

.data.rel.ro    0x000000000002fdc0        0x0
 *(.data.rel.ro.local* .gnu.linkonce.d.rel.ro.local.*)
 *(.data.rel.ro .data.rel.ro.* .gnu.linkonce.d.rel.ro.*)
 .data.rel.ro   0x000000000002fdc0        0x0 /usr/lib/gcc/aarch64-linux-gnu/14/../../../aarch64-linux-gnu/Scrt1.o

.dynamic        0x000000000002fdc0      0x1f0
 *(.dynamic)
 .dynamic       0x000000000002fdc0      0x1f0 /usr/lib/gcc/aarch64-linux-gnu/14/../../../aarch64-linux-gnu/Scrt1.o
                0x000000000002fdc0                _DYNAMIC

.got            0x000000000002ffb0       0x38
 *(.got)
 .got           0x000000000002ffb0       0x38 /usr/lib/gcc/aarch64-linux-gnu/14/../../../aarch64-linux-gnu/Scrt1.o
                0x000000000002ffb0                _GLOBAL_OFFSET_TABLE_
 *(.igot)
                0x000000000002ffe8                . = DATA_SEGMENT_RELRO_END (., 0x18)

.got.plt        0x000000000002ffe8       0x90
 *(.got.plt)
 .got.plt       0x000000000002ffe8       0x90 /usr/lib/gcc/aarch64-linux-gnu/14/../../../aarch64-linux-gnu/Scrt1.o
 *(.igot.plt)

.data           0x0000000000030078       0x80
                [!provide]                        PROVIDE (__data_start = .)
 *(.data .data.* .gnu.linkonce.d.*)
 .data          0x0000000000030078        0x4 /usr/lib/gcc/aarch64-linux-gnu/14/../../../aarch64-linux-gnu/Scrt1.o
                0x0000000000030078                data_start
                0x0000000000030078                __data_start
 .data          0x000000000003007c        0x0 /usr/lib/gcc/aarch64-linux-gnu/14/../../../aarch64-linux-gnu/crti.o
 .data          0x000000000003007c        0x0 /usr/lib/gcc/aarch64-linux-gnu/14/crtbeginS.o
 *fill*         0x000000000003007c        0x4 
 .data.rel.local
                0x0000000000030080        0x8 /usr/lib/gcc/aarch64-linux-gnu/14/crtbeginS.o
                0x0000000000030080                __dso_handle
 .data          0x0000000000030088        0x0 build/obj/test-lidar.o
 .data          0x0000000000030088        0x0 build/obj/vl53l8cx_api.o
 .data          0x0000000000030088        0x0 build/obj/vl53l8cx.o
 .data.rel.local.VL53L8CX_RANGING_SENSOR_Driver
                0x0000000000030088       0x70 build/obj/vl53l8cx.o
                0x0000000000030088                VL53L8CX_RANGING_SENSOR_Driver
 .data          0x00000000000300f8        0x0 build/obj/vl53l8cx_platform.o
 .data          0x00000000000300f8        0x0 build/obj/vl53l8cx_plugin_detection_thresholds.o
 .data          0x00000000000300f8        0x0 build/obj/vl53l8cx_plugin_motion_indicator.o
 .data          0x00000000000300f8        0x0 build/obj/vl53l8cx_plugin_xtalk.o
 .data          0x00000000000300f8        0x0 /usr/lib/gcc/aarch64-linux-gnu/14/crtendS.o
 .data          0x00000000000300f8        0x0 /usr/lib/gcc/aarch64-linux-gnu/14/../../../aarch64-linux-gnu/crtn.o

.tm_clone_table
                0x00000000000300f8        0x0
 .tm_clone_table
                0x00000000000300f8        0x0 /usr/lib/gcc/aarch64-linux-gnu/14/crtbeginS.o
 .tm_clone_table
                0x00000000000300f8        0x0 /usr/lib/gcc/aarch64-linux-gnu/14/crtendS.o

.data1
 *(.data1)
                0x00000000000300f8                _edata = .
                [!provide]                        PROVIDE (edata = .)
                0x00000000000300f8                . = ALIGN (ALIGNOF (NEXT_SECTION))
                0x00000000000300f8                __bss_start = .
                0x00000000000300f8                __bss_start__ = .

.bss            0x00000000000300f8      0x858
 *(.dynbss)
 .dynbss        0x00000000000300f8        0x0 /usr/lib/gcc/aarch64-linux-gnu/14/../../../aarch64-linux-gnu/Scrt1.o
 *(.bss .bss.* .gnu.linkonce.b.*)
 .bss           0x00000000000300f8        0x0 /usr/lib/gcc/aarch64-linux-gnu/14/../../../aarch64-linux-gnu/Scrt1.o
 .bss           0x00000000000300f8        0x0 /usr/lib/gcc/aarch64-linux-gnu/14/../../../aarch64-linux-gnu/crti.o
 .bss           0x00000000000300f8        0x1 /usr/lib/gcc/aarch64-linux-gnu/14/crtbeginS.o
 .bss           0x00000000000300f9        0x0 build/obj/test-lidar.o
 .bss           0x00000000000300f9        0x0 build/obj/vl53l8cx_api.o
 .bss           0x00000000000300f9        0x0 build/obj/vl53l8cx.o
 *fill*         0x00000000000300f9        0x7 
 .bss.thresholds.1
                0x0000000000030100      0x300 build/obj/vl53l8cx.o
 .bss.data.0    0x0000000000030400      0x550 build/obj/vl53l8cx.o
 .bss           0x0000000000030950        0x0 build/obj/vl53l8cx_platform.o
 .bss           0x0000000000030950        0x0 build/obj/vl53l8cx_plugin_detection_thresholds.o
 .bss           0x0000000000030950        0x0 build/obj/vl53l8cx_plugin_motion_indicator.o
 .bss           0x0000000000030950        0x0 build/obj/vl53l8cx_plugin_xtalk.o
 .bss           0x0000000000030950        0x0 /usr/lib/gcc/aarch64-linux-gnu/14/crtendS.o
 .bss           0x0000000000030950        0x0 /usr/lib/gcc/aarch64-linux-gnu/14/../../../aarch64-linux-gnu/crtn.o
 *(COMMON)
                0x0000000000030950                . = ALIGN ((. != 0x0)?0x8:0x1)
                0x0000000000030950                _bss_end__ = .
                0x0000000000030950                __bss_end__ = .
                0x0000000000030950                . = ALIGN (0x8)
                0x0000000000030950                . = SEGMENT_START ("ldata-segment", .)
                0x0000000000030950                . = ALIGN (0x8)
                0x0000000000030950                __end__ = .
                0x0000000000030950                _end = .
                [!provide]                        PROVIDE (end = .)
                0x0000000000030950                . = DATA_SEGMENT_END (.)

.stab
 *(.stab)

.stabstr
 *(.stabstr)

.stab.excl
 *(.stab.excl)

.stab.exclstr
 *(.stab.exclstr)

.stab.index
 *(.stab.index)

.stab.indexstr
 *(.stab.indexstr)

.comment        0x0000000000000000       0x1f
 *(.comment)
 .comment       0x0000000000000000       0x1f /usr/lib/gcc/aarch64-linux-gnu/14/crtbeginS.o
                                         0x20 (size before relaxing)
 .comment       0x000000000000001f       0x20 build/obj/test-lidar.o
 .comment       0x000000000000001f       0x20 build/obj/vl53l8cx_api.o
 .comment       0x000000000000001f       0x20 build/obj/vl53l8cx.o
 .comment       0x000000000000001f       0x20 build/obj/vl53l8cx_platform.o
 .comment       0x000000000000001f       0x20 build/obj/vl53l8cx_plugin_detection_thresholds.o
 .comment       0x000000000000001f       0x20 build/obj/vl53l8cx_plugin_motion_indicator.o
 .comment       0x000000000000001f       0x20 build/obj/vl53l8cx_plugin_xtalk.o
 .comment       0x000000000000001f       0x20 /usr/lib/gcc/aarch64-linux-gnu/14/crtendS.o

.gnu.build.attributes
 *(.gnu.build.attributes .gnu.build.attributes.*)

.debug
 *(.debug)

.line
 *(.line)

.debug_srcinfo
 *(.debug_srcinfo)

.debug_sfnames
 *(.debug_sfnames)

.debug_aranges  0x0000000000000000      0x590
 *(.debug_aranges)
 .debug_aranges
                0x0000000000000000       0x30 build/obj/test-lidar.o
 .debug_aranges
                0x0000000000000030      0x220 build/obj/vl53l8cx_api.o
 .debug_aranges
                0x0000000000000250      0x150 build/obj/vl53l8cx.o
 .debug_aranges
                0x00000000000003a0       0x90 build/obj/vl53l8cx_platform.o
 .debug_aranges
                0x0000000000000430       0x80 build/obj/vl53l8cx_plugin_detection_thresholds.o
 .debug_aranges
                0x00000000000004b0       0x50 build/obj/vl53l8cx_plugin_motion_indicator.o
 .debug_aranges
                0x0000000000000500       0x90 build/obj/vl53l8cx_plugin_xtalk.o

.debug_pubnames
 *(.debug_pubnames)

.debug_info     0x0000000000000000     0x4e17
 *(.debug_info .gnu.linkonce.wi.*)
 .debug_info    0x0000000000000000      0x786 build/obj/test-lidar.o
 .debug_info    0x0000000000000786     0x158c build/obj/vl53l8cx_api.o
 .debug_info    0x0000000000001d12     0x1470 build/obj/vl53l8cx.o
 .debug_info    0x0000000000003182      0x7a6 build/obj/vl53l8cx_platform.o
 .debug_info    0x0000000000003928      0x593 build/obj/vl53l8cx_plugin_detection_thresholds.o
 .debug_info    0x0000000000003ebb      0x565 build/obj/vl53l8cx_plugin_motion_indicator.o
 .debug_info    0x0000000000004420      0x9f7 build/obj/vl53l8cx_plugin_xtalk.o

.debug_abbrev   0x0000000000000000      0xd8f
 *(.debug_abbrev)
 .debug_abbrev  0x0000000000000000      0x195 build/obj/test-lidar.o
 .debug_abbrev  0x0000000000000195      0x2a2 build/obj/vl53l8cx_api.o
 .debug_abbrev  0x0000000000000437      0x276 build/obj/vl53l8cx.o
 .debug_abbrev  0x00000000000006ad      0x1fb build/obj/vl53l8cx_platform.o
 .debug_abbrev  0x00000000000008a8      0x14a build/obj/vl53l8cx_plugin_detection_thresholds.o
 .debug_abbrev  0x00000000000009f2      0x168 build/obj/vl53l8cx_plugin_motion_indicator.o
 .debug_abbrev  0x0000000000000b5a      0x235 build/obj/vl53l8cx_plugin_xtalk.o

.debug_line     0x0000000000000000     0x2d9d
 *(.debug_line .debug_line.* .debug_line_end)
 .debug_line    0x0000000000000000      0x1ae build/obj/test-lidar.o
 .debug_line    0x00000000000001ae     0x13f3 build/obj/vl53l8cx_api.o
 .debug_line    0x00000000000015a1      0x835 build/obj/vl53l8cx.o
 .debug_line    0x0000000000001dd6      0x36a build/obj/vl53l8cx_platform.o
 .debug_line    0x0000000000002140      0x414 build/obj/vl53l8cx_plugin_detection_thresholds.o
 .debug_line    0x0000000000002554      0x2a3 build/obj/vl53l8cx_plugin_motion_indicator.o
 .debug_line    0x00000000000027f7      0x5a6 build/obj/vl53l8cx_plugin_xtalk.o

.debug_frame
 *(.debug_frame)

.debug_str      0x0000000000000000     0x16ce
 *(.debug_str)
 .debug_str     0x0000000000000000     0x16ce build/obj/test-lidar.o
                                        0x5b4 (size before relaxing)
 .debug_str     0x00000000000016ce      0xacf build/obj/vl53l8cx_api.o
 .debug_str     0x00000000000016ce      0xc05 build/obj/vl53l8cx.o
 .debug_str     0x00000000000016ce      0x4a6 build/obj/vl53l8cx_platform.o
 .debug_str     0x00000000000016ce      0x49b build/obj/vl53l8cx_plugin_detection_thresholds.o
 .debug_str     0x00000000000016ce      0x4fa build/obj/vl53l8cx_plugin_motion_indicator.o
 .debug_str     0x00000000000016ce      0x6a8 build/obj/vl53l8cx_plugin_xtalk.o

.debug_loc      0x0000000000000000     0x167d
 *(.debug_loc)
 .debug_loc     0x0000000000000000       0x4d build/obj/test-lidar.o
 .debug_loc     0x000000000000004d      0x987 build/obj/vl53l8cx_api.o
 .debug_loc     0x00000000000009d4      0x5a4 build/obj/vl53l8cx.o
 .debug_loc     0x0000000000000f78      0x240 build/obj/vl53l8cx_platform.o
 .debug_loc     0x00000000000011b8      0x1c8 build/obj/vl53l8cx_plugin_detection_thresholds.o
 .debug_loc     0x0000000000001380       0xe7 build/obj/vl53l8cx_plugin_motion_indicator.o
 .debug_loc     0x0000000000001467      0x216 build/obj/vl53l8cx_plugin_xtalk.o

.debug_macinfo
 *(.debug_macinfo)

.debug_weaknames
 *(.debug_weaknames)

.debug_funcnames
 *(.debug_funcnames)

.debug_typenames
 *(.debug_typenames)

.debug_varnames
 *(.debug_varnames)

.debug_pubtypes
 *(.debug_pubtypes)

.debug_ranges   0x0000000000000000      0x520
 *(.debug_ranges)
 .debug_ranges  0x0000000000000000       0x20 build/obj/test-lidar.o
 .debug_ranges  0x0000000000000020      0x210 build/obj/vl53l8cx_api.o
 .debug_ranges  0x0000000000000230      0x140 build/obj/vl53l8cx.o
 .debug_ranges  0x0000000000000370       0x80 build/obj/vl53l8cx_platform.o
 .debug_ranges  0x00000000000003f0       0x70 build/obj/vl53l8cx_plugin_detection_thresholds.o
 .debug_ranges  0x0000000000000460       0x40 build/obj/vl53l8cx_plugin_motion_indicator.o
 .debug_ranges  0x00000000000004a0       0x80 build/obj/vl53l8cx_plugin_xtalk.o

.debug_addr
 *(.debug_addr)

.debug_line_str
 *(.debug_line_str)

.debug_loclists
 *(.debug_loclists)

.debug_macro
 *(.debug_macro)

.debug_names
 *(.debug_names)

.debug_rnglists
 *(.debug_rnglists)

.debug_str_offsets
 *(.debug_str_offsets)

.debug_sup
 *(.debug_sup)

.ARM.attributes
 *(.ARM.attributes)
 *(.gnu.attributes)

.note.gnu.arm.ident
 *(.note.gnu.arm.ident)

/DISCARD/
 *(.note.GNU-stack)
 *(.gnu_debuglink)
 *(.gnu.lto_*)
 *(.gnu_object_only)
OUTPUT(build/lidar_test elf64-littleaarch64)
LOAD linker stubs

Cross Reference Table

Symbol                                            File
GLIBC_2.17                                        /lib/aarch64-linux-gnu/libc.so.6
                                                  /lib/aarch64-linux-gnu/libcrypt.so.1
                                                  /lib/aarch64-linux-gnu/libm.so.6
                                                  /lib/ld-linux-aarch64.so.1
GLIBC_2.18                                        /lib/aarch64-linux-gnu/libc.so.6
                                                  /lib/aarch64-linux-gnu/libm.so.6
GLIBC_2.22                                        /lib/aarch64-linux-gnu/libc.so.6
GLIBC_2.23                                        /lib/aarch64-linux-gnu/libc.so.6
                                                  /lib/aarch64-linux-gnu/libm.so.6
GLIBC_2.24                                        /lib/aarch64-linux-gnu/libc.so.6
                                                  /lib/aarch64-linux-gnu/libm.so.6
GLIBC_2.25                                        /lib/aarch64-linux-gnu/libc.so.6
                                                  /lib/aarch64-linux-gnu/libm.so.6
GLIBC_2.26                                        /lib/aarch64-linux-gnu/libc.so.6
GLIBC_2.27                                        /lib/aarch64-linux-gnu/libc.so.6
                                                  /lib/aarch64-linux-gnu/libm.so.6
GLIBC_2.28                                        /lib/aarch64-linux-gnu/libc.so.6
                                                  /lib/aarch64-linux-gnu/libm.so.6
GLIBC_2.29                                        /lib/aarch64-linux-gnu/libc.so.6
                                                  /lib/aarch64-linux-gnu/libm.so.6
GLIBC_2.30                                        /lib/aarch64-linux-gnu/libc.so.6
GLIBC_2.31                                        /lib/aarch64-linux-gnu/libc.so.6
                                                  /lib/aarch64-linux-gnu/libm.so.6
GLIBC_2.32                                        /lib/aarch64-linux-gnu/libc.so.6
                                                  /lib/aarch64-linux-gnu/libm.so.6
GLIBC_2.33                                        /lib/aarch64-linux-gnu/libc.so.6
GLIBC_2.34                                        /lib/aarch64-linux-gnu/libc.so.6
                                                  /lib/ld-linux-aarch64.so.1
GLIBC_2.35                                        /lib/aarch64-linux-gnu/libc.so.6
                                                  /lib/aarch64-linux-gnu/libm.so.6
                                                  /lib/ld-linux-aarch64.so.1
GLIBC_2.36                                        /lib/aarch64-linux-gnu/libc.so.6
GLIBC_2.38                                        /lib/aarch64-linux-gnu/libc.so.6
                                                  /lib/aarch64-linux-gnu/libm.so.6
GLIBC_2.39                                        /lib/aarch64-linux-gnu/libc.so.6
                                                  /lib/aarch64-linux-gnu/libm.so.6
GLIBC_2.40                                        /lib/aarch64-linux-gnu/libm.so.6
GLIBC_2.41                                        /lib/aarch64-linux-gnu/libc.so.6
                                                  /lib/aarch64-linux-gnu/libm.so.6
GLIBC_ABI_DT_RELR                                 /lib/aarch64-linux-gnu/libc.so.6
GLIBC_PRIVATE                                     /lib/aarch64-linux-gnu/libc.so.6
                                                  /lib/ld-linux-aarch64.so.1
VL53L8CX_ConfigIT                                 build/obj/vl53l8cx.o
VL53L8CX_ConfigProfile                            build/obj/vl53l8cx.o
VL53L8CX_ConfigROI                                build/obj/vl53l8cx.o
VL53L8CX_DEFAULT_CONFIGURATION                    build/obj/vl53l8cx_api.o
VL53L8CX_DEFAULT_XTALK                            build/obj/vl53l8cx_api.o
VL53L8CX_DeInit                                   build/obj/vl53l8cx.o
VL53L8CX_FIRMWARE                                 build/obj/vl53l8cx_api.o
VL53L8CX_GET_NVM_CMD                              build/obj/vl53l8cx_api.o
VL53L8CX_GetAddress                               build/obj/vl53l8cx.o
VL53L8CX_GetCapabilities                          build/obj/vl53l8cx.o
VL53L8CX_GetDistance                              build/obj/vl53l8cx.o
VL53L8CX_GetPowerMode                             build/obj/vl53l8cx.o
VL53L8CX_Init                                     build/obj/vl53l8cx.o
VL53L8CX_InitSPI                                  build/obj/vl53l8cx_platform.o
VL53L8CX_RANGING_SENSOR_Driver                    build/obj/vl53l8cx.o
VL53L8CX_RdByte                                   build/obj/vl53l8cx_platform.o
                                                  build/obj/vl53l8cx.o
                                                  build/obj/vl53l8cx_api.o
VL53L8CX_RdMulti                                  build/obj/vl53l8cx_platform.o
                                                  build/obj/vl53l8cx_plugin_xtalk.o
                                                  build/obj/vl53l8cx_api.o
VL53L8CX_ReadID                                   build/obj/vl53l8cx.o
VL53L8CX_RegisterBusIO                            build/obj/vl53l8cx.o
VL53L8CX_SetAddress                               build/obj/vl53l8cx.o
VL53L8CX_SetPowerMode                             build/obj/vl53l8cx.o
VL53L8CX_Start                                    build/obj/vl53l8cx.o
VL53L8CX_Stop                                     build/obj/vl53l8cx.o
VL53L8CX_SwapBuffer                               build/obj/vl53l8cx_platform.o
                                                  build/obj/vl53l8cx_api.o
VL53L8CX_WaitMs                                   build/obj/vl53l8cx_platform.o
                                                  build/obj/vl53l8cx_plugin_xtalk.o
                                                  build/obj/vl53l8cx_api.o
VL53L8CX_WrByte                                   build/obj/vl53l8cx_platform.o
                                                  build/obj/vl53l8cx.o
                                                  build/obj/vl53l8cx_api.o
VL53L8CX_WrMulti                                  build/obj/vl53l8cx_platform.o
                                                  build/obj/vl53l8cx_plugin_xtalk.o
                                                  build/obj/vl53l8cx_api.o
VL53L8CX_XTalkCalibration                         build/obj/vl53l8cx.o
XCRYPT_2.0                                        /lib/aarch64-linux-gnu/libcrypt.so.1
XCRYPT_4.3                                        /lib/aarch64-linux-gnu/libcrypt.so.1
XCRYPT_4.4                                        /lib/aarch64-linux-gnu/libcrypt.so.1
_DYNAMIC                                          /usr/lib/gcc/aarch64-linux-gnu/14/../../../aarch64-linux-gnu/Scrt1.o
_Exit                                             /lib/aarch64-linux-gnu/libc.so.6
_Exit@@GLIBC_2.17                                 /lib/aarch64-linux-gnu/libc.so.6
_Exit@GLIBC_2.17                                  /lib/aarch64-linux-gnu/libc.so.6
_GLOBAL_OFFSET_TABLE_                             /usr/lib/gcc/aarch64-linux-gnu/14/../../../aarch64-linux-gnu/Scrt1.o
_IO_flockfile                                     /lib/aarch64-linux-gnu/libc.so.6
_IO_flockfile@@GLIBC_2.17                         /lib/aarch64-linux-gnu/libc.so.6
_IO_flockfile@GLIBC_2.17                          /lib/aarch64-linux-gnu/libc.so.6
_IO_fprintf                                       /lib/aarch64-linux-gnu/libc.so.6
_IO_fprintf@@GLIBC_2.17                           /lib/aarch64-linux-gnu/libc.so.6
_IO_fprintf@GLIBC_2.17                            /lib/aarch64-linux-gnu/libc.so.6
_IO_ftrylockfile                                  /lib/aarch64-linux-gnu/libc.so.6
_IO_ftrylockfile@@GLIBC_2.17                      /lib/aarch64-linux-gnu/libc.so.6
_IO_ftrylockfile@GLIBC_2.17                       /lib/aarch64-linux-gnu/libc.so.6
_IO_funlockfile                                   /lib/aarch64-linux-gnu/libc.so.6
_IO_funlockfile@@GLIBC_2.17                       /lib/aarch64-linux-gnu/libc.so.6
_IO_funlockfile@GLIBC_2.17                        /lib/aarch64-linux-gnu/libc.so.6
_IO_stdin_used                                    /usr/lib/gcc/aarch64-linux-gnu/14/../../../aarch64-linux-gnu/Scrt1.o
_ITM_deregisterTMCloneTable                       /lib/aarch64-linux-gnu/libcrypt.so.1
                                                  /lib/aarch64-linux-gnu/libm.so.6
                                                  /usr/lib/gcc/aarch64-linux-gnu/14/../../../../lib/libwiringPi.so
                                                  /usr/lib/gcc/aarch64-linux-gnu/14/crtbeginS.o
_ITM_registerTMCloneTable                         /lib/aarch64-linux-gnu/libcrypt.so.1
                                                  /lib/aarch64-linux-gnu/libm.so.6
                                                  /usr/lib/gcc/aarch64-linux-gnu/14/../../../../lib/libwiringPi.so
                                                  /usr/lib/gcc/aarch64-linux-gnu/14/crtbeginS.o
__GNU_EH_FRAME_HDR                                build/lidar_test
__TMC_END__                                       /usr/lib/gcc/aarch64-linux-gnu/14/crtendS.o
                                                  /usr/lib/gcc/aarch64-linux-gnu/14/crtbeginS.o
___brk_addr                                       /lib/aarch64-linux-gnu/libc.so.6
___brk_addr@@GLIBC_2.17                           /lib/aarch64-linux-gnu/libc.so.6
___brk_addr@GLIBC_2.17                            /lib/aarch64-linux-gnu/libc.so.6
__after_morecore_hook@GLIBC_2.17                  /lib/aarch64-linux-gnu/libc.so.6
__compat_bdflush                                  /lib/aarch64-linux-gnu/libc.so.6
                                                  /lib/aarch64-linux-gnu/libc.so.6
__compat_create_module                            /lib/aarch64-linux-gnu/libc.so.6
                                                  /lib/aarch64-linux-gnu/libc.so.6
__compat_get_kernel_syms                          /lib/aarch64-linux-gnu/libc.so.6
                                                  /lib/aarch64-linux-gnu/libc.so.6
__compat_query_module                             /lib/aarch64-linux-gnu/libc.so.6
                                                  /lib/aarch64-linux-gnu/libc.so.6
__compat_uselib                                   /lib/aarch64-linux-gnu/libc.so.6
                                                  /lib/aarch64-linux-gnu/libc.so.6
__connect                                         /lib/aarch64-linux-gnu/libc.so.6
__connect@@GLIBC_2.17                             /lib/aarch64-linux-gnu/libc.so.6
__connect@GLIBC_2.17                              /lib/aarch64-linux-gnu/libc.so.6
__ctype_get_mb_cur_max                            /lib/aarch64-linux-gnu/libc.so.6
__ctype_get_mb_cur_max@@GLIBC_2.17                /lib/aarch64-linux-gnu/libc.so.6
__ctype_get_mb_cur_max@GLIBC_2.17                 /lib/aarch64-linux-gnu/libc.so.6
__data_start                                      /usr/lib/gcc/aarch64-linux-gnu/14/../../../aarch64-linux-gnu/Scrt1.o
__dso_handle                                      /usr/lib/gcc/aarch64-linux-gnu/14/crtbeginS.o
__fcntl                                           /lib/aarch64-linux-gnu/libc.so.6
__fcntl@@GLIBC_2.17                               /lib/aarch64-linux-gnu/libc.so.6
__fcntl@GLIBC_2.17                                /lib/aarch64-linux-gnu/libc.so.6
__free_hook@GLIBC_2.17                            /lib/aarch64-linux-gnu/libc.so.6
__gmon_start__                                    /lib/aarch64-linux-gnu/libcrypt.so.1
                                                  /lib/aarch64-linux-gnu/libm.so.6
                                                  /usr/lib/gcc/aarch64-linux-gnu/14/../../../../lib/libwiringPi.so
                                                  /usr/lib/gcc/aarch64-linux-gnu/14/../../../aarch64-linux-gnu/crti.o
__isascii_l                                       /lib/aarch64-linux-gnu/libc.so.6
__isascii_l@@GLIBC_2.17                           /lib/aarch64-linux-gnu/libc.so.6
__isascii_l@GLIBC_2.17                            /lib/aarch64-linux-gnu/libc.so.6
__isoc23_strtoimax                                /lib/aarch64-linux-gnu/libc.so.6
__isoc23_strtoimax@@GLIBC_2.38                    /lib/aarch64-linux-gnu/libc.so.6
__isoc23_strtoimax@GLIBC_2.38                     /lib/aarch64-linux-gnu/libc.so.6
__isoc23_strtoll                                  /lib/aarch64-linux-gnu/libc.so.6
__isoc23_strtoll@@GLIBC_2.38                      /lib/aarch64-linux-gnu/libc.so.6
__isoc23_strtoll@GLIBC_2.38                       /lib/aarch64-linux-gnu/libc.so.6
__isoc23_strtoll_l                                /lib/aarch64-linux-gnu/libc.so.6
__isoc23_strtoll_l@@GLIBC_2.38                    /lib/aarch64-linux-gnu/libc.so.6
__isoc23_strtoll_l@GLIBC_2.38                     /lib/aarch64-linux-gnu/libc.so.6
__isoc23_strtoull                                 /lib/aarch64-linux-gnu/libc.so.6
__isoc23_strtoull@@GLIBC_2.38                     /lib/aarch64-linux-gnu/libc.so.6
__isoc23_strtoull@GLIBC_2.38                      /lib/aarch64-linux-gnu/libc.so.6
__isoc23_strtoull_l                               /lib/aarch64-linux-gnu/libc.so.6
__isoc23_strtoull_l@@GLIBC_2.38                   /lib/aarch64-linux-gnu/libc.so.6
__isoc23_strtoull_l@GLIBC_2.38                    /lib/aarch64-linux-gnu/libc.so.6
__isoc23_strtoumax                                /lib/aarch64-linux-gnu/libc.so.6
__isoc23_strtoumax@@GLIBC_2.38                    /lib/aarch64-linux-gnu/libc.so.6
__isoc23_strtoumax@GLIBC_2.38                     /lib/aarch64-linux-gnu/libc.so.6
__isoc23_wcstoimax                                /lib/aarch64-linux-gnu/libc.so.6
__isoc23_wcstoimax@@GLIBC_2.38                    /lib/aarch64-linux-gnu/libc.so.6
__isoc23_wcstoimax@GLIBC_2.38                     /lib/aarch64-linux-gnu/libc.so.6
__isoc23_wcstoll                                  /lib/aarch64-linux-gnu/libc.so.6
__isoc23_wcstoll@@GLIBC_2.38                      /lib/aarch64-linux-gnu/libc.so.6
__isoc23_wcstoll@GLIBC_2.38                       /lib/aarch64-linux-gnu/libc.so.6
__isoc23_wcstoll_l                                /lib/aarch64-linux-gnu/libc.so.6
__isoc23_wcstoll_l@@GLIBC_2.38                    /lib/aarch64-linux-gnu/libc.so.6
__isoc23_wcstoll_l@GLIBC_2.38                     /lib/aarch64-linux-gnu/libc.so.6
__isoc23_wcstoull                                 /lib/aarch64-linux-gnu/libc.so.6
__isoc23_wcstoull@@GLIBC_2.38                     /lib/aarch64-linux-gnu/libc.so.6
__isoc23_wcstoull@GLIBC_2.38                      /lib/aarch64-linux-gnu/libc.so.6
__isoc23_wcstoull_l                               /lib/aarch64-linux-gnu/libc.so.6
__isoc23_wcstoull_l@@GLIBC_2.38                   /lib/aarch64-linux-gnu/libc.so.6
__isoc23_wcstoull_l@GLIBC_2.38                    /lib/aarch64-linux-gnu/libc.so.6
__isoc23_wcstoumax                                /lib/aarch64-linux-gnu/libc.so.6
__isoc23_wcstoumax@@GLIBC_2.38                    /lib/aarch64-linux-gnu/libc.so.6
__isoc23_wcstoumax@GLIBC_2.38                     /lib/aarch64-linux-gnu/libc.so.6
__libc_secure_getenv                              /lib/aarch64-linux-gnu/libc.so.6
__libc_secure_getenv@@GLIBC_PRIVATE               /lib/aarch64-linux-gnu/libc.so.6
__libc_secure_getenv@GLIBC_PRIVATE                /lib/aarch64-linux-gnu/libc.so.6
__malloc_hook@GLIBC_2.17                          /lib/aarch64-linux-gnu/libc.so.6
__memalign_hook@GLIBC_2.17                        /lib/aarch64-linux-gnu/libc.so.6
__open                                            /lib/aarch64-linux-gnu/libc.so.6
__open64                                          /lib/aarch64-linux-gnu/libc.so.6
__open64@@GLIBC_2.17                              /lib/aarch64-linux-gnu/libc.so.6
__open64@GLIBC_2.17                               /lib/aarch64-linux-gnu/libc.so.6
__open@@GLIBC_2.17                                /lib/aarch64-linux-gnu/libc.so.6
__open@GLIBC_2.17                                 /lib/aarch64-linux-gnu/libc.so.6
__pread64                                         /lib/aarch64-linux-gnu/libc.so.6
__pread64@@GLIBC_2.17                             /lib/aarch64-linux-gnu/libc.so.6
__pread64@GLIBC_2.17                              /lib/aarch64-linux-gnu/libc.so.6
__pwrite64                                        /lib/aarch64-linux-gnu/libc.so.6
__pwrite64@@GLIBC_2.17                            /lib/aarch64-linux-gnu/libc.so.6
__pwrite64@GLIBC_2.17                             /lib/aarch64-linux-gnu/libc.so.6
__realloc_hook@GLIBC_2.17                         /lib/aarch64-linux-gnu/libc.so.6
__recv                                            /lib/aarch64-linux-gnu/libc.so.6
__recv@@GLIBC_PRIVATE                             /lib/aarch64-linux-gnu/libc.so.6
__recv@GLIBC_PRIVATE                              /lib/aarch64-linux-gnu/libc.so.6
__statfs                                          /lib/aarch64-linux-gnu/libc.so.6
__statfs@@GLIBC_2.17                              /lib/aarch64-linux-gnu/libc.so.6
__statfs@GLIBC_2.17                               /lib/aarch64-linux-gnu/libc.so.6
__strtoll_l                                       /lib/aarch64-linux-gnu/libc.so.6
__strtoll_l@@GLIBC_2.17                           /lib/aarch64-linux-gnu/libc.so.6
__strtoll_l@GLIBC_2.17                            /lib/aarch64-linux-gnu/libc.so.6
__strtoull_l                                      /lib/aarch64-linux-gnu/libc.so.6
__strtoull_l@@GLIBC_2.17                          /lib/aarch64-linux-gnu/libc.so.6
__strtoull_l@GLIBC_2.17                           /lib/aarch64-linux-gnu/libc.so.6
__toascii_l                                       /lib/aarch64-linux-gnu/libc.so.6
__toascii_l@@GLIBC_2.17                           /lib/aarch64-linux-gnu/libc.so.6
__toascii_l@GLIBC_2.17                            /lib/aarch64-linux-gnu/libc.so.6
__vsnprintf                                       /lib/aarch64-linux-gnu/libc.so.6
__vsnprintf@@GLIBC_2.17                           /lib/aarch64-linux-gnu/libc.so.6
__vsnprintf@GLIBC_2.17                            /lib/aarch64-linux-gnu/libc.so.6
__vsscanf                                         /lib/aarch64-linux-gnu/libc.so.6
__vsscanf@@GLIBC_2.17                             /lib/aarch64-linux-gnu/libc.so.6
__vsscanf@GLIBC_2.17                              /lib/aarch64-linux-gnu/libc.so.6
__wcstoll_l                                       /lib/aarch64-linux-gnu/libc.so.6
__wcstoll_l@@GLIBC_2.17                           /lib/aarch64-linux-gnu/libc.so.6
__wcstoll_l@GLIBC_2.17                            /lib/aarch64-linux-gnu/libc.so.6
__wcstoull_l                                      /lib/aarch64-linux-gnu/libc.so.6
__wcstoull_l@@GLIBC_2.17                          /lib/aarch64-linux-gnu/libc.so.6
__wcstoull_l@GLIBC_2.17                           /lib/aarch64-linux-gnu/libc.so.6
__write                                           /lib/aarch64-linux-gnu/libc.so.6
__write@@GLIBC_2.17                               /lib/aarch64-linux-gnu/libc.so.6
__write@GLIBC_2.17                                /lib/aarch64-linux-gnu/libc.so.6
__xpg_sigpause                                    /lib/aarch64-linux-gnu/libc.so.6
__xpg_sigpause@@GLIBC_2.17                        /lib/aarch64-linux-gnu/libc.so.6
__xpg_sigpause@GLIBC_2.17                         /lib/aarch64-linux-gnu/libc.so.6
_environ                                          /lib/aarch64-linux-gnu/libc.so.6
_environ@@GLIBC_2.17                              /lib/aarch64-linux-gnu/libc.so.6
_environ@GLIBC_2.17                               /lib/aarch64-linux-gnu/libc.so.6
_fini                                             /usr/lib/gcc/aarch64-linux-gnu/14/../../../aarch64-linux-gnu/crti.o
_flushlbf                                         /lib/aarch64-linux-gnu/libc.so.6
_flushlbf@@GLIBC_2.17                             /lib/aarch64-linux-gnu/libc.so.6
_flushlbf@GLIBC_2.17                              /lib/aarch64-linux-gnu/libc.so.6
_init                                             /usr/lib/gcc/aarch64-linux-gnu/14/../../../aarch64-linux-gnu/crti.o
_longjmp                                          /lib/aarch64-linux-gnu/libc.so.6
_longjmp@@GLIBC_2.17                              /lib/aarch64-linux-gnu/libc.so.6
_longjmp@GLIBC_2.17                               /lib/aarch64-linux-gnu/libc.so.6
_start                                            /usr/lib/gcc/aarch64-linux-gnu/14/../../../aarch64-linux-gnu/Scrt1.o
access                                            /lib/aarch64-linux-gnu/libc.so.6
access@@GLIBC_2.17                                /lib/aarch64-linux-gnu/libc.so.6
access@GLIBC_2.17                                 /lib/aarch64-linux-gnu/libc.so.6
acos                                              /lib/aarch64-linux-gnu/libm.so.6
acos@@GLIBC_2.17                                  /lib/aarch64-linux-gnu/libm.so.6
acos@GLIBC_2.17                                   /lib/aarch64-linux-gnu/libm.so.6
acosf                                             /lib/aarch64-linux-gnu/libm.so.6
acosf128                                          /lib/aarch64-linux-gnu/libm.so.6
acosf128@@GLIBC_2.27                              /lib/aarch64-linux-gnu/libm.so.6
acosf128@GLIBC_2.27                               /lib/aarch64-linux-gnu/libm.so.6
acosf32                                           /lib/aarch64-linux-gnu/libm.so.6
acosf32@@GLIBC_2.27                               /lib/aarch64-linux-gnu/libm.so.6
acosf32@GLIBC_2.27                                /lib/aarch64-linux-gnu/libm.so.6
acosf32x                                          /lib/aarch64-linux-gnu/libm.so.6
acosf32x@@GLIBC_2.27                              /lib/aarch64-linux-gnu/libm.so.6
acosf32x@GLIBC_2.27                               /lib/aarch64-linux-gnu/libm.so.6
acosf64                                           /lib/aarch64-linux-gnu/libm.so.6
acosf64@@GLIBC_2.27                               /lib/aarch64-linux-gnu/libm.so.6
acosf64@GLIBC_2.27                                /lib/aarch64-linux-gnu/libm.so.6
acosf64x                                          /lib/aarch64-linux-gnu/libm.so.6
acosf64x@@GLIBC_2.27                              /lib/aarch64-linux-gnu/libm.so.6
acosf64x@GLIBC_2.27                               /lib/aarch64-linux-gnu/libm.so.6
acosf@@GLIBC_2.17                                 /lib/aarch64-linux-gnu/libm.so.6
acosf@GLIBC_2.17                                  /lib/aarch64-linux-gnu/libm.so.6
acosh                                             /lib/aarch64-linux-gnu/libm.so.6
acosh@@GLIBC_2.17                                 /lib/aarch64-linux-gnu/libm.so.6
acosh@GLIBC_2.17                                  /lib/aarch64-linux-gnu/libm.so.6
acoshf                                            /lib/aarch64-linux-gnu/libm.so.6
acoshf128                                         /lib/aarch64-linux-gnu/libm.so.6
acoshf128@@GLIBC_2.27                             /lib/aarch64-linux-gnu/libm.so.6
acoshf128@GLIBC_2.27                              /lib/aarch64-linux-gnu/libm.so.6
acoshf32                                          /lib/aarch64-linux-gnu/libm.so.6
acoshf32@@GLIBC_2.27                              /lib/aarch64-linux-gnu/libm.so.6
acoshf32@GLIBC_2.27                               /lib/aarch64-linux-gnu/libm.so.6
acoshf32x                                         /lib/aarch64-linux-gnu/libm.so.6
acoshf32x@@GLIBC_2.27                             /lib/aarch64-linux-gnu/libm.so.6
acoshf32x@GLIBC_2.27                              /lib/aarch64-linux-gnu/libm.so.6
acoshf64                                          /lib/aarch64-linux-gnu/libm.so.6
acoshf64@@GLIBC_2.27                              /lib/aarch64-linux-gnu/libm.so.6
acoshf64@GLIBC_2.27                               /lib/aarch64-linux-gnu/libm.so.6
acoshf64x                                         /lib/aarch64-linux-gnu/libm.so.6
acoshf64x@@GLIBC_2.27                             /lib/aarch64-linux-gnu/libm.so.6
acoshf64x@GLIBC_2.27                              /lib/aarch64-linux-gnu/libm.so.6
acoshf@@GLIBC_2.17                                /lib/aarch64-linux-gnu/libm.so.6
acoshf@GLIBC_2.17                                 /lib/aarch64-linux-gnu/libm.so.6
acoshl                                            /lib/aarch64-linux-gnu/libm.so.6
acoshl@@GLIBC_2.17                                /lib/aarch64-linux-gnu/libm.so.6
acoshl@GLIBC_2.17                                 /lib/aarch64-linux-gnu/libm.so.6
acosl                                             /lib/aarch64-linux-gnu/libm.so.6
acosl@@GLIBC_2.17                                 /lib/aarch64-linux-gnu/libm.so.6
acosl@GLIBC_2.17                                  /lib/aarch64-linux-gnu/libm.so.6
acospi                                            /lib/aarch64-linux-gnu/libm.so.6
acospi@@GLIBC_2.41                                /lib/aarch64-linux-gnu/libm.so.6
acospi@GLIBC_2.41                                 /lib/aarch64-linux-gnu/libm.so.6
acospif                                           /lib/aarch64-linux-gnu/libm.so.6
acospif128                                        /lib/aarch64-linux-gnu/libm.so.6
acospif128@@GLIBC_2.41                            /lib/aarch64-linux-gnu/libm.so.6
acospif128@GLIBC_2.41                             /lib/aarch64-linux-gnu/libm.so.6
acospif32                                         /lib/aarch64-linux-gnu/libm.so.6
acospif32@@GLIBC_2.41                             /lib/aarch64-linux-gnu/libm.so.6
acospif32@GLIBC_2.41                              /lib/aarch64-linux-gnu/libm.so.6
acospif32x                                        /lib/aarch64-linux-gnu/libm.so.6
acospif32x@@GLIBC_2.41                            /lib/aarch64-linux-gnu/libm.so.6
acospif32x@GLIBC_2.41                             /lib/aarch64-linux-gnu/libm.so.6
acospif64                                         /lib/aarch64-linux-gnu/libm.so.6
acospif64@@GLIBC_2.41                             /lib/aarch64-linux-gnu/libm.so.6
acospif64@GLIBC_2.41                              /lib/aarch64-linux-gnu/libm.so.6
acospif64x                                        /lib/aarch64-linux-gnu/libm.so.6
acospif64x@@GLIBC_2.41                            /lib/aarch64-linux-gnu/libm.so.6
acospif64x@GLIBC_2.41                             /lib/aarch64-linux-gnu/libm.so.6
acospif@@GLIBC_2.41                               /lib/aarch64-linux-gnu/libm.so.6
acospif@GLIBC_2.41                                /lib/aarch64-linux-gnu/libm.so.6
acospil                                           /lib/aarch64-linux-gnu/libm.so.6
acospil@@GLIBC_2.41                               /lib/aarch64-linux-gnu/libm.so.6
acospil@GLIBC_2.41                                /lib/aarch64-linux-gnu/libm.so.6
addmntent                                         /lib/aarch64-linux-gnu/libc.so.6
addmntent@@GLIBC_2.17                             /lib/aarch64-linux-gnu/libc.so.6
addmntent@GLIBC_2.17                              /lib/aarch64-linux-gnu/libc.so.6
addseverity                                       /lib/aarch64-linux-gnu/libc.so.6
addseverity@@GLIBC_2.17                           /lib/aarch64-linux-gnu/libc.so.6
addseverity@GLIBC_2.17                            /lib/aarch64-linux-gnu/libc.so.6
adjtime                                           /lib/aarch64-linux-gnu/libc.so.6
adjtime@@GLIBC_2.17                               /lib/aarch64-linux-gnu/libc.so.6
adjtime@GLIBC_2.17                                /lib/aarch64-linux-gnu/libc.so.6
adjtimex                                          /lib/aarch64-linux-gnu/libc.so.6
adjtimex@@GLIBC_2.17                              /lib/aarch64-linux-gnu/libc.so.6
adjtimex@GLIBC_2.17                               /lib/aarch64-linux-gnu/libc.so.6
advance@GLIBC_2.17                                /lib/aarch64-linux-gnu/libc.so.6
aligned_alloc                                     /lib/aarch64-linux-gnu/libc.so.6
aligned_alloc@@GLIBC_2.17                         /lib/aarch64-linux-gnu/libc.so.6
aligned_alloc@GLIBC_2.17                          /lib/aarch64-linux-gnu/libc.so.6
alphasort                                         /lib/aarch64-linux-gnu/libc.so.6
alphasort64                                       /lib/aarch64-linux-gnu/libc.so.6
alphasort64@@GLIBC_2.17                           /lib/aarch64-linux-gnu/libc.so.6
alphasort64@GLIBC_2.17                            /lib/aarch64-linux-gnu/libc.so.6
alphasort@@GLIBC_2.17                             /lib/aarch64-linux-gnu/libc.so.6
alphasort@GLIBC_2.17                              /lib/aarch64-linux-gnu/libc.so.6
arc4random                                        /lib/aarch64-linux-gnu/libc.so.6
arc4random@@GLIBC_2.36                            /lib/aarch64-linux-gnu/libc.so.6
arc4random@GLIBC_2.36                             /lib/aarch64-linux-gnu/libc.so.6
arc4random_buf                                    /lib/aarch64-linux-gnu/libc.so.6
arc4random_buf@@GLIBC_2.36                        /lib/aarch64-linux-gnu/libc.so.6
arc4random_buf@GLIBC_2.36                         /lib/aarch64-linux-gnu/libc.so.6
                                                  /lib/aarch64-linux-gnu/libcrypt.so.1
arc4random_uniform                                /lib/aarch64-linux-gnu/libc.so.6
arc4random_uniform@@GLIBC_2.36                    /lib/aarch64-linux-gnu/libc.so.6
arc4random_uniform@GLIBC_2.36                     /lib/aarch64-linux-gnu/libc.so.6
argp_error                                        /lib/aarch64-linux-gnu/libc.so.6
argp_error@@GLIBC_2.17                            /lib/aarch64-linux-gnu/libc.so.6
argp_error@GLIBC_2.17                             /lib/aarch64-linux-gnu/libc.so.6
argp_failure                                      /lib/aarch64-linux-gnu/libc.so.6
argp_failure@@GLIBC_2.17                          /lib/aarch64-linux-gnu/libc.so.6
argp_failure@GLIBC_2.17                           /lib/aarch64-linux-gnu/libc.so.6
argp_help                                         /lib/aarch64-linux-gnu/libc.so.6
argp_help@@GLIBC_2.17                             /lib/aarch64-linux-gnu/libc.so.6
argp_help@GLIBC_2.17                              /lib/aarch64-linux-gnu/libc.so.6
argp_parse                                        /lib/aarch64-linux-gnu/libc.so.6
argp_parse@@GLIBC_2.17                            /lib/aarch64-linux-gnu/libc.so.6
argp_parse@GLIBC_2.17                             /lib/aarch64-linux-gnu/libc.so.6
argp_state_help                                   /lib/aarch64-linux-gnu/libc.so.6
argp_state_help@@GLIBC_2.17                       /lib/aarch64-linux-gnu/libc.so.6
argp_state_help@GLIBC_2.17                        /lib/aarch64-linux-gnu/libc.so.6
argp_usage                                        /lib/aarch64-linux-gnu/libc.so.6
argp_usage@@GLIBC_2.17                            /lib/aarch64-linux-gnu/libc.so.6
argp_usage@GLIBC_2.17                             /lib/aarch64-linux-gnu/libc.so.6
argz_add                                          /lib/aarch64-linux-gnu/libc.so.6
argz_add@@GLIBC_2.17                              /lib/aarch64-linux-gnu/libc.so.6
argz_add@GLIBC_2.17                               /lib/aarch64-linux-gnu/libc.so.6
argz_add_sep                                      /lib/aarch64-linux-gnu/libc.so.6
argz_add_sep@@GLIBC_2.17                          /lib/aarch64-linux-gnu/libc.so.6
argz_add_sep@GLIBC_2.17                           /lib/aarch64-linux-gnu/libc.so.6
argz_append                                       /lib/aarch64-linux-gnu/libc.so.6
argz_append@@GLIBC_2.17                           /lib/aarch64-linux-gnu/libc.so.6
argz_append@GLIBC_2.17                            /lib/aarch64-linux-gnu/libc.so.6
argz_count                                        /lib/aarch64-linux-gnu/libc.so.6
argz_count@@GLIBC_2.17                            /lib/aarch64-linux-gnu/libc.so.6
argz_count@GLIBC_2.17                             /lib/aarch64-linux-gnu/libc.so.6
argz_create                                       /lib/aarch64-linux-gnu/libc.so.6
argz_create@@GLIBC_2.17                           /lib/aarch64-linux-gnu/libc.so.6
argz_create@GLIBC_2.17                            /lib/aarch64-linux-gnu/libc.so.6
argz_create_sep                                   /lib/aarch64-linux-gnu/libc.so.6
argz_create_sep@@GLIBC_2.17                       /lib/aarch64-linux-gnu/libc.so.6
argz_create_sep@GLIBC_2.17                        /lib/aarch64-linux-gnu/libc.so.6
argz_extract                                      /lib/aarch64-linux-gnu/libc.so.6
argz_extract@@GLIBC_2.17                          /lib/aarch64-linux-gnu/libc.so.6
argz_extract@GLIBC_2.17                           /lib/aarch64-linux-gnu/libc.so.6
argz_insert                                       /lib/aarch64-linux-gnu/libc.so.6
argz_insert@@GLIBC_2.17                           /lib/aarch64-linux-gnu/libc.so.6
argz_insert@GLIBC_2.17                            /lib/aarch64-linux-gnu/libc.so.6
argz_next                                         /lib/aarch64-linux-gnu/libc.so.6
argz_next@@GLIBC_2.17                             /lib/aarch64-linux-gnu/libc.so.6
argz_next@GLIBC_2.17                              /lib/aarch64-linux-gnu/libc.so.6
argz_replace                                      /lib/aarch64-linux-gnu/libc.so.6
argz_replace@@GLIBC_2.17                          /lib/aarch64-linux-gnu/libc.so.6
argz_replace@GLIBC_2.17                           /lib/aarch64-linux-gnu/libc.so.6
argz_stringify                                    /lib/aarch64-linux-gnu/libc.so.6
argz_stringify@@GLIBC_2.17                        /lib/aarch64-linux-gnu/libc.so.6
argz_stringify@GLIBC_2.17                         /lib/aarch64-linux-gnu/libc.so.6
asctime_r                                         /lib/aarch64-linux-gnu/libc.so.6
asctime_r@@GLIBC_2.17                             /lib/aarch64-linux-gnu/libc.so.6
asctime_r@GLIBC_2.17                              /lib/aarch64-linux-gnu/libc.so.6
asin                                              /lib/aarch64-linux-gnu/libm.so.6
asin@@GLIBC_2.17                                  /lib/aarch64-linux-gnu/libm.so.6
asin@GLIBC_2.17                                   /lib/aarch64-linux-gnu/libm.so.6
asinf                                             /lib/aarch64-linux-gnu/libm.so.6
asinf128                                          /lib/aarch64-linux-gnu/libm.so.6
asinf128@@GLIBC_2.27                              /lib/aarch64-linux-gnu/libm.so.6
asinf128@GLIBC_2.27                               /lib/aarch64-linux-gnu/libm.so.6
asinf32                                           /lib/aarch64-linux-gnu/libm.so.6
asinf32@@GLIBC_2.27                               /lib/aarch64-linux-gnu/libm.so.6
asinf32@GLIBC_2.27                                /lib/aarch64-linux-gnu/libm.so.6
asinf32x                                          /lib/aarch64-linux-gnu/libm.so.6
asinf32x@@GLIBC_2.27                              /lib/aarch64-linux-gnu/libm.so.6
asinf32x@GLIBC_2.27                               /lib/aarch64-linux-gnu/libm.so.6
asinf64                                           /lib/aarch64-linux-gnu/libm.so.6
asinf64@@GLIBC_2.27                               /lib/aarch64-linux-gnu/libm.so.6
asinf64@GLIBC_2.27                                /lib/aarch64-linux-gnu/libm.so.6
asinf64x                                          /lib/aarch64-linux-gnu/libm.so.6
asinf64x@@GLIBC_2.27                              /lib/aarch64-linux-gnu/libm.so.6
asinf64x@GLIBC_2.27                               /lib/aarch64-linux-gnu/libm.so.6
asinf@@GLIBC_2.17                                 /lib/aarch64-linux-gnu/libm.so.6
asinf@GLIBC_2.17                                  /lib/aarch64-linux-gnu/libm.so.6
asinh                                             /lib/aarch64-linux-gnu/libm.so.6
asinh@@GLIBC_2.17                                 /lib/aarch64-linux-gnu/libm.so.6
asinh@GLIBC_2.17                                  /lib/aarch64-linux-gnu/libm.so.6
asinhf                                            /lib/aarch64-linux-gnu/libm.so.6
asinhf128                                         /lib/aarch64-linux-gnu/libm.so.6
asinhf128@@GLIBC_2.27                             /lib/aarch64-linux-gnu/libm.so.6
asinhf128@GLIBC_2.27                              /lib/aarch64-linux-gnu/libm.so.6
asinhf32                                          /lib/aarch64-linux-gnu/libm.so.6
asinhf32@@GLIBC_2.27                              /lib/aarch64-linux-gnu/libm.so.6
asinhf32@GLIBC_2.27                               /lib/aarch64-linux-gnu/libm.so.6
asinhf32x                                         /lib/aarch64-linux-gnu/libm.so.6
asinhf32x@@GLIBC_2.27                             /lib/aarch64-linux-gnu/libm.so.6
asinhf32x@GLIBC_2.27                              /lib/aarch64-linux-gnu/libm.so.6
asinhf64                                          /lib/aarch64-linux-gnu/libm.so.6
asinhf64@@GLIBC_2.27                              /lib/aarch64-linux-gnu/libm.so.6
asinhf64@GLIBC_2.27                               /lib/aarch64-linux-gnu/libm.so.6
asinhf64x                                         /lib/aarch64-linux-gnu/libm.so.6
asinhf64x@@GLIBC_2.27                             /lib/aarch64-linux-gnu/libm.so.6
asinhf64x@GLIBC_2.27                              /lib/aarch64-linux-gnu/libm.so.6
asinhf@@GLIBC_2.17                                /lib/aarch64-linux-gnu/libm.so.6
asinhf@GLIBC_2.17                                 /lib/aarch64-linux-gnu/libm.so.6
asinhl                                            /lib/aarch64-linux-gnu/libm.so.6
asinhl@@GLIBC_2.17                                /lib/aarch64-linux-gnu/libm.so.6
asinhl@GLIBC_2.17                                 /lib/aarch64-linux-gnu/libm.so.6
asinl                                             /lib/aarch64-linux-gnu/libm.so.6
[...]
wcscat@@GLIBC_2.17                                /lib/aarch64-linux-gnu/libc.so.6
wcscat@GLIBC_2.17                                 /lib/aarch64-linux-gnu/libc.so.6
wcschr                                            /lib/aarch64-linux-gnu/libc.so.6
wcschr@@GLIBC_2.17                                /lib/aarch64-linux-gnu/libc.so.6
wcschr@GLIBC_2.17                                 /lib/aarch64-linux-gnu/libc.so.6
wcschrnul                                         /lib/aarch64-linux-gnu/libc.so.6
wcschrnul@@GLIBC_2.17                             /lib/aarch64-linux-gnu/libc.so.6
wcschrnul@GLIBC_2.17                              /lib/aarch64-linux-gnu/libc.so.6
wcscmp                                            /lib/aarch64-linux-gnu/libc.so.6
wcscmp@@GLIBC_2.17                                /lib/aarch64-linux-gnu/libc.so.6
wcscmp@GLIBC_2.17                                 /lib/aarch64-linux-gnu/libc.so.6
wcscoll                                           /lib/aarch64-linux-gnu/libc.so.6
wcscoll@@GLIBC_2.17                               /lib/aarch64-linux-gnu/libc.so.6
wcscoll@GLIBC_2.17                                /lib/aarch64-linux-gnu/libc.so.6
wcscoll_l                                         /lib/aarch64-linux-gnu/libc.so.6
wcscoll_l@@GLIBC_2.17                             /lib/aarch64-linux-gnu/libc.so.6
wcscoll_l@GLIBC_2.17                              /lib/aarch64-linux-gnu/libc.so.6
wcscpy                                            /lib/aarch64-linux-gnu/libc.so.6
wcscpy@@GLIBC_2.17                                /lib/aarch64-linux-gnu/libc.so.6
wcscpy@GLIBC_2.17                                 /lib/aarch64-linux-gnu/libc.so.6
wcsftime_l                                        /lib/aarch64-linux-gnu/libc.so.6
wcsftime_l@@GLIBC_2.17                            /lib/aarch64-linux-gnu/libc.so.6
wcsftime_l@GLIBC_2.17                             /lib/aarch64-linux-gnu/libc.so.6
wcslcat                                           /lib/aarch64-linux-gnu/libc.so.6
wcslcat@@GLIBC_2.38                               /lib/aarch64-linux-gnu/libc.so.6
wcslcat@GLIBC_2.38                                /lib/aarch64-linux-gnu/libc.so.6
wcslcpy                                           /lib/aarch64-linux-gnu/libc.so.6
wcslcpy@@GLIBC_2.38                               /lib/aarch64-linux-gnu/libc.so.6
wcslcpy@GLIBC_2.38                                /lib/aarch64-linux-gnu/libc.so.6
wcslen                                            /lib/aarch64-linux-gnu/libc.so.6
wcslen@@GLIBC_2.17                                /lib/aarch64-linux-gnu/libc.so.6
wcslen@GLIBC_2.17                                 /lib/aarch64-linux-gnu/libc.so.6
wcsncasecmp                                       /lib/aarch64-linux-gnu/libc.so.6
wcsncasecmp@@GLIBC_2.17                           /lib/aarch64-linux-gnu/libc.so.6
wcsncasecmp@GLIBC_2.17                            /lib/aarch64-linux-gnu/libc.so.6
wcsncasecmp_l                                     /lib/aarch64-linux-gnu/libc.so.6
wcsncasecmp_l@@GLIBC_2.17                         /lib/aarch64-linux-gnu/libc.so.6
wcsncasecmp_l@GLIBC_2.17                          /lib/aarch64-linux-gnu/libc.so.6
wcsncpy                                           /lib/aarch64-linux-gnu/libc.so.6
wcsncpy@@GLIBC_2.17                               /lib/aarch64-linux-gnu/libc.so.6
wcsncpy@GLIBC_2.17                                /lib/aarch64-linux-gnu/libc.so.6
wcsnlen                                           /lib/aarch64-linux-gnu/libc.so.6
wcsnlen@@GLIBC_2.17                               /lib/aarch64-linux-gnu/libc.so.6
wcsnlen@GLIBC_2.17                                /lib/aarch64-linux-gnu/libc.so.6
wcsnrtombs                                        /lib/aarch64-linux-gnu/libc.so.6
wcsnrtombs@@GLIBC_2.17                            /lib/aarch64-linux-gnu/libc.so.6
wcsnrtombs@GLIBC_2.17                             /lib/aarch64-linux-gnu/libc.so.6
wcsrtombs                                         /lib/aarch64-linux-gnu/libc.so.6
wcsrtombs@@GLIBC_2.17                             /lib/aarch64-linux-gnu/libc.so.6
wcsrtombs@GLIBC_2.17                              /lib/aarch64-linux-gnu/libc.so.6
wcstod_l                                          /lib/aarch64-linux-gnu/libc.so.6
wcstod_l@@GLIBC_2.17                              /lib/aarch64-linux-gnu/libc.so.6
wcstod_l@GLIBC_2.17                               /lib/aarch64-linux-gnu/libc.so.6
wcstof128                                         /lib/aarch64-linux-gnu/libc.so.6
wcstof128@@GLIBC_2.27                             /lib/aarch64-linux-gnu/libc.so.6
wcstof128@GLIBC_2.27                              /lib/aarch64-linux-gnu/libc.so.6
wcstof128_l                                       /lib/aarch64-linux-gnu/libc.so.6
wcstof128_l@@GLIBC_2.27                           /lib/aarch64-linux-gnu/libc.so.6
wcstof128_l@GLIBC_2.27                            /lib/aarch64-linux-gnu/libc.so.6
wcstof32                                          /lib/aarch64-linux-gnu/libc.so.6
wcstof32@@GLIBC_2.27                              /lib/aarch64-linux-gnu/libc.so.6
wcstof32@GLIBC_2.27                               /lib/aarch64-linux-gnu/libc.so.6
wcstof32_l                                        /lib/aarch64-linux-gnu/libc.so.6
wcstof32_l@@GLIBC_2.27                            /lib/aarch64-linux-gnu/libc.so.6
wcstof32_l@GLIBC_2.27                             /lib/aarch64-linux-gnu/libc.so.6
wcstof32x                                         /lib/aarch64-linux-gnu/libc.so.6
wcstof32x@@GLIBC_2.27                             /lib/aarch64-linux-gnu/libc.so.6
wcstof32x@GLIBC_2.27                              /lib/aarch64-linux-gnu/libc.so.6
wcstof32x_l                                       /lib/aarch64-linux-gnu/libc.so.6
wcstof32x_l@@GLIBC_2.27                           /lib/aarch64-linux-gnu/libc.so.6
wcstof32x_l@GLIBC_2.27                            /lib/aarch64-linux-gnu/libc.so.6
wcstof64                                          /lib/aarch64-linux-gnu/libc.so.6
wcstof64@@GLIBC_2.27                              /lib/aarch64-linux-gnu/libc.so.6
wcstof64@GLIBC_2.27                               /lib/aarch64-linux-gnu/libc.so.6
wcstof64_l                                        /lib/aarch64-linux-gnu/libc.so.6
wcstof64_l@@GLIBC_2.27                            /lib/aarch64-linux-gnu/libc.so.6
wcstof64_l@GLIBC_2.27                             /lib/aarch64-linux-gnu/libc.so.6
wcstof64x                                         /lib/aarch64-linux-gnu/libc.so.6
wcstof64x@@GLIBC_2.27                             /lib/aarch64-linux-gnu/libc.so.6
wcstof64x@GLIBC_2.27                              /lib/aarch64-linux-gnu/libc.so.6
wcstof64x_l                                       /lib/aarch64-linux-gnu/libc.so.6
wcstof64x_l@@GLIBC_2.27                           /lib/aarch64-linux-gnu/libc.so.6
wcstof64x_l@GLIBC_2.27                            /lib/aarch64-linux-gnu/libc.so.6
wcstof_l                                          /lib/aarch64-linux-gnu/libc.so.6
wcstof_l@@GLIBC_2.17                              /lib/aarch64-linux-gnu/libc.so.6
wcstof_l@GLIBC_2.17                               /lib/aarch64-linux-gnu/libc.so.6
wcstoimax                                         /lib/aarch64-linux-gnu/libc.so.6
wcstoimax@@GLIBC_2.17                             /lib/aarch64-linux-gnu/libc.so.6
wcstoimax@GLIBC_2.17                              /lib/aarch64-linux-gnu/libc.so.6
wcstol                                            /lib/aarch64-linux-gnu/libc.so.6
wcstol@@GLIBC_2.17                                /lib/aarch64-linux-gnu/libc.so.6
wcstol@GLIBC_2.17                                 /lib/aarch64-linux-gnu/libc.so.6
wcstol_l                                          /lib/aarch64-linux-gnu/libc.so.6
wcstol_l@@GLIBC_2.17                              /lib/aarch64-linux-gnu/libc.so.6
wcstol_l@GLIBC_2.17                               /lib/aarch64-linux-gnu/libc.so.6
wcstold_l                                         /lib/aarch64-linux-gnu/libc.so.6
wcstold_l@@GLIBC_2.17                             /lib/aarch64-linux-gnu/libc.so.6
wcstold_l@GLIBC_2.17                              /lib/aarch64-linux-gnu/libc.so.6
wcstoll                                           /lib/aarch64-linux-gnu/libc.so.6
wcstoll@@GLIBC_2.17                               /lib/aarch64-linux-gnu/libc.so.6
wcstoll@GLIBC_2.17                                /lib/aarch64-linux-gnu/libc.so.6
wcstoll_l                                         /lib/aarch64-linux-gnu/libc.so.6
wcstoll_l@@GLIBC_2.17                             /lib/aarch64-linux-gnu/libc.so.6
wcstoll_l@GLIBC_2.17                              /lib/aarch64-linux-gnu/libc.so.6
wcstoq                                            /lib/aarch64-linux-gnu/libc.so.6
wcstoq@@GLIBC_2.17                                /lib/aarch64-linux-gnu/libc.so.6
wcstoq@GLIBC_2.17                                 /lib/aarch64-linux-gnu/libc.so.6
wcstoul                                           /lib/aarch64-linux-gnu/libc.so.6
wcstoul@@GLIBC_2.17                               /lib/aarch64-linux-gnu/libc.so.6
wcstoul@GLIBC_2.17                                /lib/aarch64-linux-gnu/libc.so.6
wcstoul_l                                         /lib/aarch64-linux-gnu/libc.so.6
wcstoul_l@@GLIBC_2.17                             /lib/aarch64-linux-gnu/libc.so.6
wcstoul_l@GLIBC_2.17                              /lib/aarch64-linux-gnu/libc.so.6
wcstoull                                          /lib/aarch64-linux-gnu/libc.so.6
wcstoull@@GLIBC_2.17                              /lib/aarch64-linux-gnu/libc.so.6
wcstoull@GLIBC_2.17                               /lib/aarch64-linux-gnu/libc.so.6
wcstoull_l                                        /lib/aarch64-linux-gnu/libc.so.6
wcstoull_l@@GLIBC_2.17                            /lib/aarch64-linux-gnu/libc.so.6
wcstoull_l@GLIBC_2.17                             /lib/aarch64-linux-gnu/libc.so.6
wcstoumax                                         /lib/aarch64-linux-gnu/libc.so.6
wcstoumax@@GLIBC_2.17                             /lib/aarch64-linux-gnu/libc.so.6
wcstoumax@GLIBC_2.17                              /lib/aarch64-linux-gnu/libc.so.6
wcstouq                                           /lib/aarch64-linux-gnu/libc.so.6
wcstouq@@GLIBC_2.17                               /lib/aarch64-linux-gnu/libc.so.6
wcstouq@GLIBC_2.17                                /lib/aarch64-linux-gnu/libc.so.6
wcswcs                                            /lib/aarch64-linux-gnu/libc.so.6
wcswcs@@GLIBC_2.17                                /lib/aarch64-linux-gnu/libc.so.6
wcswcs@GLIBC_2.17                                 /lib/aarch64-linux-gnu/libc.so.6
wcsxfrm_l                                         /lib/aarch64-linux-gnu/libc.so.6
wcsxfrm_l@@GLIBC_2.17                             /lib/aarch64-linux-gnu/libc.so.6
wcsxfrm_l@GLIBC_2.17                              /lib/aarch64-linux-gnu/libc.so.6
wctrans                                           /lib/aarch64-linux-gnu/libc.so.6
wctrans@@GLIBC_2.17                               /lib/aarch64-linux-gnu/libc.so.6
wctrans@GLIBC_2.17                                /lib/aarch64-linux-gnu/libc.so.6
wctrans_l                                         /lib/aarch64-linux-gnu/libc.so.6
wctrans_l@@GLIBC_2.17                             /lib/aarch64-linux-gnu/libc.so.6
wctrans_l@GLIBC_2.17                              /lib/aarch64-linux-gnu/libc.so.6
wctype                                            /lib/aarch64-linux-gnu/libc.so.6
wctype@@GLIBC_2.17                                /lib/aarch64-linux-gnu/libc.so.6
wctype@GLIBC_2.17                                 /lib/aarch64-linux-gnu/libc.so.6
wctype_l                                          /lib/aarch64-linux-gnu/libc.so.6
wctype_l@@GLIBC_2.17                              /lib/aarch64-linux-gnu/libc.so.6
wctype_l@GLIBC_2.17                               /lib/aarch64-linux-gnu/libc.so.6
wmemchr                                           /lib/aarch64-linux-gnu/libc.so.6
wmemchr@@GLIBC_2.17                               /lib/aarch64-linux-gnu/libc.so.6
wmemchr@GLIBC_2.17                                /lib/aarch64-linux-gnu/libc.so.6
wmemcmp                                           /lib/aarch64-linux-gnu/libc.so.6
wmemcmp@@GLIBC_2.17                               /lib/aarch64-linux-gnu/libc.so.6
wmemcmp@GLIBC_2.17                                /lib/aarch64-linux-gnu/libc.so.6
wmemcpy                                           /lib/aarch64-linux-gnu/libc.so.6
wmemcpy@@GLIBC_2.17                               /lib/aarch64-linux-gnu/libc.so.6
wmemcpy@GLIBC_2.17                                /lib/aarch64-linux-gnu/libc.so.6
wmemmove                                          /lib/aarch64-linux-gnu/libc.so.6
wmemmove@@GLIBC_2.17                              /lib/aarch64-linux-gnu/libc.so.6
wmemmove@GLIBC_2.17                               /lib/aarch64-linux-gnu/libc.so.6
wmempcpy                                          /lib/aarch64-linux-gnu/libc.so.6
wmempcpy@@GLIBC_2.17                              /lib/aarch64-linux-gnu/libc.so.6
wmempcpy@GLIBC_2.17                               /lib/aarch64-linux-gnu/libc.so.6
wmemset                                           /lib/aarch64-linux-gnu/libc.so.6
wmemset@@GLIBC_2.17                               /lib/aarch64-linux-gnu/libc.so.6
wmemset@GLIBC_2.17                                /lib/aarch64-linux-gnu/libc.so.6
write                                             /lib/aarch64-linux-gnu/libc.so.6
write@@GLIBC_2.17                                 /lib/aarch64-linux-gnu/libc.so.6
write@GLIBC_2.17                                  /lib/aarch64-linux-gnu/libc.so.6
                                                  /usr/lib/gcc/aarch64-linux-gnu/14/../../../../lib/libwiringPi.so
writev                                            /lib/aarch64-linux-gnu/libc.so.6
writev@@GLIBC_2.17                                /lib/aarch64-linux-gnu/libc.so.6
writev@GLIBC_2.17                                 /lib/aarch64-linux-gnu/libc.so.6
y0                                                /lib/aarch64-linux-gnu/libm.so.6
y0@@GLIBC_2.17                                    /lib/aarch64-linux-gnu/libm.so.6
y0@GLIBC_2.17                                     /lib/aarch64-linux-gnu/libm.so.6
y0f                                               /lib/aarch64-linux-gnu/libm.so.6
y0f128                                            /lib/aarch64-linux-gnu/libm.so.6
y0f128@@GLIBC_2.27                                /lib/aarch64-linux-gnu/libm.so.6
y0f128@GLIBC_2.27                                 /lib/aarch64-linux-gnu/libm.so.6
y0f32                                             /lib/aarch64-linux-gnu/libm.so.6
y0f32@@GLIBC_2.27                                 /lib/aarch64-linux-gnu/libm.so.6
y0f32@GLIBC_2.27                                  /lib/aarch64-linux-gnu/libm.so.6
y0f32x                                            /lib/aarch64-linux-gnu/libm.so.6
y0f32x@@GLIBC_2.27                                /lib/aarch64-linux-gnu/libm.so.6
y0f32x@GLIBC_2.27                                 /lib/aarch64-linux-gnu/libm.so.6
y0f64                                             /lib/aarch64-linux-gnu/libm.so.6
y0f64@@GLIBC_2.27                                 /lib/aarch64-linux-gnu/libm.so.6
y0f64@GLIBC_2.27                                  /lib/aarch64-linux-gnu/libm.so.6
y0f64x                                            /lib/aarch64-linux-gnu/libm.so.6
y0f64x@@GLIBC_2.27                                /lib/aarch64-linux-gnu/libm.so.6
y0f64x@GLIBC_2.27                                 /lib/aarch64-linux-gnu/libm.so.6
y0f@@GLIBC_2.17                                   /lib/aarch64-linux-gnu/libm.so.6
y0f@GLIBC_2.17                                    /lib/aarch64-linux-gnu/libm.so.6
y0l                                               /lib/aarch64-linux-gnu/libm.so.6
y0l@@GLIBC_2.17                                   /lib/aarch64-linux-gnu/libm.so.6
y0l@GLIBC_2.17                                    /lib/aarch64-linux-gnu/libm.so.6
y1                                                /lib/aarch64-linux-gnu/libm.so.6
y1@@GLIBC_2.17                                    /lib/aarch64-linux-gnu/libm.so.6
y1@GLIBC_2.17                                     /lib/aarch64-linux-gnu/libm.so.6
y1f                                               /lib/aarch64-linux-gnu/libm.so.6
y1f128                                            /lib/aarch64-linux-gnu/libm.so.6
y1f128@@GLIBC_2.27                                /lib/aarch64-linux-gnu/libm.so.6
y1f128@GLIBC_2.27                                 /lib/aarch64-linux-gnu/libm.so.6
y1f32                                             /lib/aarch64-linux-gnu/libm.so.6
y1f32@@GLIBC_2.27                                 /lib/aarch64-linux-gnu/libm.so.6
y1f32@GLIBC_2.27                                  /lib/aarch64-linux-gnu/libm.so.6
y1f32x                                            /lib/aarch64-linux-gnu/libm.so.6
y1f32x@@GLIBC_2.27                                /lib/aarch64-linux-gnu/libm.so.6
y1f32x@GLIBC_2.27                                 /lib/aarch64-linux-gnu/libm.so.6
y1f64                                             /lib/aarch64-linux-gnu/libm.so.6
y1f64@@GLIBC_2.27                                 /lib/aarch64-linux-gnu/libm.so.6
y1f64@GLIBC_2.27                                  /lib/aarch64-linux-gnu/libm.so.6
y1f64x                                            /lib/aarch64-linux-gnu/libm.so.6
y1f64x@@GLIBC_2.27                                /lib/aarch64-linux-gnu/libm.so.6
y1f64x@GLIBC_2.27                                 /lib/aarch64-linux-gnu/libm.so.6
y1f@@GLIBC_2.17                                   /lib/aarch64-linux-gnu/libm.so.6
y1f@GLIBC_2.17                                    /lib/aarch64-linux-gnu/libm.so.6
y1l                                               /lib/aarch64-linux-gnu/libm.so.6
y1l@@GLIBC_2.17                                   /lib/aarch64-linux-gnu/libm.so.6
y1l@GLIBC_2.17                                    /lib/aarch64-linux-gnu/libm.so.6
yn                                                /lib/aarch64-linux-gnu/libm.so.6
yn@@GLIBC_2.17                                    /lib/aarch64-linux-gnu/libm.so.6
yn@GLIBC_2.17                                     /lib/aarch64-linux-gnu/libm.so.6
ynf                                               /lib/aarch64-linux-gnu/libm.so.6
ynf128                                            /lib/aarch64-linux-gnu/libm.so.6
ynf128@@GLIBC_2.27                                /lib/aarch64-linux-gnu/libm.so.6
ynf128@GLIBC_2.27                                 /lib/aarch64-linux-gnu/libm.so.6
ynf32                                             /lib/aarch64-linux-gnu/libm.so.6
ynf32@@GLIBC_2.27                                 /lib/aarch64-linux-gnu/libm.so.6
ynf32@GLIBC_2.27                                  /lib/aarch64-linux-gnu/libm.so.6
ynf32x                                            /lib/aarch64-linux-gnu/libm.so.6
ynf32x@@GLIBC_2.27                                /lib/aarch64-linux-gnu/libm.so.6
ynf32x@GLIBC_2.27                                 /lib/aarch64-linux-gnu/libm.so.6
ynf64                                             /lib/aarch64-linux-gnu/libm.so.6
ynf64@@GLIBC_2.27                                 /lib/aarch64-linux-gnu/libm.so.6
ynf64@GLIBC_2.27                                  /lib/aarch64-linux-gnu/libm.so.6
ynf64x                                            /lib/aarch64-linux-gnu/libm.so.6
ynf64x@@GLIBC_2.27                                /lib/aarch64-linux-gnu/libm.so.6
ynf64x@GLIBC_2.27                                 /lib/aarch64-linux-gnu/libm.so.6
ynf@@GLIBC_2.17                                   /lib/aarch64-linux-gnu/libm.so.6
ynf@GLIBC_2.17                                    /lib/aarch64-linux-gnu/libm.so.6
ynl                                               /lib/aarch64-linux-gnu/libm.so.6
ynl@@GLIBC_2.17                                   /lib/aarch64-linux-gnu/libm.so.6
ynl@GLIBC_2.17                                    /lib/aarch64-linux-gnu/libm.so.6
