   1              		.file	"vl53l8cx_plugin_detection_thresholds.c"
   2              		.text
   3              	.Ltext0:
   4              		.file 1 "src/Flightlib/vl53l8cx_driver/Core/Src/vl53l8cx/vl53l8cx_plugin_detection_thresholds.c"
   5              		.section	.text.vl53l8cx_get_detection_thresholds_enable,"ax",@progbits
   6              		.globl	vl53l8cx_get_detection_thresholds_enable
   8              	vl53l8cx_get_detection_thresholds_enable:
   9              	.LFB0:
   1:src/Flightlib/vl53l8cx_driver/Core/Src/vl53l8cx/vl53l8cx_plugin_detection_thresholds.c **** /**
   2:src/Flightlib/vl53l8cx_driver/Core/Src/vl53l8cx/vl53l8cx_plugin_detection_thresholds.c ****   *
   3:src/Flightlib/vl53l8cx_driver/Core/Src/vl53l8cx/vl53l8cx_plugin_detection_thresholds.c ****   * Copyright (c) 2021 STMicroelectronics.
   4:src/Flightlib/vl53l8cx_driver/Core/Src/vl53l8cx/vl53l8cx_plugin_detection_thresholds.c ****   * All rights reserved.
   5:src/Flightlib/vl53l8cx_driver/Core/Src/vl53l8cx/vl53l8cx_plugin_detection_thresholds.c ****   *
   6:src/Flightlib/vl53l8cx_driver/Core/Src/vl53l8cx/vl53l8cx_plugin_detection_thresholds.c ****   * This software is licensed under terms that can be found in the LICENSE file
   7:src/Flightlib/vl53l8cx_driver/Core/Src/vl53l8cx/vl53l8cx_plugin_detection_thresholds.c ****   * in the root directory of this software component.
   8:src/Flightlib/vl53l8cx_driver/Core/Src/vl53l8cx/vl53l8cx_plugin_detection_thresholds.c ****   * If no LICENSE file comes with this software, it is provided AS-IS.
   9:src/Flightlib/vl53l8cx_driver/Core/Src/vl53l8cx/vl53l8cx_plugin_detection_thresholds.c ****   *
  10:src/Flightlib/vl53l8cx_driver/Core/Src/vl53l8cx/vl53l8cx_plugin_detection_thresholds.c ****   ******************************************************************************
  11:src/Flightlib/vl53l8cx_driver/Core/Src/vl53l8cx/vl53l8cx_plugin_detection_thresholds.c ****   */
  12:src/Flightlib/vl53l8cx_driver/Core/Src/vl53l8cx/vl53l8cx_plugin_detection_thresholds.c **** 
  13:src/Flightlib/vl53l8cx_driver/Core/Src/vl53l8cx/vl53l8cx_plugin_detection_thresholds.c **** #include "vl53l8cx_plugin_detection_thresholds.h"
  14:src/Flightlib/vl53l8cx_driver/Core/Src/vl53l8cx/vl53l8cx_plugin_detection_thresholds.c **** 
  15:src/Flightlib/vl53l8cx_driver/Core/Src/vl53l8cx/vl53l8cx_plugin_detection_thresholds.c **** uint8_t vl53l8cx_get_detection_thresholds_enable(
  16:src/Flightlib/vl53l8cx_driver/Core/Src/vl53l8cx/vl53l8cx_plugin_detection_thresholds.c **** 		VL53L8CX_Configuration		*p_dev,
  17:src/Flightlib/vl53l8cx_driver/Core/Src/vl53l8cx/vl53l8cx_plugin_detection_thresholds.c **** 		uint8_t				*p_enabled)
  18:src/Flightlib/vl53l8cx_driver/Core/Src/vl53l8cx/vl53l8cx_plugin_detection_thresholds.c **** {
  10              		.loc 1 18 1
  11              		.cfi_startproc
  12 0000 F30F1EFA 		endbr64
  13 0004 55       		pushq	%rbp
  14              	.LCFI0:
  15              		.cfi_def_cfa_offset 16
  16              		.cfi_offset 6, -16
  17 0005 4889E5   		movq	%rsp, %rbp
  18              	.LCFI1:
  19              		.cfi_def_cfa_register 6
  20 0008 4883EC20 		subq	$32, %rsp
  21 000c 48897DE8 		movq	%rdi, -24(%rbp)
  22 0010 488975E0 		movq	%rsi, -32(%rbp)
  19:src/Flightlib/vl53l8cx_driver/Core/Src/vl53l8cx/vl53l8cx_plugin_detection_thresholds.c **** 	uint8_t status = VL53L8CX_STATUS_OK;
  23              		.loc 1 19 10
  24 0014 C645FF00 		movb	$0, -1(%rbp)
  20:src/Flightlib/vl53l8cx_driver/Core/Src/vl53l8cx/vl53l8cx_plugin_detection_thresholds.c **** 
  21:src/Flightlib/vl53l8cx_driver/Core/Src/vl53l8cx/vl53l8cx_plugin_detection_thresholds.c **** 	status |= vl53l8cx_dci_read_data(p_dev, (uint8_t*)p_dev->temp_buffer,
  25              		.loc 1 21 52
  26 0018 488B45E8 		movq	-24(%rbp), %rax
  27 001c 488DB018 		leaq	1304(%rax), %rsi
  27      050000
  28              		.loc 1 21 12
  29 0023 488B45E8 		movq	-24(%rbp), %rax
  30 0027 B9080000 		movl	$8, %ecx
  30      00
  31 002c BAE0B600 		movl	$46816, %edx
  31      00
  32 0031 4889C7   		movq	%rax, %rdi
  33 0034 E8000000 		call	vl53l8cx_dci_read_data@PLT
  33      00
  34              		.loc 1 21 9 discriminator 1
  35 0039 0845FF   		orb	%al, -1(%rbp)
  22:src/Flightlib/vl53l8cx_driver/Core/Src/vl53l8cx/vl53l8cx_plugin_detection_thresholds.c **** 			VL53L8CX_DCI_DET_THRESH_GLOBAL_CONFIG, 8);
  23:src/Flightlib/vl53l8cx_driver/Core/Src/vl53l8cx/vl53l8cx_plugin_detection_thresholds.c **** 	*p_enabled = p_dev->temp_buffer[0x1];
  36              		.loc 1 23 33
  37 003c 488B45E8 		movq	-24(%rbp), %rax
  38 0040 0FB69019 		movzbl	1305(%rax), %edx
  38      050000
  39              		.loc 1 23 13
  40 0047 488B45E0 		movq	-32(%rbp), %rax
  41 004b 8810     		movb	%dl, (%rax)
  24:src/Flightlib/vl53l8cx_driver/Core/Src/vl53l8cx/vl53l8cx_plugin_detection_thresholds.c **** 
  25:src/Flightlib/vl53l8cx_driver/Core/Src/vl53l8cx/vl53l8cx_plugin_detection_thresholds.c **** 	return status;
  42              		.loc 1 25 9
  43 004d 0FB645FF 		movzbl	-1(%rbp), %eax
  26:src/Flightlib/vl53l8cx_driver/Core/Src/vl53l8cx/vl53l8cx_plugin_detection_thresholds.c **** }
  44              		.loc 1 26 1
  45 0051 C9       		leave
  46              	.LCFI2:
  47              		.cfi_def_cfa 7, 8
  48 0052 C3       		ret
  49              		.cfi_endproc
  50              	.LFE0:
  52              		.section	.text.vl53l8cx_set_detection_thresholds_enable,"ax",@progbits
  53              		.globl	vl53l8cx_set_detection_thresholds_enable
  55              	vl53l8cx_set_detection_thresholds_enable:
  56              	.LFB1:
  27:src/Flightlib/vl53l8cx_driver/Core/Src/vl53l8cx/vl53l8cx_plugin_detection_thresholds.c **** 
  28:src/Flightlib/vl53l8cx_driver/Core/Src/vl53l8cx/vl53l8cx_plugin_detection_thresholds.c **** uint8_t vl53l8cx_set_detection_thresholds_enable(
  29:src/Flightlib/vl53l8cx_driver/Core/Src/vl53l8cx/vl53l8cx_plugin_detection_thresholds.c **** 		VL53L8CX_Configuration		*p_dev,
  30:src/Flightlib/vl53l8cx_driver/Core/Src/vl53l8cx/vl53l8cx_plugin_detection_thresholds.c **** 		uint8_t				enabled)
  31:src/Flightlib/vl53l8cx_driver/Core/Src/vl53l8cx/vl53l8cx_plugin_detection_thresholds.c **** {
  57              		.loc 1 31 1
  58              		.cfi_startproc
  59 0000 F30F1EFA 		endbr64
  60 0004 55       		pushq	%rbp
  61              	.LCFI3:
  62              		.cfi_def_cfa_offset 16
  63              		.cfi_offset 6, -16
  64 0005 4889E5   		movq	%rsp, %rbp
  65              	.LCFI4:
  66              		.cfi_def_cfa_register 6
  67 0008 4883EC20 		subq	$32, %rsp
  68 000c 48897DE8 		movq	%rdi, -24(%rbp)
  69 0010 89F0     		movl	%esi, %eax
  70 0012 8845E4   		movb	%al, -28(%rbp)
  71              		.loc 1 31 1
  72 0015 64488B04 		movq	%fs:40, %rax
  72      25280000 
  72      00
  73 001e 488945F8 		movq	%rax, -8(%rbp)
  74 0022 31C0     		xorl	%eax, %eax
  32:src/Flightlib/vl53l8cx_driver/Core/Src/vl53l8cx/vl53l8cx_plugin_detection_thresholds.c **** 	uint8_t tmp, status = VL53L8CX_STATUS_OK;
  75              		.loc 1 32 15
  76 0024 C645F300 		movb	$0, -13(%rbp)
  33:src/Flightlib/vl53l8cx_driver/Core/Src/vl53l8cx/vl53l8cx_plugin_detection_thresholds.c **** 	uint8_t grp_global_config[] = {0x01, 0x00, 0x01, 0x00};
  77              		.loc 1 33 10
  78 0028 C745F401 		movl	$65537, -12(%rbp)
  78      000100
  34:src/Flightlib/vl53l8cx_driver/Core/Src/vl53l8cx/vl53l8cx_plugin_detection_thresholds.c **** 
  35:src/Flightlib/vl53l8cx_driver/Core/Src/vl53l8cx/vl53l8cx_plugin_detection_thresholds.c **** 	if(enabled == (uint8_t)1)
  79              		.loc 1 35 4
  80 002f 807DE401 		cmpb	$1, -28(%rbp)
  81 0033 750A     		jne	.L4
  36:src/Flightlib/vl53l8cx_driver/Core/Src/vl53l8cx/vl53l8cx_plugin_detection_thresholds.c **** 	{
  37:src/Flightlib/vl53l8cx_driver/Core/Src/vl53l8cx/vl53l8cx_plugin_detection_thresholds.c **** 		grp_global_config[0x01] = 0x01;
  82              		.loc 1 37 27
  83 0035 C645F501 		movb	$1, -11(%rbp)
  38:src/Flightlib/vl53l8cx_driver/Core/Src/vl53l8cx/vl53l8cx_plugin_detection_thresholds.c **** 		tmp = 0x04;
  84              		.loc 1 38 7
  85 0039 C645F204 		movb	$4, -14(%rbp)
  86 003d EB08     		jmp	.L5
  87              	.L4:
  39:src/Flightlib/vl53l8cx_driver/Core/Src/vl53l8cx/vl53l8cx_plugin_detection_thresholds.c **** 	}
  40:src/Flightlib/vl53l8cx_driver/Core/Src/vl53l8cx/vl53l8cx_plugin_detection_thresholds.c **** 	else
  41:src/Flightlib/vl53l8cx_driver/Core/Src/vl53l8cx/vl53l8cx_plugin_detection_thresholds.c **** 	{
  42:src/Flightlib/vl53l8cx_driver/Core/Src/vl53l8cx/vl53l8cx_plugin_detection_thresholds.c **** 		grp_global_config[0x01] = 0x00;
  88              		.loc 1 42 27
  89 003f C645F500 		movb	$0, -11(%rbp)
  43:src/Flightlib/vl53l8cx_driver/Core/Src/vl53l8cx/vl53l8cx_plugin_detection_thresholds.c **** 		tmp = 0x0C;
  90              		.loc 1 43 7
  91 0043 C645F20C 		movb	$12, -14(%rbp)
  92              	.L5:
  44:src/Flightlib/vl53l8cx_driver/Core/Src/vl53l8cx/vl53l8cx_plugin_detection_thresholds.c **** 	}
  45:src/Flightlib/vl53l8cx_driver/Core/Src/vl53l8cx/vl53l8cx_plugin_detection_thresholds.c **** 
  46:src/Flightlib/vl53l8cx_driver/Core/Src/vl53l8cx/vl53l8cx_plugin_detection_thresholds.c **** 	/* Set global interrupt config */
  47:src/Flightlib/vl53l8cx_driver/Core/Src/vl53l8cx/vl53l8cx_plugin_detection_thresholds.c **** 	status |= vl53l8cx_dci_replace_data(p_dev, p_dev->temp_buffer,
  93              		.loc 1 47 50
  94 0047 488B45E8 		movq	-24(%rbp), %rax
  95 004b 488DB018 		leaq	1304(%rax), %rsi
  95      050000
  96              		.loc 1 47 12
  97 0052 488D55F4 		leaq	-12(%rbp), %rdx
  98 0056 488B45E8 		movq	-24(%rbp), %rax
  99 005a 4883EC08 		subq	$8, %rsp
 100 005e 6A00     		pushq	$0
 101 0060 41B90400 		movl	$4, %r9d
 101      0000
 102 0066 4989D0   		movq	%rdx, %r8
 103 0069 B9080000 		movl	$8, %ecx
 103      00
 104 006e BAE0B600 		movl	$46816, %edx
 104      00
 105 0073 4889C7   		movq	%rax, %rdi
 106 0076 E8000000 		call	vl53l8cx_dci_replace_data@PLT
 106      00
 107 007b 4883C410 		addq	$16, %rsp
 108              		.loc 1 47 9 discriminator 1
 109 007f 0845F3   		orb	%al, -13(%rbp)
  48:src/Flightlib/vl53l8cx_driver/Core/Src/vl53l8cx/vl53l8cx_plugin_detection_thresholds.c **** 			VL53L8CX_DCI_DET_THRESH_GLOBAL_CONFIG, 8,
  49:src/Flightlib/vl53l8cx_driver/Core/Src/vl53l8cx/vl53l8cx_plugin_detection_thresholds.c **** 			(uint8_t*)&grp_global_config, 4, 0x00);
  50:src/Flightlib/vl53l8cx_driver/Core/Src/vl53l8cx/vl53l8cx_plugin_detection_thresholds.c **** 
  51:src/Flightlib/vl53l8cx_driver/Core/Src/vl53l8cx/vl53l8cx_plugin_detection_thresholds.c **** 	/* Update interrupt config */
  52:src/Flightlib/vl53l8cx_driver/Core/Src/vl53l8cx/vl53l8cx_plugin_detection_thresholds.c **** 	status |= vl53l8cx_dci_replace_data(p_dev, p_dev->temp_buffer,
 110              		.loc 1 52 50
 111 0082 488B45E8 		movq	-24(%rbp), %rax
 112 0086 488DB018 		leaq	1304(%rax), %rsi
 112      050000
 113              		.loc 1 52 12
 114 008d 488D55F2 		leaq	-14(%rbp), %rdx
 115 0091 488B45E8 		movq	-24(%rbp), %rax
 116 0095 4883EC08 		subq	$8, %rsp
 117 0099 6A11     		pushq	$17
 118 009b 41B90100 		movl	$1, %r9d
 118      0000
 119 00a1 4989D0   		movq	%rdx, %r8
 120 00a4 B9140000 		movl	$20, %ecx
 120      00
 121 00a9 BA885400 		movl	$21640, %edx
 121      00
 122 00ae 4889C7   		movq	%rax, %rdi
 123 00b1 E8000000 		call	vl53l8cx_dci_replace_data@PLT
 123      00
 124 00b6 4883C410 		addq	$16, %rsp
 125              		.loc 1 52 9 discriminator 1
 126 00ba 0845F3   		orb	%al, -13(%rbp)
  53:src/Flightlib/vl53l8cx_driver/Core/Src/vl53l8cx/vl53l8cx_plugin_detection_thresholds.c **** 			VL53L8CX_DCI_DET_THRESH_CONFIG, 20,
  54:src/Flightlib/vl53l8cx_driver/Core/Src/vl53l8cx/vl53l8cx_plugin_detection_thresholds.c **** 			(uint8_t*)&tmp, 1, 0x11);
  55:src/Flightlib/vl53l8cx_driver/Core/Src/vl53l8cx/vl53l8cx_plugin_detection_thresholds.c **** 
  56:src/Flightlib/vl53l8cx_driver/Core/Src/vl53l8cx/vl53l8cx_plugin_detection_thresholds.c **** 	return status;
 127              		.loc 1 56 9
 128 00bd 0FB645F3 		movzbl	-13(%rbp), %eax
  57:src/Flightlib/vl53l8cx_driver/Core/Src/vl53l8cx/vl53l8cx_plugin_detection_thresholds.c **** }
 129              		.loc 1 57 1
 130 00c1 488B55F8 		movq	-8(%rbp), %rdx
 131 00c5 64482B14 		subq	%fs:40, %rdx
 131      25280000 
 131      00
 132 00ce 7405     		je	.L7
 133 00d0 E8000000 		call	__stack_chk_fail@PLT
 133      00
 134              	.L7:
 135 00d5 C9       		leave
 136              	.LCFI5:
 137              		.cfi_def_cfa 7, 8
 138 00d6 C3       		ret
 139              		.cfi_endproc
 140              	.LFE1:
 142              		.section	.text.vl53l8cx_get_detection_thresholds,"ax",@progbits
 143              		.globl	vl53l8cx_get_detection_thresholds
 145              	vl53l8cx_get_detection_thresholds:
 146              	.LFB2:
  58:src/Flightlib/vl53l8cx_driver/Core/Src/vl53l8cx/vl53l8cx_plugin_detection_thresholds.c **** 
  59:src/Flightlib/vl53l8cx_driver/Core/Src/vl53l8cx/vl53l8cx_plugin_detection_thresholds.c **** uint8_t vl53l8cx_get_detection_thresholds(
  60:src/Flightlib/vl53l8cx_driver/Core/Src/vl53l8cx/vl53l8cx_plugin_detection_thresholds.c **** 		VL53L8CX_Configuration			*p_dev,
  61:src/Flightlib/vl53l8cx_driver/Core/Src/vl53l8cx/vl53l8cx_plugin_detection_thresholds.c **** 		VL53L8CX_DetectionThresholds	*p_thresholds)
  62:src/Flightlib/vl53l8cx_driver/Core/Src/vl53l8cx/vl53l8cx_plugin_detection_thresholds.c **** {
 147              		.loc 1 62 1
 148              		.cfi_startproc
 149 0000 F30F1EFA 		endbr64
 150 0004 55       		pushq	%rbp
 151              	.LCFI6:
 152              		.cfi_def_cfa_offset 16
 153              		.cfi_offset 6, -16
 154 0005 4889E5   		movq	%rsp, %rbp
 155              	.LCFI7:
 156              		.cfi_def_cfa_register 6
 157 0008 4883EC20 		subq	$32, %rsp
 158 000c 48897DE8 		movq	%rdi, -24(%rbp)
 159 0010 488975E0 		movq	%rsi, -32(%rbp)
  63:src/Flightlib/vl53l8cx_driver/Core/Src/vl53l8cx/vl53l8cx_plugin_detection_thresholds.c **** 	uint8_t i, status = VL53L8CX_STATUS_OK;
 160              		.loc 1 63 13
 161 0014 C645FF00 		movb	$0, -1(%rbp)
  64:src/Flightlib/vl53l8cx_driver/Core/Src/vl53l8cx/vl53l8cx_plugin_detection_thresholds.c **** 
  65:src/Flightlib/vl53l8cx_driver/Core/Src/vl53l8cx/vl53l8cx_plugin_detection_thresholds.c **** 	/* Get thresholds configuration */
  66:src/Flightlib/vl53l8cx_driver/Core/Src/vl53l8cx/vl53l8cx_plugin_detection_thresholds.c **** 	status |= vl53l8cx_dci_read_data(p_dev, (uint8_t*)p_thresholds,
 162              		.loc 1 66 12
 163 0018 488B75E0 		movq	-32(%rbp), %rsi
 164 001c 488B45E8 		movq	-24(%rbp), %rax
 165 0020 B9000300 		movl	$768, %ecx
 165      00
 166 0025 BAE8B600 		movl	$46824, %edx
 166      00
 167 002a 4889C7   		movq	%rax, %rdi
 168 002d E8000000 		call	vl53l8cx_dci_read_data@PLT
 168      00
 169              		.loc 1 66 9 discriminator 1
 170 0032 0845FF   		orb	%al, -1(%rbp)
  67:src/Flightlib/vl53l8cx_driver/Core/Src/vl53l8cx/vl53l8cx_plugin_detection_thresholds.c **** 			VL53L8CX_DCI_DET_THRESH_START,
  68:src/Flightlib/vl53l8cx_driver/Core/Src/vl53l8cx/vl53l8cx_plugin_detection_thresholds.c ****                         (uint16_t)VL53L8CX_NB_THRESHOLDS
  69:src/Flightlib/vl53l8cx_driver/Core/Src/vl53l8cx/vl53l8cx_plugin_detection_thresholds.c **** 			*(uint16_t)sizeof(VL53L8CX_DetectionThresholds));
  70:src/Flightlib/vl53l8cx_driver/Core/Src/vl53l8cx/vl53l8cx_plugin_detection_thresholds.c **** 
  71:src/Flightlib/vl53l8cx_driver/Core/Src/vl53l8cx/vl53l8cx_plugin_detection_thresholds.c **** 	for(i = 0; i < (uint8_t)VL53L8CX_NB_THRESHOLDS; i++)
 171              		.loc 1 71 8
 172 0035 C645FE00 		movb	$0, -2(%rbp)
 173              		.loc 1 71 2
 174 0039 E9080400 		jmp	.L9
 174      00
 175              	.L19:
  72:src/Flightlib/vl53l8cx_driver/Core/Src/vl53l8cx/vl53l8cx_plugin_detection_thresholds.c **** 	{
  73:src/Flightlib/vl53l8cx_driver/Core/Src/vl53l8cx/vl53l8cx_plugin_detection_thresholds.c **** 		switch(p_thresholds[i].measurement)
 176              		.loc 1 73 22
 177 003e 0FB655FE 		movzbl	-2(%rbp), %edx
 178 0042 4889D0   		movq	%rdx, %rax
 179 0045 4801C0   		addq	%rax, %rax
 180 0048 4801D0   		addq	%rdx, %rax
 181 004b 48C1E002 		salq	$2, %rax
 182 004f 4889C2   		movq	%rax, %rdx
 183 0052 488B45E0 		movq	-32(%rbp), %rax
 184 0056 4801D0   		addq	%rdx, %rax
 185              		.loc 1 73 25
 186 0059 0FB64008 		movzbl	8(%rax), %eax
 187 005d 0FB6C0   		movzbl	%al, %eax
 188              		.loc 1 73 3
 189 0060 83F813   		cmpl	$19, %eax
 190 0063 0F87D203 		ja	.L21
 190      0000
 191 0069 89C0     		movl	%eax, %eax
 192 006b 488D1485 		leaq	0(,%rax,4), %rdx
 192      00000000 
 193 0073 488D0500 		leaq	.L12(%rip), %rax
 193      000000
 194 007a 8B0402   		movl	(%rdx,%rax), %eax
 195 007d 4898     		cltq
 196 007f 488D1500 		leaq	.L12(%rip), %rdx
 196      000000
 197 0086 4801D0   		addq	%rdx, %rax
 198 0089 3EFFE0   		notrack jmp	*%rax
 199              		.section	.rodata.vl53l8cx_get_detection_thresholds,"a",@progbits
 200              		.align 4
 201              		.align 4
 202              	.L12:
 203 0000 00000000 		.long	.L21-.L12
 204 0004 00000000 		.long	.L17-.L12
 205 0008 00000000 		.long	.L16-.L12
 206 000c 00000000 		.long	.L21-.L12
 207 0010 00000000 		.long	.L15-.L12
 208 0014 00000000 		.long	.L21-.L12
 209 0018 00000000 		.long	.L21-.L12
 210 001c 00000000 		.long	.L21-.L12
 211 0020 00000000 		.long	.L14-.L12
 212 0024 00000000 		.long	.L21-.L12
 213 0028 00000000 		.long	.L21-.L12
 214 002c 00000000 		.long	.L21-.L12
 215 0030 00000000 		.long	.L21-.L12
 216 0034 00000000 		.long	.L13-.L12
 217 0038 00000000 		.long	.L21-.L12
 218 003c 00000000 		.long	.L21-.L12
 219 0040 00000000 		.long	.L21-.L12
 220 0044 00000000 		.long	.L21-.L12
 221 0048 00000000 		.long	.L21-.L12
 222 004c 00000000 		.long	.L11-.L12
 223              		.section	.text.vl53l8cx_get_detection_thresholds
 224              	.L17:
  74:src/Flightlib/vl53l8cx_driver/Core/Src/vl53l8cx/vl53l8cx_plugin_detection_thresholds.c **** 		{
  75:src/Flightlib/vl53l8cx_driver/Core/Src/vl53l8cx/vl53l8cx_plugin_detection_thresholds.c **** 			case VL53L8CX_DISTANCE_MM:
  76:src/Flightlib/vl53l8cx_driver/Core/Src/vl53l8cx/vl53l8cx_plugin_detection_thresholds.c **** 				p_thresholds[i].param_low_thresh  /= 4;
 225              		.loc 1 76 17
 226 008c 0FB655FE 		movzbl	-2(%rbp), %edx
 227 0090 4889D0   		movq	%rdx, %rax
 228 0093 4801C0   		addq	%rax, %rax
 229 0096 4801D0   		addq	%rdx, %rax
 230 0099 48C1E002 		salq	$2, %rax
 231 009d 4889C2   		movq	%rax, %rdx
 232 00a0 488B45E0 		movq	-32(%rbp), %rax
 233 00a4 4801D0   		addq	%rdx, %rax
 234              		.loc 1 76 20
 235 00a7 8B08     		movl	(%rax), %ecx
 236              		.loc 1 76 17
 237 00a9 0FB655FE 		movzbl	-2(%rbp), %edx
 238 00ad 4889D0   		movq	%rdx, %rax
 239 00b0 4801C0   		addq	%rax, %rax
 240 00b3 4801D0   		addq	%rdx, %rax
 241 00b6 48C1E002 		salq	$2, %rax
 242 00ba 4889C2   		movq	%rax, %rdx
 243 00bd 488B45E0 		movq	-32(%rbp), %rax
 244 00c1 4801C2   		addq	%rax, %rdx
 245              		.loc 1 76 39
 246 00c4 89C8     		movl	%ecx, %eax
 247 00c6 8D4803   		leal	3(%rax), %ecx
 248 00c9 85C0     		testl	%eax, %eax
 249 00cb 0F48C1   		cmovs	%ecx, %eax
 250 00ce C1F802   		sarl	$2, %eax
 251 00d1 8902     		movl	%eax, (%rdx)
  77:src/Flightlib/vl53l8cx_driver/Core/Src/vl53l8cx/vl53l8cx_plugin_detection_thresholds.c **** 				p_thresholds[i].param_high_thresh /= 4;
 252              		.loc 1 77 17
 253 00d3 0FB655FE 		movzbl	-2(%rbp), %edx
 254 00d7 4889D0   		movq	%rdx, %rax
 255 00da 4801C0   		addq	%rax, %rax
 256 00dd 4801D0   		addq	%rdx, %rax
 257 00e0 48C1E002 		salq	$2, %rax
 258 00e4 4889C2   		movq	%rax, %rdx
 259 00e7 488B45E0 		movq	-32(%rbp), %rax
 260 00eb 4801D0   		addq	%rdx, %rax
 261              		.loc 1 77 20
 262 00ee 8B4804   		movl	4(%rax), %ecx
 263              		.loc 1 77 17
 264 00f1 0FB655FE 		movzbl	-2(%rbp), %edx
 265 00f5 4889D0   		movq	%rdx, %rax
 266 00f8 4801C0   		addq	%rax, %rax
 267 00fb 4801D0   		addq	%rdx, %rax
 268 00fe 48C1E002 		salq	$2, %rax
 269 0102 4889C2   		movq	%rax, %rdx
 270 0105 488B45E0 		movq	-32(%rbp), %rax
 271 0109 4801C2   		addq	%rax, %rdx
 272              		.loc 1 77 39
 273 010c 89C8     		movl	%ecx, %eax
 274 010e 8D4803   		leal	3(%rax), %ecx
 275 0111 85C0     		testl	%eax, %eax
 276 0113 0F48C1   		cmovs	%ecx, %eax
 277 0116 C1F802   		sarl	$2, %eax
 278 0119 894204   		movl	%eax, 4(%rdx)
  78:src/Flightlib/vl53l8cx_driver/Core/Src/vl53l8cx/vl53l8cx_plugin_detection_thresholds.c **** 				break;
 279              		.loc 1 78 5
 280 011c E91B0300 		jmp	.L18
 280      00
 281              	.L16:
  79:src/Flightlib/vl53l8cx_driver/Core/Src/vl53l8cx/vl53l8cx_plugin_detection_thresholds.c **** 			case VL53L8CX_SIGNAL_PER_SPAD_KCPS:
  80:src/Flightlib/vl53l8cx_driver/Core/Src/vl53l8cx/vl53l8cx_plugin_detection_thresholds.c **** 				p_thresholds[i].param_low_thresh  /= 2048;
 282              		.loc 1 80 17
 283 0121 0FB655FE 		movzbl	-2(%rbp), %edx
 284 0125 4889D0   		movq	%rdx, %rax
 285 0128 4801C0   		addq	%rax, %rax
 286 012b 4801D0   		addq	%rdx, %rax
 287 012e 48C1E002 		salq	$2, %rax
 288 0132 4889C2   		movq	%rax, %rdx
 289 0135 488B45E0 		movq	-32(%rbp), %rax
 290 0139 4801D0   		addq	%rdx, %rax
 291              		.loc 1 80 20
 292 013c 8B08     		movl	(%rax), %ecx
 293              		.loc 1 80 17
 294 013e 0FB655FE 		movzbl	-2(%rbp), %edx
 295 0142 4889D0   		movq	%rdx, %rax
 296 0145 4801C0   		addq	%rax, %rax
 297 0148 4801D0   		addq	%rdx, %rax
 298 014b 48C1E002 		salq	$2, %rax
 299 014f 4889C2   		movq	%rax, %rdx
 300 0152 488B45E0 		movq	-32(%rbp), %rax
 301 0156 4801C2   		addq	%rax, %rdx
 302              		.loc 1 80 39
 303 0159 89C8     		movl	%ecx, %eax
 304 015b 8D88FF07 		leal	2047(%rax), %ecx
 304      0000
 305 0161 85C0     		testl	%eax, %eax
 306 0163 0F48C1   		cmovs	%ecx, %eax
 307 0166 C1F80B   		sarl	$11, %eax
 308 0169 8902     		movl	%eax, (%rdx)
  81:src/Flightlib/vl53l8cx_driver/Core/Src/vl53l8cx/vl53l8cx_plugin_detection_thresholds.c **** 				p_thresholds[i].param_high_thresh /= 2048;
 309              		.loc 1 81 17
 310 016b 0FB655FE 		movzbl	-2(%rbp), %edx
 311 016f 4889D0   		movq	%rdx, %rax
 312 0172 4801C0   		addq	%rax, %rax
 313 0175 4801D0   		addq	%rdx, %rax
 314 0178 48C1E002 		salq	$2, %rax
 315 017c 4889C2   		movq	%rax, %rdx
 316 017f 488B45E0 		movq	-32(%rbp), %rax
 317 0183 4801D0   		addq	%rdx, %rax
 318              		.loc 1 81 20
 319 0186 8B4804   		movl	4(%rax), %ecx
 320              		.loc 1 81 17
 321 0189 0FB655FE 		movzbl	-2(%rbp), %edx
 322 018d 4889D0   		movq	%rdx, %rax
 323 0190 4801C0   		addq	%rax, %rax
 324 0193 4801D0   		addq	%rdx, %rax
 325 0196 48C1E002 		salq	$2, %rax
 326 019a 4889C2   		movq	%rax, %rdx
 327 019d 488B45E0 		movq	-32(%rbp), %rax
 328 01a1 4801C2   		addq	%rax, %rdx
 329              		.loc 1 81 39
 330 01a4 89C8     		movl	%ecx, %eax
 331 01a6 8D88FF07 		leal	2047(%rax), %ecx
 331      0000
 332 01ac 85C0     		testl	%eax, %eax
 333 01ae 0F48C1   		cmovs	%ecx, %eax
 334 01b1 C1F80B   		sarl	$11, %eax
 335 01b4 894204   		movl	%eax, 4(%rdx)
  82:src/Flightlib/vl53l8cx_driver/Core/Src/vl53l8cx/vl53l8cx_plugin_detection_thresholds.c **** 				break;
 336              		.loc 1 82 5
 337 01b7 E9800200 		jmp	.L18
 337      00
 338              	.L15:
  83:src/Flightlib/vl53l8cx_driver/Core/Src/vl53l8cx/vl53l8cx_plugin_detection_thresholds.c **** 			case VL53L8CX_RANGE_SIGMA_MM:
  84:src/Flightlib/vl53l8cx_driver/Core/Src/vl53l8cx/vl53l8cx_plugin_detection_thresholds.c **** 				p_thresholds[i].param_low_thresh  /= 128;
 339              		.loc 1 84 17
 340 01bc 0FB655FE 		movzbl	-2(%rbp), %edx
 341 01c0 4889D0   		movq	%rdx, %rax
 342 01c3 4801C0   		addq	%rax, %rax
 343 01c6 4801D0   		addq	%rdx, %rax
 344 01c9 48C1E002 		salq	$2, %rax
 345 01cd 4889C2   		movq	%rax, %rdx
 346 01d0 488B45E0 		movq	-32(%rbp), %rax
 347 01d4 4801D0   		addq	%rdx, %rax
 348              		.loc 1 84 20
 349 01d7 8B08     		movl	(%rax), %ecx
 350              		.loc 1 84 17
 351 01d9 0FB655FE 		movzbl	-2(%rbp), %edx
 352 01dd 4889D0   		movq	%rdx, %rax
 353 01e0 4801C0   		addq	%rax, %rax
 354 01e3 4801D0   		addq	%rdx, %rax
 355 01e6 48C1E002 		salq	$2, %rax
 356 01ea 4889C2   		movq	%rax, %rdx
 357 01ed 488B45E0 		movq	-32(%rbp), %rax
 358 01f1 4801C2   		addq	%rax, %rdx
 359              		.loc 1 84 39
 360 01f4 89C8     		movl	%ecx, %eax
 361 01f6 8D487F   		leal	127(%rax), %ecx
 362 01f9 85C0     		testl	%eax, %eax
 363 01fb 0F48C1   		cmovs	%ecx, %eax
 364 01fe C1F807   		sarl	$7, %eax
 365 0201 8902     		movl	%eax, (%rdx)
  85:src/Flightlib/vl53l8cx_driver/Core/Src/vl53l8cx/vl53l8cx_plugin_detection_thresholds.c **** 				p_thresholds[i].param_high_thresh /= 128;
 366              		.loc 1 85 17
 367 0203 0FB655FE 		movzbl	-2(%rbp), %edx
 368 0207 4889D0   		movq	%rdx, %rax
 369 020a 4801C0   		addq	%rax, %rax
 370 020d 4801D0   		addq	%rdx, %rax
 371 0210 48C1E002 		salq	$2, %rax
 372 0214 4889C2   		movq	%rax, %rdx
 373 0217 488B45E0 		movq	-32(%rbp), %rax
 374 021b 4801D0   		addq	%rdx, %rax
 375              		.loc 1 85 20
 376 021e 8B4804   		movl	4(%rax), %ecx
 377              		.loc 1 85 17
 378 0221 0FB655FE 		movzbl	-2(%rbp), %edx
 379 0225 4889D0   		movq	%rdx, %rax
 380 0228 4801C0   		addq	%rax, %rax
 381 022b 4801D0   		addq	%rdx, %rax
 382 022e 48C1E002 		salq	$2, %rax
 383 0232 4889C2   		movq	%rax, %rdx
 384 0235 488B45E0 		movq	-32(%rbp), %rax
 385 0239 4801C2   		addq	%rax, %rdx
 386              		.loc 1 85 39
 387 023c 89C8     		movl	%ecx, %eax
 388 023e 8D487F   		leal	127(%rax), %ecx
 389 0241 85C0     		testl	%eax, %eax
 390 0243 0F48C1   		cmovs	%ecx, %eax
 391 0246 C1F807   		sarl	$7, %eax
 392 0249 894204   		movl	%eax, 4(%rdx)
  86:src/Flightlib/vl53l8cx_driver/Core/Src/vl53l8cx/vl53l8cx_plugin_detection_thresholds.c **** 				break;
 393              		.loc 1 86 5
 394 024c E9EB0100 		jmp	.L18
 394      00
 395              	.L14:
  87:src/Flightlib/vl53l8cx_driver/Core/Src/vl53l8cx/vl53l8cx_plugin_detection_thresholds.c **** 			case VL53L8CX_AMBIENT_PER_SPAD_KCPS:
  88:src/Flightlib/vl53l8cx_driver/Core/Src/vl53l8cx/vl53l8cx_plugin_detection_thresholds.c **** 				p_thresholds[i].param_low_thresh  /= 2048;
 396              		.loc 1 88 17
 397 0251 0FB655FE 		movzbl	-2(%rbp), %edx
 398 0255 4889D0   		movq	%rdx, %rax
 399 0258 4801C0   		addq	%rax, %rax
 400 025b 4801D0   		addq	%rdx, %rax
 401 025e 48C1E002 		salq	$2, %rax
 402 0262 4889C2   		movq	%rax, %rdx
 403 0265 488B45E0 		movq	-32(%rbp), %rax
 404 0269 4801D0   		addq	%rdx, %rax
 405              		.loc 1 88 20
 406 026c 8B08     		movl	(%rax), %ecx
 407              		.loc 1 88 17
 408 026e 0FB655FE 		movzbl	-2(%rbp), %edx
 409 0272 4889D0   		movq	%rdx, %rax
 410 0275 4801C0   		addq	%rax, %rax
 411 0278 4801D0   		addq	%rdx, %rax
 412 027b 48C1E002 		salq	$2, %rax
 413 027f 4889C2   		movq	%rax, %rdx
 414 0282 488B45E0 		movq	-32(%rbp), %rax
 415 0286 4801C2   		addq	%rax, %rdx
 416              		.loc 1 88 39
 417 0289 89C8     		movl	%ecx, %eax
 418 028b 8D88FF07 		leal	2047(%rax), %ecx
 418      0000
 419 0291 85C0     		testl	%eax, %eax
 420 0293 0F48C1   		cmovs	%ecx, %eax
 421 0296 C1F80B   		sarl	$11, %eax
 422 0299 8902     		movl	%eax, (%rdx)
  89:src/Flightlib/vl53l8cx_driver/Core/Src/vl53l8cx/vl53l8cx_plugin_detection_thresholds.c **** 				p_thresholds[i].param_high_thresh /= 2048;
 423              		.loc 1 89 17
 424 029b 0FB655FE 		movzbl	-2(%rbp), %edx
 425 029f 4889D0   		movq	%rdx, %rax
 426 02a2 4801C0   		addq	%rax, %rax
 427 02a5 4801D0   		addq	%rdx, %rax
 428 02a8 48C1E002 		salq	$2, %rax
 429 02ac 4889C2   		movq	%rax, %rdx
 430 02af 488B45E0 		movq	-32(%rbp), %rax
 431 02b3 4801D0   		addq	%rdx, %rax
 432              		.loc 1 89 20
 433 02b6 8B4804   		movl	4(%rax), %ecx
 434              		.loc 1 89 17
 435 02b9 0FB655FE 		movzbl	-2(%rbp), %edx
 436 02bd 4889D0   		movq	%rdx, %rax
 437 02c0 4801C0   		addq	%rax, %rax
 438 02c3 4801D0   		addq	%rdx, %rax
 439 02c6 48C1E002 		salq	$2, %rax
 440 02ca 4889C2   		movq	%rax, %rdx
 441 02cd 488B45E0 		movq	-32(%rbp), %rax
 442 02d1 4801C2   		addq	%rax, %rdx
 443              		.loc 1 89 39
 444 02d4 89C8     		movl	%ecx, %eax
 445 02d6 8D88FF07 		leal	2047(%rax), %ecx
 445      0000
 446 02dc 85C0     		testl	%eax, %eax
 447 02de 0F48C1   		cmovs	%ecx, %eax
 448 02e1 C1F80B   		sarl	$11, %eax
 449 02e4 894204   		movl	%eax, 4(%rdx)
  90:src/Flightlib/vl53l8cx_driver/Core/Src/vl53l8cx/vl53l8cx_plugin_detection_thresholds.c **** 				break;
 450              		.loc 1 90 5
 451 02e7 E9500100 		jmp	.L18
 451      00
 452              	.L13:
  91:src/Flightlib/vl53l8cx_driver/Core/Src/vl53l8cx/vl53l8cx_plugin_detection_thresholds.c **** 			case VL53L8CX_NB_SPADS_ENABLED:
  92:src/Flightlib/vl53l8cx_driver/Core/Src/vl53l8cx/vl53l8cx_plugin_detection_thresholds.c **** 				p_thresholds[i].param_low_thresh  /= 256;
 453              		.loc 1 92 17
 454 02ec 0FB655FE 		movzbl	-2(%rbp), %edx
 455 02f0 4889D0   		movq	%rdx, %rax
 456 02f3 4801C0   		addq	%rax, %rax
 457 02f6 4801D0   		addq	%rdx, %rax
 458 02f9 48C1E002 		salq	$2, %rax
 459 02fd 4889C2   		movq	%rax, %rdx
 460 0300 488B45E0 		movq	-32(%rbp), %rax
 461 0304 4801D0   		addq	%rdx, %rax
 462              		.loc 1 92 20
 463 0307 8B08     		movl	(%rax), %ecx
 464              		.loc 1 92 17
 465 0309 0FB655FE 		movzbl	-2(%rbp), %edx
 466 030d 4889D0   		movq	%rdx, %rax
 467 0310 4801C0   		addq	%rax, %rax
 468 0313 4801D0   		addq	%rdx, %rax
 469 0316 48C1E002 		salq	$2, %rax
 470 031a 4889C2   		movq	%rax, %rdx
 471 031d 488B45E0 		movq	-32(%rbp), %rax
 472 0321 4801C2   		addq	%rax, %rdx
 473              		.loc 1 92 39
 474 0324 89C8     		movl	%ecx, %eax
 475 0326 8D88FF00 		leal	255(%rax), %ecx
 475      0000
 476 032c 85C0     		testl	%eax, %eax
 477 032e 0F48C1   		cmovs	%ecx, %eax
 478 0331 C1F808   		sarl	$8, %eax
 479 0334 8902     		movl	%eax, (%rdx)
  93:src/Flightlib/vl53l8cx_driver/Core/Src/vl53l8cx/vl53l8cx_plugin_detection_thresholds.c **** 				p_thresholds[i].param_high_thresh /= 256;
 480              		.loc 1 93 17
 481 0336 0FB655FE 		movzbl	-2(%rbp), %edx
 482 033a 4889D0   		movq	%rdx, %rax
 483 033d 4801C0   		addq	%rax, %rax
 484 0340 4801D0   		addq	%rdx, %rax
 485 0343 48C1E002 		salq	$2, %rax
 486 0347 4889C2   		movq	%rax, %rdx
 487 034a 488B45E0 		movq	-32(%rbp), %rax
 488 034e 4801D0   		addq	%rdx, %rax
 489              		.loc 1 93 20
 490 0351 8B4804   		movl	4(%rax), %ecx
 491              		.loc 1 93 17
 492 0354 0FB655FE 		movzbl	-2(%rbp), %edx
 493 0358 4889D0   		movq	%rdx, %rax
 494 035b 4801C0   		addq	%rax, %rax
 495 035e 4801D0   		addq	%rdx, %rax
 496 0361 48C1E002 		salq	$2, %rax
 497 0365 4889C2   		movq	%rax, %rdx
 498 0368 488B45E0 		movq	-32(%rbp), %rax
 499 036c 4801C2   		addq	%rax, %rdx
 500              		.loc 1 93 39
 501 036f 89C8     		movl	%ecx, %eax
 502 0371 8D88FF00 		leal	255(%rax), %ecx
 502      0000
 503 0377 85C0     		testl	%eax, %eax
 504 0379 0F48C1   		cmovs	%ecx, %eax
 505 037c C1F808   		sarl	$8, %eax
 506 037f 894204   		movl	%eax, 4(%rdx)
  94:src/Flightlib/vl53l8cx_driver/Core/Src/vl53l8cx/vl53l8cx_plugin_detection_thresholds.c **** 				break;
 507              		.loc 1 94 5
 508 0382 E9B50000 		jmp	.L18
 508      00
 509              	.L11:
  95:src/Flightlib/vl53l8cx_driver/Core/Src/vl53l8cx/vl53l8cx_plugin_detection_thresholds.c **** 			case VL53L8CX_MOTION_INDICATOR:
  96:src/Flightlib/vl53l8cx_driver/Core/Src/vl53l8cx/vl53l8cx_plugin_detection_thresholds.c **** 				p_thresholds[i].param_low_thresh  /= 65535;
 510              		.loc 1 96 17
 511 0387 0FB655FE 		movzbl	-2(%rbp), %edx
 512 038b 4889D0   		movq	%rdx, %rax
 513 038e 4801C0   		addq	%rax, %rax
 514 0391 4801D0   		addq	%rdx, %rax
 515 0394 48C1E002 		salq	$2, %rax
 516 0398 4889C2   		movq	%rax, %rdx
 517 039b 488B45E0 		movq	-32(%rbp), %rax
 518 039f 4801D0   		addq	%rdx, %rax
 519              		.loc 1 96 20
 520 03a2 8B10     		movl	(%rax), %edx
 521              		.loc 1 96 17
 522 03a4 0FB64DFE 		movzbl	-2(%rbp), %ecx
 523 03a8 4889C8   		movq	%rcx, %rax
 524 03ab 4801C0   		addq	%rax, %rax
 525 03ae 4801C8   		addq	%rcx, %rax
 526 03b1 48C1E002 		salq	$2, %rax
 527 03b5 4889C1   		movq	%rax, %rcx
 528 03b8 488B45E0 		movq	-32(%rbp), %rax
 529 03bc 4801C8   		addq	%rcx, %rax
 530              		.loc 1 96 39
 531 03bf 4863CA   		movslq	%edx, %rcx
 532 03c2 4869C901 		imulq	$-2147450879, %rcx, %rcx
 532      800080
 533 03c9 48C1E920 		shrq	$32, %rcx
 534 03cd 01D1     		addl	%edx, %ecx
 535 03cf 89CE     		movl	%ecx, %esi
 536 03d1 C1FE0F   		sarl	$15, %esi
 537 03d4 89D1     		movl	%edx, %ecx
 538 03d6 C1F91F   		sarl	$31, %ecx
 539 03d9 29CE     		subl	%ecx, %esi
 540 03db 89F2     		movl	%esi, %edx
 541 03dd 8910     		movl	%edx, (%rax)
  97:src/Flightlib/vl53l8cx_driver/Core/Src/vl53l8cx/vl53l8cx_plugin_detection_thresholds.c **** 				p_thresholds[i].param_high_thresh /= 65535;
 542              		.loc 1 97 17
 543 03df 0FB655FE 		movzbl	-2(%rbp), %edx
 544 03e3 4889D0   		movq	%rdx, %rax
 545 03e6 4801C0   		addq	%rax, %rax
 546 03e9 4801D0   		addq	%rdx, %rax
 547 03ec 48C1E002 		salq	$2, %rax
 548 03f0 4889C2   		movq	%rax, %rdx
 549 03f3 488B45E0 		movq	-32(%rbp), %rax
 550 03f7 4801D0   		addq	%rdx, %rax
 551              		.loc 1 97 20
 552 03fa 8B5004   		movl	4(%rax), %edx
 553              		.loc 1 97 17
 554 03fd 0FB64DFE 		movzbl	-2(%rbp), %ecx
 555 0401 4889C8   		movq	%rcx, %rax
 556 0404 4801C0   		addq	%rax, %rax
 557 0407 4801C8   		addq	%rcx, %rax
 558 040a 48C1E002 		salq	$2, %rax
 559 040e 4889C1   		movq	%rax, %rcx
 560 0411 488B45E0 		movq	-32(%rbp), %rax
 561 0415 4801C8   		addq	%rcx, %rax
 562              		.loc 1 97 39
 563 0418 4863CA   		movslq	%edx, %rcx
 564 041b 4869C901 		imulq	$-2147450879, %rcx, %rcx
 564      800080
 565 0422 48C1E920 		shrq	$32, %rcx
 566 0426 01D1     		addl	%edx, %ecx
 567 0428 89CE     		movl	%ecx, %esi
 568 042a C1FE0F   		sarl	$15, %esi
 569 042d 89D1     		movl	%edx, %ecx
 570 042f C1F91F   		sarl	$31, %ecx
 571 0432 29CE     		subl	%ecx, %esi
 572 0434 89F2     		movl	%esi, %edx
 573 0436 895004   		movl	%edx, 4(%rax)
  98:src/Flightlib/vl53l8cx_driver/Core/Src/vl53l8cx/vl53l8cx_plugin_detection_thresholds.c **** 				break;
 574              		.loc 1 98 5
 575 0439 EB01     		jmp	.L18
 576              	.L21:
  99:src/Flightlib/vl53l8cx_driver/Core/Src/vl53l8cx/vl53l8cx_plugin_detection_thresholds.c **** 			default:
 100:src/Flightlib/vl53l8cx_driver/Core/Src/vl53l8cx/vl53l8cx_plugin_detection_thresholds.c **** 				break;
 577              		.loc 1 100 5
 578 043b 90       		nop
 579              	.L18:
  71:src/Flightlib/vl53l8cx_driver/Core/Src/vl53l8cx/vl53l8cx_plugin_detection_thresholds.c **** 	{
 580              		.loc 1 71 51 discriminator 2
 581 043c 0FB645FE 		movzbl	-2(%rbp), %eax
 582 0440 83C001   		addl	$1, %eax
 583 0443 8845FE   		movb	%al, -2(%rbp)
 584              	.L9:
  71:src/Flightlib/vl53l8cx_driver/Core/Src/vl53l8cx/vl53l8cx_plugin_detection_thresholds.c **** 	{
 585              		.loc 1 71 15 discriminator 1
 586 0446 807DFE3F 		cmpb	$63, -2(%rbp)
 587 044a 0F86EEFB 		jbe	.L19
 587      FFFF
 101:src/Flightlib/vl53l8cx_driver/Core/Src/vl53l8cx/vl53l8cx_plugin_detection_thresholds.c **** 		}
 102:src/Flightlib/vl53l8cx_driver/Core/Src/vl53l8cx/vl53l8cx_plugin_detection_thresholds.c **** 	}
 103:src/Flightlib/vl53l8cx_driver/Core/Src/vl53l8cx/vl53l8cx_plugin_detection_thresholds.c **** 
 104:src/Flightlib/vl53l8cx_driver/Core/Src/vl53l8cx/vl53l8cx_plugin_detection_thresholds.c **** 	return status;
 588              		.loc 1 104 9
 589 0450 0FB645FF 		movzbl	-1(%rbp), %eax
 105:src/Flightlib/vl53l8cx_driver/Core/Src/vl53l8cx/vl53l8cx_plugin_detection_thresholds.c **** }
 590              		.loc 1 105 1
 591 0454 C9       		leave
 592              	.LCFI8:
 593              		.cfi_def_cfa 7, 8
 594 0455 C3       		ret
 595              		.cfi_endproc
 596              	.LFE2:
 598              		.section	.text.vl53l8cx_set_detection_thresholds,"ax",@progbits
 599              		.globl	vl53l8cx_set_detection_thresholds
 601              	vl53l8cx_set_detection_thresholds:
 602              	.LFB3:
 106:src/Flightlib/vl53l8cx_driver/Core/Src/vl53l8cx/vl53l8cx_plugin_detection_thresholds.c **** 
 107:src/Flightlib/vl53l8cx_driver/Core/Src/vl53l8cx/vl53l8cx_plugin_detection_thresholds.c **** uint8_t vl53l8cx_set_detection_thresholds(
 108:src/Flightlib/vl53l8cx_driver/Core/Src/vl53l8cx/vl53l8cx_plugin_detection_thresholds.c **** 		VL53L8CX_Configuration			*p_dev,
 109:src/Flightlib/vl53l8cx_driver/Core/Src/vl53l8cx/vl53l8cx_plugin_detection_thresholds.c **** 		VL53L8CX_DetectionThresholds	*p_thresholds)
 110:src/Flightlib/vl53l8cx_driver/Core/Src/vl53l8cx/vl53l8cx_plugin_detection_thresholds.c **** {
 603              		.loc 1 110 1
 604              		.cfi_startproc
 605 0000 F30F1EFA 		endbr64
 606 0004 55       		pushq	%rbp
 607              	.LCFI9:
 608              		.cfi_def_cfa_offset 16
 609              		.cfi_offset 6, -16
 610 0005 4889E5   		movq	%rsp, %rbp
 611              	.LCFI10:
 612              		.cfi_def_cfa_register 6
 613 0008 4883EC30 		subq	$48, %rsp
 614 000c 48897DD8 		movq	%rdi, -40(%rbp)
 615 0010 488975D0 		movq	%rsi, -48(%rbp)
 616              		.loc 1 110 1
 617 0014 64488B04 		movq	%fs:40, %rax
 617      25280000 
 617      00
 618 001d 488945F8 		movq	%rax, -8(%rbp)
 619 0021 31C0     		xorl	%eax, %eax
 111:src/Flightlib/vl53l8cx_driver/Core/Src/vl53l8cx/vl53l8cx_plugin_detection_thresholds.c **** 	uint8_t i, status = VL53L8CX_STATUS_OK;
 620              		.loc 1 111 13
 621 0023 C645EF00 		movb	$0, -17(%rbp)
 112:src/Flightlib/vl53l8cx_driver/Core/Src/vl53l8cx/vl53l8cx_plugin_detection_thresholds.c **** 	uint8_t grp_valid_target_cfg[] = {0x05, 0x05, 0x05, 0x05,
 622              		.loc 1 112 10
 623 0027 48B80505 		movabsq	$361700864190383365, %rax
 623      05050505 
 623      0505
 624 0031 488945F0 		movq	%rax, -16(%rbp)
 113:src/Flightlib/vl53l8cx_driver/Core/Src/vl53l8cx/vl53l8cx_plugin_detection_thresholds.c **** 					0x05, 0x05, 0x05, 0x05};
 114:src/Flightlib/vl53l8cx_driver/Core/Src/vl53l8cx/vl53l8cx_plugin_detection_thresholds.c **** 
 115:src/Flightlib/vl53l8cx_driver/Core/Src/vl53l8cx/vl53l8cx_plugin_detection_thresholds.c **** 	for(i = 0; i < (uint8_t) VL53L8CX_NB_THRESHOLDS; i++)
 625              		.loc 1 115 8
 626 0035 C645EE00 		movb	$0, -18(%rbp)
 627              		.loc 1 115 2
 628 0039 E9650300 		jmp	.L23
 628      00
 629              	.L33:
 116:src/Flightlib/vl53l8cx_driver/Core/Src/vl53l8cx/vl53l8cx_plugin_detection_thresholds.c **** 	{
 117:src/Flightlib/vl53l8cx_driver/Core/Src/vl53l8cx/vl53l8cx_plugin_detection_thresholds.c **** 		switch(p_thresholds->measurement)
 630              		.loc 1 117 22
 631 003e 488B45D0 		movq	-48(%rbp), %rax
 632 0042 0FB64008 		movzbl	8(%rax), %eax
 633 0046 0FB6C0   		movzbl	%al, %eax
 634              		.loc 1 117 3
 635 0049 83F813   		cmpl	$19, %eax
 636 004c 0F874603 		ja	.L36
 636      0000
 637 0052 89C0     		movl	%eax, %eax
 638 0054 488D1485 		leaq	0(,%rax,4), %rdx
 638      00000000 
 639 005c 488D0500 		leaq	.L26(%rip), %rax
 639      000000
 640 0063 8B0402   		movl	(%rdx,%rax), %eax
 641 0066 4898     		cltq
 642 0068 488D1500 		leaq	.L26(%rip), %rdx
 642      000000
 643 006f 4801D0   		addq	%rdx, %rax
 644 0072 3EFFE0   		notrack jmp	*%rax
 645              		.section	.rodata.vl53l8cx_set_detection_thresholds,"a",@progbits
 646              		.align 4
 647              		.align 4
 648              	.L26:
 649 0000 00000000 		.long	.L36-.L26
 650 0004 00000000 		.long	.L31-.L26
 651 0008 00000000 		.long	.L30-.L26
 652 000c 00000000 		.long	.L36-.L26
 653 0010 00000000 		.long	.L29-.L26
 654 0014 00000000 		.long	.L36-.L26
 655 0018 00000000 		.long	.L36-.L26
 656 001c 00000000 		.long	.L36-.L26
 657 0020 00000000 		.long	.L28-.L26
 658 0024 00000000 		.long	.L36-.L26
 659 0028 00000000 		.long	.L36-.L26
 660 002c 00000000 		.long	.L36-.L26
 661 0030 00000000 		.long	.L36-.L26
 662 0034 00000000 		.long	.L27-.L26
 663 0038 00000000 		.long	.L36-.L26
 664 003c 00000000 		.long	.L36-.L26
 665 0040 00000000 		.long	.L36-.L26
 666 0044 00000000 		.long	.L36-.L26
 667 0048 00000000 		.long	.L36-.L26
 668 004c 00000000 		.long	.L25-.L26
 669              		.section	.text.vl53l8cx_set_detection_thresholds
 670              	.L31:
 118:src/Flightlib/vl53l8cx_driver/Core/Src/vl53l8cx/vl53l8cx_plugin_detection_thresholds.c **** 		{
 119:src/Flightlib/vl53l8cx_driver/Core/Src/vl53l8cx/vl53l8cx_plugin_detection_thresholds.c **** 			case VL53L8CX_DISTANCE_MM:
 120:src/Flightlib/vl53l8cx_driver/Core/Src/vl53l8cx/vl53l8cx_plugin_detection_thresholds.c **** 				p_thresholds[i].param_low_thresh  *= 4;
 671              		.loc 1 120 17
 672 0075 0FB655EE 		movzbl	-18(%rbp), %edx
 673 0079 4889D0   		movq	%rdx, %rax
 674 007c 4801C0   		addq	%rax, %rax
 675 007f 4801D0   		addq	%rdx, %rax
 676 0082 48C1E002 		salq	$2, %rax
 677 0086 4889C2   		movq	%rax, %rdx
 678 0089 488B45D0 		movq	-48(%rbp), %rax
 679 008d 4801D0   		addq	%rdx, %rax
 680              		.loc 1 120 20
 681 0090 8B08     		movl	(%rax), %ecx
 682              		.loc 1 120 17
 683 0092 0FB655EE 		movzbl	-18(%rbp), %edx
 684 0096 4889D0   		movq	%rdx, %rax
 685 0099 4801C0   		addq	%rax, %rax
 686 009c 4801D0   		addq	%rdx, %rax
 687 009f 48C1E002 		salq	$2, %rax
 688 00a3 4889C2   		movq	%rax, %rdx
 689 00a6 488B45D0 		movq	-48(%rbp), %rax
 690 00aa 4801D0   		addq	%rdx, %rax
 691              		.loc 1 120 39
 692 00ad 8D148D00 		leal	0(,%rcx,4), %edx
 692      000000
 693 00b4 8910     		movl	%edx, (%rax)
 121:src/Flightlib/vl53l8cx_driver/Core/Src/vl53l8cx/vl53l8cx_plugin_detection_thresholds.c **** 				p_thresholds[i].param_high_thresh *= 4;
 694              		.loc 1 121 17
 695 00b6 0FB655EE 		movzbl	-18(%rbp), %edx
 696 00ba 4889D0   		movq	%rdx, %rax
 697 00bd 4801C0   		addq	%rax, %rax
 698 00c0 4801D0   		addq	%rdx, %rax
 699 00c3 48C1E002 		salq	$2, %rax
 700 00c7 4889C2   		movq	%rax, %rdx
 701 00ca 488B45D0 		movq	-48(%rbp), %rax
 702 00ce 4801D0   		addq	%rdx, %rax
 703              		.loc 1 121 20
 704 00d1 8B4804   		movl	4(%rax), %ecx
 705              		.loc 1 121 17
 706 00d4 0FB655EE 		movzbl	-18(%rbp), %edx
 707 00d8 4889D0   		movq	%rdx, %rax
 708 00db 4801C0   		addq	%rax, %rax
 709 00de 4801D0   		addq	%rdx, %rax
 710 00e1 48C1E002 		salq	$2, %rax
 711 00e5 4889C2   		movq	%rax, %rdx
 712 00e8 488B45D0 		movq	-48(%rbp), %rax
 713 00ec 4801D0   		addq	%rdx, %rax
 714              		.loc 1 121 39
 715 00ef 8D148D00 		leal	0(,%rcx,4), %edx
 715      000000
 716 00f6 895004   		movl	%edx, 4(%rax)
 122:src/Flightlib/vl53l8cx_driver/Core/Src/vl53l8cx/vl53l8cx_plugin_detection_thresholds.c **** 				break;
 717              		.loc 1 122 5
 718 00f9 E99B0200 		jmp	.L32
 718      00
 719              	.L30:
 123:src/Flightlib/vl53l8cx_driver/Core/Src/vl53l8cx/vl53l8cx_plugin_detection_thresholds.c **** 			case VL53L8CX_SIGNAL_PER_SPAD_KCPS:
 124:src/Flightlib/vl53l8cx_driver/Core/Src/vl53l8cx/vl53l8cx_plugin_detection_thresholds.c **** 				p_thresholds[i].param_low_thresh  *= 2048;
 720              		.loc 1 124 17
 721 00fe 0FB655EE 		movzbl	-18(%rbp), %edx
 722 0102 4889D0   		movq	%rdx, %rax
 723 0105 4801C0   		addq	%rax, %rax
 724 0108 4801D0   		addq	%rdx, %rax
 725 010b 48C1E002 		salq	$2, %rax
 726 010f 4889C2   		movq	%rax, %rdx
 727 0112 488B45D0 		movq	-48(%rbp), %rax
 728 0116 4801D0   		addq	%rdx, %rax
 729              		.loc 1 124 20
 730 0119 8B08     		movl	(%rax), %ecx
 731              		.loc 1 124 17
 732 011b 0FB655EE 		movzbl	-18(%rbp), %edx
 733 011f 4889D0   		movq	%rdx, %rax
 734 0122 4801C0   		addq	%rax, %rax
 735 0125 4801D0   		addq	%rdx, %rax
 736 0128 48C1E002 		salq	$2, %rax
 737 012c 4889C2   		movq	%rax, %rdx
 738 012f 488B45D0 		movq	-48(%rbp), %rax
 739 0133 4801D0   		addq	%rdx, %rax
 740              		.loc 1 124 39
 741 0136 C1E10B   		sall	$11, %ecx
 742 0139 89CA     		movl	%ecx, %edx
 743 013b 8910     		movl	%edx, (%rax)
 125:src/Flightlib/vl53l8cx_driver/Core/Src/vl53l8cx/vl53l8cx_plugin_detection_thresholds.c **** 				p_thresholds[i].param_high_thresh *= 2048;
 744              		.loc 1 125 17
 745 013d 0FB655EE 		movzbl	-18(%rbp), %edx
 746 0141 4889D0   		movq	%rdx, %rax
 747 0144 4801C0   		addq	%rax, %rax
 748 0147 4801D0   		addq	%rdx, %rax
 749 014a 48C1E002 		salq	$2, %rax
 750 014e 4889C2   		movq	%rax, %rdx
 751 0151 488B45D0 		movq	-48(%rbp), %rax
 752 0155 4801D0   		addq	%rdx, %rax
 753              		.loc 1 125 20
 754 0158 8B4804   		movl	4(%rax), %ecx
 755              		.loc 1 125 17
 756 015b 0FB655EE 		movzbl	-18(%rbp), %edx
 757 015f 4889D0   		movq	%rdx, %rax
 758 0162 4801C0   		addq	%rax, %rax
 759 0165 4801D0   		addq	%rdx, %rax
 760 0168 48C1E002 		salq	$2, %rax
 761 016c 4889C2   		movq	%rax, %rdx
 762 016f 488B45D0 		movq	-48(%rbp), %rax
 763 0173 4801D0   		addq	%rdx, %rax
 764              		.loc 1 125 39
 765 0176 C1E10B   		sall	$11, %ecx
 766 0179 89CA     		movl	%ecx, %edx
 767 017b 895004   		movl	%edx, 4(%rax)
 126:src/Flightlib/vl53l8cx_driver/Core/Src/vl53l8cx/vl53l8cx_plugin_detection_thresholds.c **** 				break;
 768              		.loc 1 126 5
 769 017e E9160200 		jmp	.L32
 769      00
 770              	.L29:
 127:src/Flightlib/vl53l8cx_driver/Core/Src/vl53l8cx/vl53l8cx_plugin_detection_thresholds.c **** 			case VL53L8CX_RANGE_SIGMA_MM:
 128:src/Flightlib/vl53l8cx_driver/Core/Src/vl53l8cx/vl53l8cx_plugin_detection_thresholds.c **** 				p_thresholds[i].param_low_thresh  *= 128;
 771              		.loc 1 128 17
 772 0183 0FB655EE 		movzbl	-18(%rbp), %edx
 773 0187 4889D0   		movq	%rdx, %rax
 774 018a 4801C0   		addq	%rax, %rax
 775 018d 4801D0   		addq	%rdx, %rax
 776 0190 48C1E002 		salq	$2, %rax
 777 0194 4889C2   		movq	%rax, %rdx
 778 0197 488B45D0 		movq	-48(%rbp), %rax
 779 019b 4801D0   		addq	%rdx, %rax
 780              		.loc 1 128 20
 781 019e 8B08     		movl	(%rax), %ecx
 782              		.loc 1 128 17
 783 01a0 0FB655EE 		movzbl	-18(%rbp), %edx
 784 01a4 4889D0   		movq	%rdx, %rax
 785 01a7 4801C0   		addq	%rax, %rax
 786 01aa 4801D0   		addq	%rdx, %rax
 787 01ad 48C1E002 		salq	$2, %rax
 788 01b1 4889C2   		movq	%rax, %rdx
 789 01b4 488B45D0 		movq	-48(%rbp), %rax
 790 01b8 4801D0   		addq	%rdx, %rax
 791              		.loc 1 128 39
 792 01bb C1E107   		sall	$7, %ecx
 793 01be 89CA     		movl	%ecx, %edx
 794 01c0 8910     		movl	%edx, (%rax)
 129:src/Flightlib/vl53l8cx_driver/Core/Src/vl53l8cx/vl53l8cx_plugin_detection_thresholds.c **** 				p_thresholds[i].param_high_thresh *= 128;
 795              		.loc 1 129 17
 796 01c2 0FB655EE 		movzbl	-18(%rbp), %edx
 797 01c6 4889D0   		movq	%rdx, %rax
 798 01c9 4801C0   		addq	%rax, %rax
 799 01cc 4801D0   		addq	%rdx, %rax
 800 01cf 48C1E002 		salq	$2, %rax
 801 01d3 4889C2   		movq	%rax, %rdx
 802 01d6 488B45D0 		movq	-48(%rbp), %rax
 803 01da 4801D0   		addq	%rdx, %rax
 804              		.loc 1 129 20
 805 01dd 8B4804   		movl	4(%rax), %ecx
 806              		.loc 1 129 17
 807 01e0 0FB655EE 		movzbl	-18(%rbp), %edx
 808 01e4 4889D0   		movq	%rdx, %rax
 809 01e7 4801C0   		addq	%rax, %rax
 810 01ea 4801D0   		addq	%rdx, %rax
 811 01ed 48C1E002 		salq	$2, %rax
 812 01f1 4889C2   		movq	%rax, %rdx
 813 01f4 488B45D0 		movq	-48(%rbp), %rax
 814 01f8 4801D0   		addq	%rdx, %rax
 815              		.loc 1 129 39
 816 01fb C1E107   		sall	$7, %ecx
 817 01fe 89CA     		movl	%ecx, %edx
 818 0200 895004   		movl	%edx, 4(%rax)
 130:src/Flightlib/vl53l8cx_driver/Core/Src/vl53l8cx/vl53l8cx_plugin_detection_thresholds.c **** 				break;
 819              		.loc 1 130 5
 820 0203 E9910100 		jmp	.L32
 820      00
 821              	.L28:
 131:src/Flightlib/vl53l8cx_driver/Core/Src/vl53l8cx/vl53l8cx_plugin_detection_thresholds.c **** 			case VL53L8CX_AMBIENT_PER_SPAD_KCPS:
 132:src/Flightlib/vl53l8cx_driver/Core/Src/vl53l8cx/vl53l8cx_plugin_detection_thresholds.c **** 				p_thresholds[i].param_low_thresh  *= 2048;
 822              		.loc 1 132 17
 823 0208 0FB655EE 		movzbl	-18(%rbp), %edx
 824 020c 4889D0   		movq	%rdx, %rax
 825 020f 4801C0   		addq	%rax, %rax
 826 0212 4801D0   		addq	%rdx, %rax
 827 0215 48C1E002 		salq	$2, %rax
 828 0219 4889C2   		movq	%rax, %rdx
 829 021c 488B45D0 		movq	-48(%rbp), %rax
 830 0220 4801D0   		addq	%rdx, %rax
 831              		.loc 1 132 20
 832 0223 8B08     		movl	(%rax), %ecx
 833              		.loc 1 132 17
 834 0225 0FB655EE 		movzbl	-18(%rbp), %edx
 835 0229 4889D0   		movq	%rdx, %rax
 836 022c 4801C0   		addq	%rax, %rax
 837 022f 4801D0   		addq	%rdx, %rax
 838 0232 48C1E002 		salq	$2, %rax
 839 0236 4889C2   		movq	%rax, %rdx
 840 0239 488B45D0 		movq	-48(%rbp), %rax
 841 023d 4801D0   		addq	%rdx, %rax
 842              		.loc 1 132 39
 843 0240 C1E10B   		sall	$11, %ecx
 844 0243 89CA     		movl	%ecx, %edx
 845 0245 8910     		movl	%edx, (%rax)
 133:src/Flightlib/vl53l8cx_driver/Core/Src/vl53l8cx/vl53l8cx_plugin_detection_thresholds.c **** 				p_thresholds[i].param_high_thresh *= 2048;
 846              		.loc 1 133 17
 847 0247 0FB655EE 		movzbl	-18(%rbp), %edx
 848 024b 4889D0   		movq	%rdx, %rax
 849 024e 4801C0   		addq	%rax, %rax
 850 0251 4801D0   		addq	%rdx, %rax
 851 0254 48C1E002 		salq	$2, %rax
 852 0258 4889C2   		movq	%rax, %rdx
 853 025b 488B45D0 		movq	-48(%rbp), %rax
 854 025f 4801D0   		addq	%rdx, %rax
 855              		.loc 1 133 20
 856 0262 8B4804   		movl	4(%rax), %ecx
 857              		.loc 1 133 17
 858 0265 0FB655EE 		movzbl	-18(%rbp), %edx
 859 0269 4889D0   		movq	%rdx, %rax
 860 026c 4801C0   		addq	%rax, %rax
 861 026f 4801D0   		addq	%rdx, %rax
 862 0272 48C1E002 		salq	$2, %rax
 863 0276 4889C2   		movq	%rax, %rdx
 864 0279 488B45D0 		movq	-48(%rbp), %rax
 865 027d 4801D0   		addq	%rdx, %rax
 866              		.loc 1 133 39
 867 0280 C1E10B   		sall	$11, %ecx
 868 0283 89CA     		movl	%ecx, %edx
 869 0285 895004   		movl	%edx, 4(%rax)
 134:src/Flightlib/vl53l8cx_driver/Core/Src/vl53l8cx/vl53l8cx_plugin_detection_thresholds.c **** 				break;
 870              		.loc 1 134 5
 871 0288 E90C0100 		jmp	.L32
 871      00
 872              	.L27:
 135:src/Flightlib/vl53l8cx_driver/Core/Src/vl53l8cx/vl53l8cx_plugin_detection_thresholds.c **** 			case VL53L8CX_NB_SPADS_ENABLED:
 136:src/Flightlib/vl53l8cx_driver/Core/Src/vl53l8cx/vl53l8cx_plugin_detection_thresholds.c **** 				p_thresholds[i].param_low_thresh  *= 256;
 873              		.loc 1 136 17
 874 028d 0FB655EE 		movzbl	-18(%rbp), %edx
 875 0291 4889D0   		movq	%rdx, %rax
 876 0294 4801C0   		addq	%rax, %rax
 877 0297 4801D0   		addq	%rdx, %rax
 878 029a 48C1E002 		salq	$2, %rax
 879 029e 4889C2   		movq	%rax, %rdx
 880 02a1 488B45D0 		movq	-48(%rbp), %rax
 881 02a5 4801D0   		addq	%rdx, %rax
 882              		.loc 1 136 20
 883 02a8 8B08     		movl	(%rax), %ecx
 884              		.loc 1 136 17
 885 02aa 0FB655EE 		movzbl	-18(%rbp), %edx
 886 02ae 4889D0   		movq	%rdx, %rax
 887 02b1 4801C0   		addq	%rax, %rax
 888 02b4 4801D0   		addq	%rdx, %rax
 889 02b7 48C1E002 		salq	$2, %rax
 890 02bb 4889C2   		movq	%rax, %rdx
 891 02be 488B45D0 		movq	-48(%rbp), %rax
 892 02c2 4801D0   		addq	%rdx, %rax
 893              		.loc 1 136 39
 894 02c5 C1E108   		sall	$8, %ecx
 895 02c8 89CA     		movl	%ecx, %edx
 896 02ca 8910     		movl	%edx, (%rax)
 137:src/Flightlib/vl53l8cx_driver/Core/Src/vl53l8cx/vl53l8cx_plugin_detection_thresholds.c **** 				p_thresholds[i].param_high_thresh *= 256;
 897              		.loc 1 137 17
 898 02cc 0FB655EE 		movzbl	-18(%rbp), %edx
 899 02d0 4889D0   		movq	%rdx, %rax
 900 02d3 4801C0   		addq	%rax, %rax
 901 02d6 4801D0   		addq	%rdx, %rax
 902 02d9 48C1E002 		salq	$2, %rax
 903 02dd 4889C2   		movq	%rax, %rdx
 904 02e0 488B45D0 		movq	-48(%rbp), %rax
 905 02e4 4801D0   		addq	%rdx, %rax
 906              		.loc 1 137 20
 907 02e7 8B4804   		movl	4(%rax), %ecx
 908              		.loc 1 137 17
 909 02ea 0FB655EE 		movzbl	-18(%rbp), %edx
 910 02ee 4889D0   		movq	%rdx, %rax
 911 02f1 4801C0   		addq	%rax, %rax
 912 02f4 4801D0   		addq	%rdx, %rax
 913 02f7 48C1E002 		salq	$2, %rax
 914 02fb 4889C2   		movq	%rax, %rdx
 915 02fe 488B45D0 		movq	-48(%rbp), %rax
 916 0302 4801D0   		addq	%rdx, %rax
 917              		.loc 1 137 39
 918 0305 C1E108   		sall	$8, %ecx
 919 0308 89CA     		movl	%ecx, %edx
 920 030a 895004   		movl	%edx, 4(%rax)
 138:src/Flightlib/vl53l8cx_driver/Core/Src/vl53l8cx/vl53l8cx_plugin_detection_thresholds.c **** 				break;
 921              		.loc 1 138 5
 922 030d E9870000 		jmp	.L32
 922      00
 923              	.L25:
 139:src/Flightlib/vl53l8cx_driver/Core/Src/vl53l8cx/vl53l8cx_plugin_detection_thresholds.c **** 			case VL53L8CX_MOTION_INDICATOR:
 140:src/Flightlib/vl53l8cx_driver/Core/Src/vl53l8cx/vl53l8cx_plugin_detection_thresholds.c **** 				p_thresholds[i].param_low_thresh  *= 65535;
 924              		.loc 1 140 17
 925 0312 0FB655EE 		movzbl	-18(%rbp), %edx
 926 0316 4889D0   		movq	%rdx, %rax
 927 0319 4801C0   		addq	%rax, %rax
 928 031c 4801D0   		addq	%rdx, %rax
 929 031f 48C1E002 		salq	$2, %rax
 930 0323 4889C2   		movq	%rax, %rdx
 931 0326 488B45D0 		movq	-48(%rbp), %rax
 932 032a 4801D0   		addq	%rdx, %rax
 933              		.loc 1 140 20
 934 032d 8B10     		movl	(%rax), %edx
 935              		.loc 1 140 17
 936 032f 0FB64DEE 		movzbl	-18(%rbp), %ecx
 937 0333 4889C8   		movq	%rcx, %rax
 938 0336 4801C0   		addq	%rax, %rax
 939 0339 4801C8   		addq	%rcx, %rax
 940 033c 48C1E002 		salq	$2, %rax
 941 0340 4889C1   		movq	%rax, %rcx
 942 0343 488B45D0 		movq	-48(%rbp), %rax
 943 0347 4801C1   		addq	%rax, %rcx
 944              		.loc 1 140 39
 945 034a 89D0     		movl	%edx, %eax
 946 034c C1E010   		sall	$16, %eax
 947 034f 29D0     		subl	%edx, %eax
 948 0351 8901     		movl	%eax, (%rcx)
 141:src/Flightlib/vl53l8cx_driver/Core/Src/vl53l8cx/vl53l8cx_plugin_detection_thresholds.c **** 				p_thresholds[i].param_high_thresh *= 65535;
 949              		.loc 1 141 17
 950 0353 0FB655EE 		movzbl	-18(%rbp), %edx
 951 0357 4889D0   		movq	%rdx, %rax
 952 035a 4801C0   		addq	%rax, %rax
 953 035d 4801D0   		addq	%rdx, %rax
 954 0360 48C1E002 		salq	$2, %rax
 955 0364 4889C2   		movq	%rax, %rdx
 956 0367 488B45D0 		movq	-48(%rbp), %rax
 957 036b 4801D0   		addq	%rdx, %rax
 958              		.loc 1 141 20
 959 036e 8B5004   		movl	4(%rax), %edx
 960              		.loc 1 141 17
 961 0371 0FB64DEE 		movzbl	-18(%rbp), %ecx
 962 0375 4889C8   		movq	%rcx, %rax
 963 0378 4801C0   		addq	%rax, %rax
 964 037b 4801C8   		addq	%rcx, %rax
 965 037e 48C1E002 		salq	$2, %rax
 966 0382 4889C1   		movq	%rax, %rcx
 967 0385 488B45D0 		movq	-48(%rbp), %rax
 968 0389 4801C1   		addq	%rax, %rcx
 969              		.loc 1 141 39
 970 038c 89D0     		movl	%edx, %eax
 971 038e C1E010   		sall	$16, %eax
 972 0391 29D0     		subl	%edx, %eax
 973 0393 894104   		movl	%eax, 4(%rcx)
 142:src/Flightlib/vl53l8cx_driver/Core/Src/vl53l8cx/vl53l8cx_plugin_detection_thresholds.c **** 				break;
 974              		.loc 1 142 5
 975 0396 EB01     		jmp	.L32
 976              	.L36:
 143:src/Flightlib/vl53l8cx_driver/Core/Src/vl53l8cx/vl53l8cx_plugin_detection_thresholds.c **** 			default:
 144:src/Flightlib/vl53l8cx_driver/Core/Src/vl53l8cx/vl53l8cx_plugin_detection_thresholds.c **** 				break;
 977              		.loc 1 144 5
 978 0398 90       		nop
 979              	.L32:
 115:src/Flightlib/vl53l8cx_driver/Core/Src/vl53l8cx/vl53l8cx_plugin_detection_thresholds.c **** 	{
 980              		.loc 1 115 52 discriminator 2
 981 0399 0FB645EE 		movzbl	-18(%rbp), %eax
 982 039d 83C001   		addl	$1, %eax
 983 03a0 8845EE   		movb	%al, -18(%rbp)
 984              	.L23:
 115:src/Flightlib/vl53l8cx_driver/Core/Src/vl53l8cx/vl53l8cx_plugin_detection_thresholds.c **** 	{
 985              		.loc 1 115 15 discriminator 1
 986 03a3 807DEE3F 		cmpb	$63, -18(%rbp)
 987 03a7 0F8691FC 		jbe	.L33
 987      FFFF
 145:src/Flightlib/vl53l8cx_driver/Core/Src/vl53l8cx/vl53l8cx_plugin_detection_thresholds.c **** 		}
 146:src/Flightlib/vl53l8cx_driver/Core/Src/vl53l8cx/vl53l8cx_plugin_detection_thresholds.c **** 	}
 147:src/Flightlib/vl53l8cx_driver/Core/Src/vl53l8cx/vl53l8cx_plugin_detection_thresholds.c **** 
 148:src/Flightlib/vl53l8cx_driver/Core/Src/vl53l8cx/vl53l8cx_plugin_detection_thresholds.c **** 	/* Set valid target list */
 149:src/Flightlib/vl53l8cx_driver/Core/Src/vl53l8cx/vl53l8cx_plugin_detection_thresholds.c **** 	status |= vl53l8cx_dci_write_data(p_dev, (uint8_t*)grp_valid_target_cfg,
 988              		.loc 1 149 12
 989 03ad 488D75F0 		leaq	-16(%rbp), %rsi
 990 03b1 488B45D8 		movq	-40(%rbp), %rax
 991 03b5 B9080000 		movl	$8, %ecx
 991      00
 992 03ba BAF0B900 		movl	$47600, %edx
 992      00
 993 03bf 4889C7   		movq	%rax, %rdi
 994 03c2 E8000000 		call	vl53l8cx_dci_write_data@PLT
 994      00
 995              		.loc 1 149 9 discriminator 1
 996 03c7 0845EF   		orb	%al, -17(%rbp)
 150:src/Flightlib/vl53l8cx_driver/Core/Src/vl53l8cx/vl53l8cx_plugin_detection_thresholds.c **** 			VL53L8CX_DCI_DET_THRESH_VALID_STATUS,
 151:src/Flightlib/vl53l8cx_driver/Core/Src/vl53l8cx/vl53l8cx_plugin_detection_thresholds.c **** 			(uint16_t)sizeof(grp_valid_target_cfg));
 152:src/Flightlib/vl53l8cx_driver/Core/Src/vl53l8cx/vl53l8cx_plugin_detection_thresholds.c **** 
 153:src/Flightlib/vl53l8cx_driver/Core/Src/vl53l8cx/vl53l8cx_plugin_detection_thresholds.c **** 	/* Set thresholds configuration */
 154:src/Flightlib/vl53l8cx_driver/Core/Src/vl53l8cx/vl53l8cx_plugin_detection_thresholds.c **** 	status |= vl53l8cx_dci_write_data(p_dev, (uint8_t*)p_thresholds,
 997              		.loc 1 154 12
 998 03ca 488B75D0 		movq	-48(%rbp), %rsi
 999 03ce 488B45D8 		movq	-40(%rbp), %rax
 1000 03d2 B9000300 		movl	$768, %ecx
 1000      00
 1001 03d7 BAE8B600 		movl	$46824, %edx
 1001      00
 1002 03dc 4889C7   		movq	%rax, %rdi
 1003 03df E8000000 		call	vl53l8cx_dci_write_data@PLT
 1003      00
 1004              		.loc 1 154 9 discriminator 1
 1005 03e4 0845EF   		orb	%al, -17(%rbp)
 155:src/Flightlib/vl53l8cx_driver/Core/Src/vl53l8cx/vl53l8cx_plugin_detection_thresholds.c **** 			VL53L8CX_DCI_DET_THRESH_START,
 156:src/Flightlib/vl53l8cx_driver/Core/Src/vl53l8cx/vl53l8cx_plugin_detection_thresholds.c **** 			(uint16_t)(VL53L8CX_NB_THRESHOLDS
 157:src/Flightlib/vl53l8cx_driver/Core/Src/vl53l8cx/vl53l8cx_plugin_detection_thresholds.c **** 			*sizeof(VL53L8CX_DetectionThresholds)));
 158:src/Flightlib/vl53l8cx_driver/Core/Src/vl53l8cx/vl53l8cx_plugin_detection_thresholds.c **** 
 159:src/Flightlib/vl53l8cx_driver/Core/Src/vl53l8cx/vl53l8cx_plugin_detection_thresholds.c **** 	return status;
 1006              		.loc 1 159 9
 1007 03e7 0FB645EF 		movzbl	-17(%rbp), %eax
 160:src/Flightlib/vl53l8cx_driver/Core/Src/vl53l8cx/vl53l8cx_plugin_detection_thresholds.c **** }
 1008              		.loc 1 160 1
 1009 03eb 488B55F8 		movq	-8(%rbp), %rdx
 1010 03ef 64482B14 		subq	%fs:40, %rdx
 1010      25280000 
 1010      00
 1011 03f8 7405     		je	.L35
 1012 03fa E8000000 		call	__stack_chk_fail@PLT
 1012      00
 1013              	.L35:
 1014 03ff C9       		leave
 1015              	.LCFI11:
 1016              		.cfi_def_cfa 7, 8
 1017 0400 C3       		ret
 1018              		.cfi_endproc
 1019              	.LFE3:
 1021              		.section	.text.vl53l8cx_get_detection_thresholds_auto_stop,"ax",@progbits
 1022              		.globl	vl53l8cx_get_detection_thresholds_auto_stop
 1024              	vl53l8cx_get_detection_thresholds_auto_stop:
 1025              	.LFB4:
 161:src/Flightlib/vl53l8cx_driver/Core/Src/vl53l8cx/vl53l8cx_plugin_detection_thresholds.c **** 
 162:src/Flightlib/vl53l8cx_driver/Core/Src/vl53l8cx/vl53l8cx_plugin_detection_thresholds.c **** uint8_t vl53l8cx_get_detection_thresholds_auto_stop(
 163:src/Flightlib/vl53l8cx_driver/Core/Src/vl53l8cx/vl53l8cx_plugin_detection_thresholds.c **** 		VL53L8CX_Configuration		*p_dev,
 164:src/Flightlib/vl53l8cx_driver/Core/Src/vl53l8cx/vl53l8cx_plugin_detection_thresholds.c **** 		uint8_t				*p_auto_stop)
 165:src/Flightlib/vl53l8cx_driver/Core/Src/vl53l8cx/vl53l8cx_plugin_detection_thresholds.c **** {
 1026              		.loc 1 165 1
 1027              		.cfi_startproc
 1028 0000 F30F1EFA 		endbr64
 1029 0004 55       		pushq	%rbp
 1030              	.LCFI12:
 1031              		.cfi_def_cfa_offset 16
 1032              		.cfi_offset 6, -16
 1033 0005 4889E5   		movq	%rsp, %rbp
 1034              	.LCFI13:
 1035              		.cfi_def_cfa_register 6
 1036 0008 4883EC20 		subq	$32, %rsp
 1037 000c 48897DE8 		movq	%rdi, -24(%rbp)
 1038 0010 488975E0 		movq	%rsi, -32(%rbp)
 166:src/Flightlib/vl53l8cx_driver/Core/Src/vl53l8cx/vl53l8cx_plugin_detection_thresholds.c **** 	uint8_t status = VL53L8CX_STATUS_OK;
 1039              		.loc 1 166 10
 1040 0014 C645FF00 		movb	$0, -1(%rbp)
 167:src/Flightlib/vl53l8cx_driver/Core/Src/vl53l8cx/vl53l8cx_plugin_detection_thresholds.c **** 
 168:src/Flightlib/vl53l8cx_driver/Core/Src/vl53l8cx/vl53l8cx_plugin_detection_thresholds.c **** 	status |= vl53l8cx_dci_read_data(p_dev, (uint8_t*)p_dev->temp_buffer,
 1041              		.loc 1 168 52
 1042 0018 488B45E8 		movq	-24(%rbp), %rax
 1043 001c 488DB018 		leaq	1304(%rax), %rsi
 1043      050000
 1044              		.loc 1 168 12
 1045 0023 488B45E8 		movq	-24(%rbp), %rax
 1046 0027 B9040000 		movl	$4, %ecx
 1046      00
 1047 002c BA80DB00 		movl	$56192, %edx
 1047      00
 1048 0031 4889C7   		movq	%rax, %rdi
 1049 0034 E8000000 		call	vl53l8cx_dci_read_data@PLT
 1049      00
 1050              		.loc 1 168 9 discriminator 1
 1051 0039 0845FF   		orb	%al, -1(%rbp)
 169:src/Flightlib/vl53l8cx_driver/Core/Src/vl53l8cx/vl53l8cx_plugin_detection_thresholds.c **** 			VL53L8CX_DCI_PIPE_CONTROL, 4);
 170:src/Flightlib/vl53l8cx_driver/Core/Src/vl53l8cx/vl53l8cx_plugin_detection_thresholds.c **** 	*p_auto_stop = p_dev->temp_buffer[0x3];
 1052              		.loc 1 170 35
 1053 003c 488B45E8 		movq	-24(%rbp), %rax
 1054 0040 0FB6901B 		movzbl	1307(%rax), %edx
 1054      050000
 1055              		.loc 1 170 15
 1056 0047 488B45E0 		movq	-32(%rbp), %rax
 1057 004b 8810     		movb	%dl, (%rax)
 171:src/Flightlib/vl53l8cx_driver/Core/Src/vl53l8cx/vl53l8cx_plugin_detection_thresholds.c **** 
 172:src/Flightlib/vl53l8cx_driver/Core/Src/vl53l8cx/vl53l8cx_plugin_detection_thresholds.c **** 	return status;
 1058              		.loc 1 172 9
 1059 004d 0FB645FF 		movzbl	-1(%rbp), %eax
 173:src/Flightlib/vl53l8cx_driver/Core/Src/vl53l8cx/vl53l8cx_plugin_detection_thresholds.c **** }
 1060              		.loc 1 173 1
 1061 0051 C9       		leave
 1062              	.LCFI14:
 1063              		.cfi_def_cfa 7, 8
 1064 0052 C3       		ret
 1065              		.cfi_endproc
 1066              	.LFE4:
 1068              		.section	.text.vl53l8cx_set_detection_thresholds_auto_stop,"ax",@progbits
 1069              		.globl	vl53l8cx_set_detection_thresholds_auto_stop
 1071              	vl53l8cx_set_detection_thresholds_auto_stop:
 1072              	.LFB5:
 174:src/Flightlib/vl53l8cx_driver/Core/Src/vl53l8cx/vl53l8cx_plugin_detection_thresholds.c **** 
 175:src/Flightlib/vl53l8cx_driver/Core/Src/vl53l8cx/vl53l8cx_plugin_detection_thresholds.c **** uint8_t vl53l8cx_set_detection_thresholds_auto_stop(
 176:src/Flightlib/vl53l8cx_driver/Core/Src/vl53l8cx/vl53l8cx_plugin_detection_thresholds.c **** 		VL53L8CX_Configuration		*p_dev,
 177:src/Flightlib/vl53l8cx_driver/Core/Src/vl53l8cx/vl53l8cx_plugin_detection_thresholds.c **** 		uint8_t				auto_stop)
 178:src/Flightlib/vl53l8cx_driver/Core/Src/vl53l8cx/vl53l8cx_plugin_detection_thresholds.c **** {
 1073              		.loc 1 178 1
 1074              		.cfi_startproc
 1075 0000 F30F1EFA 		endbr64
 1076 0004 55       		pushq	%rbp
 1077              	.LCFI15:
 1078              		.cfi_def_cfa_offset 16
 1079              		.cfi_offset 6, -16
 1080 0005 4889E5   		movq	%rsp, %rbp
 1081              	.LCFI16:
 1082              		.cfi_def_cfa_register 6
 1083 0008 4883EC20 		subq	$32, %rsp
 1084 000c 48897DE8 		movq	%rdi, -24(%rbp)
 1085 0010 89F0     		movl	%esi, %eax
 1086 0012 8845E4   		movb	%al, -28(%rbp)
 179:src/Flightlib/vl53l8cx_driver/Core/Src/vl53l8cx/vl53l8cx_plugin_detection_thresholds.c **** 	uint8_t status = VL53L8CX_STATUS_OK;
 1087              		.loc 1 179 10
 1088 0015 C645FF00 		movb	$0, -1(%rbp)
 180:src/Flightlib/vl53l8cx_driver/Core/Src/vl53l8cx/vl53l8cx_plugin_detection_thresholds.c **** 
 181:src/Flightlib/vl53l8cx_driver/Core/Src/vl53l8cx/vl53l8cx_plugin_detection_thresholds.c **** 	status |= vl53l8cx_dci_replace_data(p_dev, p_dev->temp_buffer,
 1089              		.loc 1 181 50
 1090 0019 488B45E8 		movq	-24(%rbp), %rax
 1091 001d 488DB018 		leaq	1304(%rax), %rsi
 1091      050000
 1092              		.loc 1 181 12
 1093 0024 488D55E4 		leaq	-28(%rbp), %rdx
 1094 0028 488B45E8 		movq	-24(%rbp), %rax
 1095 002c 4883EC08 		subq	$8, %rsp
 1096 0030 6A03     		pushq	$3
 1097 0032 41B90100 		movl	$1, %r9d
 1097      0000
 1098 0038 4989D0   		movq	%rdx, %r8
 1099 003b B9040000 		movl	$4, %ecx
 1099      00
 1100 0040 BA80DB00 		movl	$56192, %edx
 1100      00
 1101 0045 4889C7   		movq	%rax, %rdi
 1102 0048 E8000000 		call	vl53l8cx_dci_replace_data@PLT
 1102      00
 1103 004d 4883C410 		addq	$16, %rsp
 1104              		.loc 1 181 9 discriminator 1
 1105 0051 0845FF   		orb	%al, -1(%rbp)
 182:src/Flightlib/vl53l8cx_driver/Core/Src/vl53l8cx/vl53l8cx_plugin_detection_thresholds.c **** 			VL53L8CX_DCI_PIPE_CONTROL, 4,
 183:src/Flightlib/vl53l8cx_driver/Core/Src/vl53l8cx/vl53l8cx_plugin_detection_thresholds.c **** 	(uint8_t*)&auto_stop, 1, 0x03);
 184:src/Flightlib/vl53l8cx_driver/Core/Src/vl53l8cx/vl53l8cx_plugin_detection_thresholds.c **** 	p_dev->is_auto_stop_enabled = (uint8_t)auto_stop;
 1106              		.loc 1 184 30
 1107 0054 0FB655E4 		movzbl	-28(%rbp), %edx
 1108 0058 488B45E8 		movq	-24(%rbp), %rax
 1109 005c 8890C40A 		movb	%dl, 2756(%rax)
 1109      0000
 185:src/Flightlib/vl53l8cx_driver/Core/Src/vl53l8cx/vl53l8cx_plugin_detection_thresholds.c **** 
 186:src/Flightlib/vl53l8cx_driver/Core/Src/vl53l8cx/vl53l8cx_plugin_detection_thresholds.c **** 	return status;
 1110              		.loc 1 186 9
 1111 0062 0FB645FF 		movzbl	-1(%rbp), %eax
 187:src/Flightlib/vl53l8cx_driver/Core/Src/vl53l8cx/vl53l8cx_plugin_detection_thresholds.c **** }
 1112              		.loc 1 187 1
 1113 0066 C9       		leave
 1114              	.LCFI17:
 1115              		.cfi_def_cfa 7, 8
 1116 0067 C3       		ret
 1117              		.cfi_endproc
 1118              	.LFE5:
 1120              		.text
 1121              	.Letext0:
 1122              		.file 2 "/usr/include/x86_64-linux-gnu/bits/types.h"
 1123              		.file 3 "/usr/include/x86_64-linux-gnu/bits/stdint-intn.h"
 1124              		.file 4 "/usr/include/x86_64-linux-gnu/bits/stdint-uintn.h"
 1125              		.file 5 "src/Flightlib/vl53l8cx_driver/Core/Inc/vl53l8cx/vl53l8cx_platform.h"
 1126              		.file 6 "src/Flightlib/vl53l8cx_driver/Core/Inc/vl53l8cx/vl53l8cx_api.h"
 1127              		.file 7 "src/Flightlib/vl53l8cx_driver/Core/Inc/vl53l8cx/vl53l8cx_plugin_detection_thresholds.h"
 2492              		.section	.note.gnu.property,"a"
 2493              		.align 8
 2494 0000 04000000 		.long	1f - 0f
 2495 0004 10000000 		.long	4f - 1f
 2496 0008 05000000 		.long	5
 2497              	0:
 2498 000c 474E5500 		.string	"GNU"
 2499              	1:
 2500              		.align 8
 2501 0010 020000C0 		.long	0xc0000002
 2502 0014 04000000 		.long	3f - 2f
 2503              	2:
 2504 0018 03000000 		.long	0x3
 2505              	3:
 2506 001c 00000000 		.align 8
 2507              	4:
DEFINED SYMBOLS
                            *ABS*:0000000000000000 vl53l8cx_plugin_detection_thresholds.c
     /tmp/ccgvMcEF.s:8      .text.vl53l8cx_get_detection_thresholds_enable:0000000000000000 vl53l8cx_get_detection_thresholds_enable
     /tmp/ccgvMcEF.s:55     .text.vl53l8cx_set_detection_thresholds_enable:0000000000000000 vl53l8cx_set_detection_thresholds_enable
     /tmp/ccgvMcEF.s:145    .text.vl53l8cx_get_detection_thresholds:0000000000000000 vl53l8cx_get_detection_thresholds
     /tmp/ccgvMcEF.s:601    .text.vl53l8cx_set_detection_thresholds:0000000000000000 vl53l8cx_set_detection_thresholds
     /tmp/ccgvMcEF.s:1024   .text.vl53l8cx_get_detection_thresholds_auto_stop:0000000000000000 vl53l8cx_get_detection_thresholds_auto_stop
     /tmp/ccgvMcEF.s:1071   .text.vl53l8cx_set_detection_thresholds_auto_stop:0000000000000000 vl53l8cx_set_detection_thresholds_auto_stop

UNDEFINED SYMBOLS
vl53l8cx_dci_read_data
vl53l8cx_dci_replace_data
__stack_chk_fail
vl53l8cx_dci_write_data
